Archive member included to satisfy reference by file (symbol)

c:/program files (x86)/atollic/truestudio for stm32 9.3.0/armtools/bin/../lib/gcc/arm-atollic-eabi/6.3.1/../../../../arm-atollic-eabi/lib/armv7e-m/fpu\libc_nano.a(lib_a-init.o)
                              src\startup_stm32f40xx.o (__libc_init_array)
c:/program files (x86)/atollic/truestudio for stm32 9.3.0/armtools/bin/../lib/gcc/arm-atollic-eabi/6.3.1/../../../../arm-atollic-eabi/lib/armv7e-m/fpu\libc_nano.a(lib_a-strlen.o)
                              src\main.o (strlen)
c:/program files (x86)/atollic/truestudio for stm32 9.3.0/armtools/bin/../lib/gcc/arm-atollic-eabi/6.3.1/../../../../arm-atollic-eabi/lib/armv7e-m/fpu\libnosys.a(write.o)
                              src\tiny_printf.o (_write)
c:/program files (x86)/atollic/truestudio for stm32 9.3.0/armtools/bin/../lib/gcc/arm-atollic-eabi/6.3.1/../../../../arm-atollic-eabi/lib/armv7e-m/fpu\libnosys.a(errno.o)
                              c:/program files (x86)/atollic/truestudio for stm32 9.3.0/armtools/bin/../lib/gcc/arm-atollic-eabi/6.3.1/../../../../arm-atollic-eabi/lib/armv7e-m/fpu\libnosys.a(write.o) (errno)

Allocating common symbols
Common symbol       size              file

errno               0x4               c:/program files (x86)/atollic/truestudio for stm32 9.3.0/armtools/bin/../lib/gcc/arm-atollic-eabi/6.3.1/../../../../arm-atollic-eabi/lib/armv7e-m/fpu\libnosys.a(errno.o)

Discarded input sections

 .text          0x00000000        0x0 c:/program files (x86)/atollic/truestudio for stm32 9.3.0/armtools/bin/../lib/gcc/arm-atollic-eabi/6.3.1/armv7e-m/fpu/crti.o
 .data          0x00000000        0x0 c:/program files (x86)/atollic/truestudio for stm32 9.3.0/armtools/bin/../lib/gcc/arm-atollic-eabi/6.3.1/armv7e-m/fpu/crti.o
 .bss           0x00000000        0x0 c:/program files (x86)/atollic/truestudio for stm32 9.3.0/armtools/bin/../lib/gcc/arm-atollic-eabi/6.3.1/armv7e-m/fpu/crti.o
 .data          0x00000000        0x4 c:/program files (x86)/atollic/truestudio for stm32 9.3.0/armtools/bin/../lib/gcc/arm-atollic-eabi/6.3.1/armv7e-m/fpu/crtbegin.o
 .text          0x00000000        0x0 src\GPIO.o
 .data          0x00000000        0x0 src\GPIO.o
 .bss           0x00000000        0x0 src\GPIO.o
 .text.GPIO_RESET
                0x00000000       0x40 src\GPIO.o
 .text.GPIO_ReadInputPin
                0x00000000       0x50 src\GPIO.o
 .text.GPIO_ReadInputPort
                0x00000000       0x2c src\GPIO.o
 .text.GPIO_WriteOutputPort
                0x00000000       0x30 src\GPIO.o
 .text.GPIO_ToggleOutputPin
                0x00000000       0x3c src\GPIO.o
 .text.GPIO_IRQConfig
                0x00000000      0x108 src\GPIO.o
 .text.GPIO_IRQPriorityConfig
                0x00000000       0x5a src\GPIO.o
 .text.GPIO_IRQHandling
                0x00000000       0x40 src\GPIO.o
 .text          0x00000000        0x0 src\GPIO_Lcfg.o
 .data          0x00000000        0x0 src\GPIO_Lcfg.o
 .bss           0x00000000        0x0 src\GPIO_Lcfg.o
 .text          0x00000000        0x0 src\RCC_Driver.o
 .data          0x00000000        0x0 src\RCC_Driver.o
 .bss           0x00000000        0x0 src\RCC_Driver.o
 .text          0x00000000        0x0 src\UART_Driver.o
 .data          0x00000000        0x0 src\UART_Driver.o
 .bss           0x00000000        0x0 src\UART_Driver.o
 .text.USART_SendDataIT
                0x00000000       0x5c src\UART_Driver.o
 .text.USART_ReceiveDataIT
                0x00000000       0x50 src\UART_Driver.o
 .text          0x00000000        0x0 src\UART_Lcfg.o
 .data          0x00000000        0x0 src\UART_Lcfg.o
 .bss           0x00000000        0x0 src\UART_Lcfg.o
 .text          0x00000000        0x0 src\main.o
 .data          0x00000000        0x0 src\main.o
 .bss           0x00000000        0x0 src\main.o
 .text          0x00000000       0x14 src\startup_stm32f40xx.o
 .data          0x00000000        0x0 src\startup_stm32f40xx.o
 .bss           0x00000000        0x0 src\startup_stm32f40xx.o
 .text          0x00000000        0x0 src\stm32f4xx_it.o
 .data          0x00000000        0x0 src\stm32f4xx_it.o
 .bss           0x00000000        0x0 src\stm32f4xx_it.o
 .text          0x00000000        0x0 src\system_stm32f4xx.o
 .data          0x00000000        0x0 src\system_stm32f4xx.o
 .bss           0x00000000        0x0 src\system_stm32f4xx.o
 .data.SystemCoreClock
                0x00000000        0x4 src\system_stm32f4xx.o
 .data.AHBPrescTable
                0x00000000       0x10 src\system_stm32f4xx.o
 .text.SystemCoreClockUpdate
                0x00000000       0xf8 src\system_stm32f4xx.o
 .text          0x00000000        0x0 src\tiny_printf.o
 .data          0x00000000        0x0 src\tiny_printf.o
 .bss           0x00000000        0x0 src\tiny_printf.o
 .text.ts_itoa  0x00000000       0x92 src\tiny_printf.o
 .text.ts_formatstring
                0x00000000      0x12e src\tiny_printf.o
 .text.ts_formatlength
                0x00000000      0x12c src\tiny_printf.o
 .text.siprintf
                0x00000000       0x2c src\tiny_printf.o
 .text.fiprintf
                0x00000000       0x9a src\tiny_printf.o
 .text.iprintf  0x00000000       0x92 src\tiny_printf.o
 .rodata        0x00000000        0x2 src\tiny_printf.o
 .text.fputs    0x00000000       0x68 src\tiny_printf.o
 .text.puts     0x00000000       0x58 src\tiny_printf.o
 .text.fwrite   0x00000000       0x38 src\tiny_printf.o
 .debug_info    0x00000000      0xc78 src\tiny_printf.o
 .debug_abbrev  0x00000000      0x262 src\tiny_printf.o
 .debug_aranges
                0x00000000       0x60 src\tiny_printf.o
 .debug_ranges  0x00000000       0x50 src\tiny_printf.o
 .debug_line    0x00000000      0x2bf src\tiny_printf.o
 .debug_str     0x00000000      0x69f src\tiny_printf.o
 .comment       0x00000000       0x7d src\tiny_printf.o
 .debug_frame   0x00000000      0x1bc src\tiny_printf.o
 .ARM.attributes
                0x00000000       0x39 src\tiny_printf.o
 .text          0x00000000        0x0 c:/program files (x86)/atollic/truestudio for stm32 9.3.0/armtools/bin/../lib/gcc/arm-atollic-eabi/6.3.1/../../../../arm-atollic-eabi/lib/armv7e-m/fpu\libc_nano.a(lib_a-init.o)
 .data          0x00000000        0x0 c:/program files (x86)/atollic/truestudio for stm32 9.3.0/armtools/bin/../lib/gcc/arm-atollic-eabi/6.3.1/../../../../arm-atollic-eabi/lib/armv7e-m/fpu\libc_nano.a(lib_a-init.o)
 .bss           0x00000000        0x0 c:/program files (x86)/atollic/truestudio for stm32 9.3.0/armtools/bin/../lib/gcc/arm-atollic-eabi/6.3.1/../../../../arm-atollic-eabi/lib/armv7e-m/fpu\libc_nano.a(lib_a-init.o)
 .data          0x00000000        0x0 c:/program files (x86)/atollic/truestudio for stm32 9.3.0/armtools/bin/../lib/gcc/arm-atollic-eabi/6.3.1/../../../../arm-atollic-eabi/lib/armv7e-m/fpu\libc_nano.a(lib_a-strlen.o)
 .bss           0x00000000        0x0 c:/program files (x86)/atollic/truestudio for stm32 9.3.0/armtools/bin/../lib/gcc/arm-atollic-eabi/6.3.1/../../../../arm-atollic-eabi/lib/armv7e-m/fpu\libc_nano.a(lib_a-strlen.o)
 .text          0x00000000        0x0 c:/program files (x86)/atollic/truestudio for stm32 9.3.0/armtools/bin/../lib/gcc/arm-atollic-eabi/6.3.1/../../../../arm-atollic-eabi/lib/armv7e-m/fpu\libnosys.a(write.o)
 .data          0x00000000        0x0 c:/program files (x86)/atollic/truestudio for stm32 9.3.0/armtools/bin/../lib/gcc/arm-atollic-eabi/6.3.1/../../../../arm-atollic-eabi/lib/armv7e-m/fpu\libnosys.a(write.o)
 .bss           0x00000000        0x0 c:/program files (x86)/atollic/truestudio for stm32 9.3.0/armtools/bin/../lib/gcc/arm-atollic-eabi/6.3.1/../../../../arm-atollic-eabi/lib/armv7e-m/fpu\libnosys.a(write.o)
 .stab          0x00000000       0x24 c:/program files (x86)/atollic/truestudio for stm32 9.3.0/armtools/bin/../lib/gcc/arm-atollic-eabi/6.3.1/../../../../arm-atollic-eabi/lib/armv7e-m/fpu\libnosys.a(write.o)
 .text._write   0x00000000       0x10 c:/program files (x86)/atollic/truestudio for stm32 9.3.0/armtools/bin/../lib/gcc/arm-atollic-eabi/6.3.1/../../../../arm-atollic-eabi/lib/armv7e-m/fpu\libnosys.a(write.o)
 .debug_frame   0x00000000       0x20 c:/program files (x86)/atollic/truestudio for stm32 9.3.0/armtools/bin/../lib/gcc/arm-atollic-eabi/6.3.1/../../../../arm-atollic-eabi/lib/armv7e-m/fpu\libnosys.a(write.o)
 .ARM.attributes
                0x00000000       0x34 c:/program files (x86)/atollic/truestudio for stm32 9.3.0/armtools/bin/../lib/gcc/arm-atollic-eabi/6.3.1/../../../../arm-atollic-eabi/lib/armv7e-m/fpu\libnosys.a(write.o)
 .text          0x00000000        0x0 c:/program files (x86)/atollic/truestudio for stm32 9.3.0/armtools/bin/../lib/gcc/arm-atollic-eabi/6.3.1/../../../../arm-atollic-eabi/lib/armv7e-m/fpu\libnosys.a(errno.o)
 .data          0x00000000        0x0 c:/program files (x86)/atollic/truestudio for stm32 9.3.0/armtools/bin/../lib/gcc/arm-atollic-eabi/6.3.1/../../../../arm-atollic-eabi/lib/armv7e-m/fpu\libnosys.a(errno.o)
 .bss           0x00000000        0x0 c:/program files (x86)/atollic/truestudio for stm32 9.3.0/armtools/bin/../lib/gcc/arm-atollic-eabi/6.3.1/../../../../arm-atollic-eabi/lib/armv7e-m/fpu\libnosys.a(errno.o)
 .ARM.attributes
                0x00000000       0x34 c:/program files (x86)/atollic/truestudio for stm32 9.3.0/armtools/bin/../lib/gcc/arm-atollic-eabi/6.3.1/../../../../arm-atollic-eabi/lib/armv7e-m/fpu\libnosys.a(errno.o)
 COMMON         0x00000000        0x4 c:/program files (x86)/atollic/truestudio for stm32 9.3.0/armtools/bin/../lib/gcc/arm-atollic-eabi/6.3.1/../../../../arm-atollic-eabi/lib/armv7e-m/fpu\libnosys.a(errno.o)
 .text          0x00000000        0x0 c:/program files (x86)/atollic/truestudio for stm32 9.3.0/armtools/bin/../lib/gcc/arm-atollic-eabi/6.3.1/armv7e-m/fpu/crtend.o
 .data          0x00000000        0x0 c:/program files (x86)/atollic/truestudio for stm32 9.3.0/armtools/bin/../lib/gcc/arm-atollic-eabi/6.3.1/armv7e-m/fpu/crtend.o
 .bss           0x00000000        0x0 c:/program files (x86)/atollic/truestudio for stm32 9.3.0/armtools/bin/../lib/gcc/arm-atollic-eabi/6.3.1/armv7e-m/fpu/crtend.o
 .eh_frame      0x00000000        0x4 c:/program files (x86)/atollic/truestudio for stm32 9.3.0/armtools/bin/../lib/gcc/arm-atollic-eabi/6.3.1/armv7e-m/fpu/crtend.o
 .ARM.attributes
                0x00000000       0x34 c:/program files (x86)/atollic/truestudio for stm32 9.3.0/armtools/bin/../lib/gcc/arm-atollic-eabi/6.3.1/armv7e-m/fpu/crtend.o
 .text          0x00000000        0x0 c:/program files (x86)/atollic/truestudio for stm32 9.3.0/armtools/bin/../lib/gcc/arm-atollic-eabi/6.3.1/armv7e-m/fpu/crtn.o
 .data          0x00000000        0x0 c:/program files (x86)/atollic/truestudio for stm32 9.3.0/armtools/bin/../lib/gcc/arm-atollic-eabi/6.3.1/armv7e-m/fpu/crtn.o
 .bss           0x00000000        0x0 c:/program files (x86)/atollic/truestudio for stm32 9.3.0/armtools/bin/../lib/gcc/arm-atollic-eabi/6.3.1/armv7e-m/fpu/crtn.o

Memory Configuration

Name             Origin             Length             Attributes
FLASH            0x08000000         0x00100000         xr
RAM              0x20000000         0x00020000         xrw
MEMORY_B1        0x60000000         0x00000000         xr
CCMRAM           0x10000000         0x00010000         rw
*default*        0x00000000         0xffffffff

Linker script and memory map

LOAD c:/program files (x86)/atollic/truestudio for stm32 9.3.0/armtools/bin/../lib/gcc/arm-atollic-eabi/6.3.1/armv7e-m/fpu/crti.o
LOAD c:/program files (x86)/atollic/truestudio for stm32 9.3.0/armtools/bin/../lib/gcc/arm-atollic-eabi/6.3.1/armv7e-m/fpu/crtbegin.o
LOAD src\GPIO.o
LOAD src\GPIO_Lcfg.o
LOAD src\RCC_Driver.o
LOAD src\UART_Driver.o
LOAD src\UART_Lcfg.o
LOAD src\main.o
LOAD src\startup_stm32f40xx.o
LOAD src\stm32f4xx_it.o
LOAD src\system_stm32f4xx.o
LOAD src\tiny_printf.o
                0x00000080                malloc_getpagesize_P = 0x80
START GROUP
LOAD c:/program files (x86)/atollic/truestudio for stm32 9.3.0/armtools/bin/../lib/gcc/arm-atollic-eabi/6.3.1/../../../../arm-atollic-eabi/lib/armv7e-m/fpu\libc_nano.a
LOAD c:/program files (x86)/atollic/truestudio for stm32 9.3.0/armtools/bin/../lib/gcc/arm-atollic-eabi/6.3.1/../../../../arm-atollic-eabi/lib/armv7e-m/fpu\libm.a
END GROUP
START GROUP
LOAD c:/program files (x86)/atollic/truestudio for stm32 9.3.0/armtools/bin/../lib/gcc/arm-atollic-eabi/6.3.1/armv7e-m/fpu\libgcc.a
LOAD c:/program files (x86)/atollic/truestudio for stm32 9.3.0/armtools/bin/../lib/gcc/arm-atollic-eabi/6.3.1/../../../../arm-atollic-eabi/lib/armv7e-m/fpu\libc_nano.a
END GROUP
START GROUP
LOAD c:/program files (x86)/atollic/truestudio for stm32 9.3.0/armtools/bin/../lib/gcc/arm-atollic-eabi/6.3.1/armv7e-m/fpu\libgcc.a
LOAD c:/program files (x86)/atollic/truestudio for stm32 9.3.0/armtools/bin/../lib/gcc/arm-atollic-eabi/6.3.1/../../../../arm-atollic-eabi/lib/armv7e-m/fpu\libc_nano.a
LOAD c:/program files (x86)/atollic/truestudio for stm32 9.3.0/armtools/bin/../lib/gcc/arm-atollic-eabi/6.3.1/../../../../arm-atollic-eabi/lib/armv7e-m/fpu\libnosys.a
END GROUP
START GROUP
LOAD c:/program files (x86)/atollic/truestudio for stm32 9.3.0/armtools/bin/../lib/gcc/arm-atollic-eabi/6.3.1/armv7e-m/fpu\libgcc.a
LOAD c:/program files (x86)/atollic/truestudio for stm32 9.3.0/armtools/bin/../lib/gcc/arm-atollic-eabi/6.3.1/../../../../arm-atollic-eabi/lib/armv7e-m/fpu\libc_nano.a
LOAD c:/program files (x86)/atollic/truestudio for stm32 9.3.0/armtools/bin/../lib/gcc/arm-atollic-eabi/6.3.1/../../../../arm-atollic-eabi/lib/armv7e-m/fpu\libnosys.a
END GROUP
LOAD c:/program files (x86)/atollic/truestudio for stm32 9.3.0/armtools/bin/../lib/gcc/arm-atollic-eabi/6.3.1/armv7e-m/fpu/crtend.o
LOAD c:/program files (x86)/atollic/truestudio for stm32 9.3.0/armtools/bin/../lib/gcc/arm-atollic-eabi/6.3.1/armv7e-m/fpu/crtn.o
                0x20020000                _estack = 0x20020000
                0x00000000                _Min_Heap_Size = 0x0
                0x00000400                _Min_Stack_Size = 0x400

.isr_vector     0x08000000      0x188
                0x08000000                . = ALIGN (0x4)
 *(.isr_vector)
 .isr_vector    0x08000000      0x188 src\startup_stm32f40xx.o
                0x08000000                g_pfnVectors
                0x08000188                . = ALIGN (0x4)

.text           0x08000188     0x10ac
                0x08000188                . = ALIGN (0x4)
 *(.text)
 .text          0x08000188       0x40 c:/program files (x86)/atollic/truestudio for stm32 9.3.0/armtools/bin/../lib/gcc/arm-atollic-eabi/6.3.1/armv7e-m/fpu/crtbegin.o
 .text          0x080001c8       0x10 c:/program files (x86)/atollic/truestudio for stm32 9.3.0/armtools/bin/../lib/gcc/arm-atollic-eabi/6.3.1/../../../../arm-atollic-eabi/lib/armv7e-m/fpu\libc_nano.a(lib_a-strlen.o)
                0x080001c8                strlen
 *(.text*)
 .text.GPIO_PeriClockControl
                0x080001d8       0x40 src\GPIO.o
 .text.GPIO_Init
                0x08000218      0x39c src\GPIO.o
                0x08000218                GPIO_Init
 .text.GPIO_WriteOutputPin
                0x080005b4       0x70 src\GPIO.o
                0x080005b4                GPIO_WriteOutputPin
 .text.RCC_GetPCLK1Value
                0x08000624       0xb0 src\RCC_Driver.o
                0x08000624                RCC_GetPCLK1Value
 .text.RCC_GetPCLK2Value
                0x080006d4       0xa0 src\RCC_Driver.o
                0x080006d4                RCC_GetPCLK2Value
 .text.RCC_GetPLLOutputClock
                0x08000774       0x9c src\RCC_Driver.o
                0x08000774                RCC_GetPLLOutputClock
 .text.USART_PeripheralControl
                0x08000810       0x48 src\UART_Driver.o
 .text.USART_PeriClockControl
                0x08000858       0x94 src\UART_Driver.o
 .text.USART_GetFlagStatus
                0x080008ec       0x44 src\UART_Driver.o
 .text.USART_SetBaudRate
                0x08000930       0xf4 src\UART_Driver.o
                0x08000930                USART_SetBaudRate
 .text.USART_Init
                0x08000a24      0x1ec src\UART_Driver.o
                0x08000a24                USART_Init
 .text.USART_SendDataRequest
                0x08000c10       0x44 src\UART_Driver.o
                0x08000c10                USART_SendDataRequest
 .text.TransmitDoneFeedback
                0x08000c54      0x13c src\UART_Driver.o
                0x08000c54                TransmitDoneFeedback
 .text.USART_ReceiveDataRequest
                0x08000d90       0x44 src\UART_Driver.o
                0x08000d90                USART_ReceiveDataRequest
 .text.ReceiveDoneFeedback
                0x08000dd4      0x178 src\UART_Driver.o
                0x08000dd4                ReceiveDoneFeedback
 .text.main     0x08000f4c       0x74 src\main.o
                0x08000f4c                main
 .text.Reset_Handler
                0x08000fc0       0x50 src\startup_stm32f40xx.o
                0x08000fc0                Reset_Handler
 .text.Default_Handler
                0x08001010        0x2 src\startup_stm32f40xx.o
                0x08001010                RTC_Alarm_IRQHandler
                0x08001010                HASH_RNG_IRQHandler
                0x08001010                EXTI2_IRQHandler
                0x08001010                TIM8_CC_IRQHandler
                0x08001010                TIM1_CC_IRQHandler
                0x08001010                DMA2_Stream5_IRQHandler
                0x08001010                DMA1_Stream5_IRQHandler
                0x08001010                PVD_IRQHandler
                0x08001010                SDIO_IRQHandler
                0x08001010                TAMP_STAMP_IRQHandler
                0x08001010                CAN2_RX1_IRQHandler
                0x08001010                EXTI3_IRQHandler
                0x08001010                TIM8_TRG_COM_TIM14_IRQHandler
                0x08001010                TIM1_UP_TIM10_IRQHandler
                0x08001010                TIM8_UP_TIM13_IRQHandler
                0x08001010                I2C3_ER_IRQHandler
                0x08001010                EXTI0_IRQHandler
                0x08001010                I2C2_EV_IRQHandler
                0x08001010                DMA1_Stream2_IRQHandler
                0x08001010                CAN1_RX0_IRQHandler
                0x08001010                FPU_IRQHandler
                0x08001010                OTG_HS_WKUP_IRQHandler
                0x08001010                CAN2_SCE_IRQHandler
                0x08001010                DMA2_Stream2_IRQHandler
                0x08001010                SPI1_IRQHandler
                0x08001010                TIM6_DAC_IRQHandler
                0x08001010                TIM1_BRK_TIM9_IRQHandler
                0x08001010                DCMI_IRQHandler
                0x08001010                CAN2_RX0_IRQHandler
                0x08001010                DMA2_Stream3_IRQHandler
                0x08001010                USART6_IRQHandler
                0x08001010                USART3_IRQHandler
                0x08001010                CRYP_IRQHandler
                0x08001010                CAN1_RX1_IRQHandler
                0x08001010                UART5_IRQHandler
                0x08001010                DMA2_Stream0_IRQHandler
                0x08001010                TIM4_IRQHandler
                0x08001010                I2C1_EV_IRQHandler
                0x08001010                DMA1_Stream6_IRQHandler
                0x08001010                DMA1_Stream1_IRQHandler
                0x08001010                UART4_IRQHandler
                0x08001010                TIM3_IRQHandler
                0x08001010                RCC_IRQHandler
                0x08001010                TIM8_BRK_TIM12_IRQHandler
                0x08001010                Default_Handler
                0x08001010                EXTI15_10_IRQHandler
                0x08001010                ADC_IRQHandler
                0x08001010                DMA1_Stream7_IRQHandler
                0x08001010                TIM7_IRQHandler
                0x08001010                CAN2_TX_IRQHandler
                0x08001010                TIM5_IRQHandler
                0x08001010                DMA2_Stream7_IRQHandler
                0x08001010                I2C3_EV_IRQHandler
                0x08001010                EXTI9_5_IRQHandler
                0x08001010                RTC_WKUP_IRQHandler
                0x08001010                ETH_WKUP_IRQHandler
                0x08001010                SPI2_IRQHandler
                0x08001010                OTG_HS_EP1_IN_IRQHandler
                0x08001010                DMA1_Stream0_IRQHandler
                0x08001010                CAN1_TX_IRQHandler
                0x08001010                EXTI4_IRQHandler
                0x08001010                FSMC_IRQHandler
                0x08001010                ETH_IRQHandler
                0x08001010                OTG_HS_EP1_OUT_IRQHandler
                0x08001010                WWDG_IRQHandler
                0x08001010                TIM2_IRQHandler
                0x08001010                OTG_FS_WKUP_IRQHandler
                0x08001010                TIM1_TRG_COM_TIM11_IRQHandler
                0x08001010                OTG_HS_IRQHandler
                0x08001010                EXTI1_IRQHandler
                0x08001010                USART2_IRQHandler
                0x08001010                I2C2_ER_IRQHandler
                0x08001010                DMA2_Stream1_IRQHandler
                0x08001010                CAN1_SCE_IRQHandler
                0x08001010                FLASH_IRQHandler
                0x08001010                DMA2_Stream4_IRQHandler
                0x08001010                USART1_IRQHandler
                0x08001010                OTG_FS_IRQHandler
                0x08001010                SPI3_IRQHandler
                0x08001010                DMA1_Stream4_IRQHandler
                0x08001010                I2C1_ER_IRQHandler
                0x08001010                DMA2_Stream6_IRQHandler
                0x08001010                DMA1_Stream3_IRQHandler
 .text.NMI_Handler
                0x08001012        0xe src\stm32f4xx_it.o
                0x08001012                NMI_Handler
 .text.HardFault_Handler
                0x08001020        0x6 src\stm32f4xx_it.o
                0x08001020                HardFault_Handler
 .text.MemManage_Handler
                0x08001026        0x6 src\stm32f4xx_it.o
                0x08001026                MemManage_Handler
 .text.BusFault_Handler
                0x0800102c        0x6 src\stm32f4xx_it.o
                0x0800102c                BusFault_Handler
 .text.UsageFault_Handler
                0x08001032        0x6 src\stm32f4xx_it.o
                0x08001032                UsageFault_Handler
 .text.SVC_Handler
                0x08001038        0xe src\stm32f4xx_it.o
                0x08001038                SVC_Handler
 .text.DebugMon_Handler
                0x08001046        0xe src\stm32f4xx_it.o
                0x08001046                DebugMon_Handler
 .text.PendSV_Handler
                0x08001054        0xe src\stm32f4xx_it.o
                0x08001054                PendSV_Handler
 .text.SysTick_Handler
                0x08001062        0xe src\stm32f4xx_it.o
                0x08001062                SysTick_Handler
 .text.SystemInit
                0x08001070       0x6c src\system_stm32f4xx.o
                0x08001070                SystemInit
 .text.SetSysClock
                0x080010dc       0xf8 src\system_stm32f4xx.o
 .text.__libc_init_array
                0x080011d4       0x48 c:/program files (x86)/atollic/truestudio for stm32 9.3.0/armtools/bin/../lib/gcc/arm-atollic-eabi/6.3.1/../../../../arm-atollic-eabi/lib/armv7e-m/fpu\libc_nano.a(lib_a-init.o)
                0x080011d4                __libc_init_array
 *(.glue_7)
 .glue_7        0x0800121c        0x0 linker stubs
 *(.glue_7t)
 .glue_7t       0x0800121c        0x0 linker stubs
 *(.eh_frame)
 .eh_frame      0x0800121c        0x0 c:/program files (x86)/atollic/truestudio for stm32 9.3.0/armtools/bin/../lib/gcc/arm-atollic-eabi/6.3.1/armv7e-m/fpu/crtbegin.o
 *(.init)
 .init          0x0800121c        0x4 c:/program files (x86)/atollic/truestudio for stm32 9.3.0/armtools/bin/../lib/gcc/arm-atollic-eabi/6.3.1/armv7e-m/fpu/crti.o
                0x0800121c                _init
 .init          0x08001220        0x8 c:/program files (x86)/atollic/truestudio for stm32 9.3.0/armtools/bin/../lib/gcc/arm-atollic-eabi/6.3.1/armv7e-m/fpu/crtn.o
 *(.fini)
 .fini          0x08001228        0x4 c:/program files (x86)/atollic/truestudio for stm32 9.3.0/armtools/bin/../lib/gcc/arm-atollic-eabi/6.3.1/armv7e-m/fpu/crti.o
                0x08001228                _fini
 .fini          0x0800122c        0x8 c:/program files (x86)/atollic/truestudio for stm32 9.3.0/armtools/bin/../lib/gcc/arm-atollic-eabi/6.3.1/armv7e-m/fpu/crtn.o
                0x08001234                . = ALIGN (0x4)
                0x08001234                _etext = .

.vfp11_veneer   0x08001234        0x0
 .vfp11_veneer  0x08001234        0x0 linker stubs

.v4_bx          0x08001234        0x0
 .v4_bx         0x08001234        0x0 linker stubs

.iplt           0x08001234        0x0
 .iplt          0x08001234        0x0 c:/program files (x86)/atollic/truestudio for stm32 9.3.0/armtools/bin/../lib/gcc/arm-atollic-eabi/6.3.1/armv7e-m/fpu/crtbegin.o

.rel.dyn        0x08001234        0x0
 .rel.iplt      0x08001234        0x0 c:/program files (x86)/atollic/truestudio for stm32 9.3.0/armtools/bin/../lib/gcc/arm-atollic-eabi/6.3.1/armv7e-m/fpu/crtbegin.o

.rodata         0x08001234        0x0
                0x08001234                . = ALIGN (0x4)
 *(.rodata)
 *(.rodata*)
                0x08001234                . = ALIGN (0x4)

.ARM.extab
 *(.ARM.extab* .gnu.linkonce.armextab.*)

.ARM            0x08001234        0x0
                0x08001234                __exidx_start = .
 *(.ARM.exidx*)
                0x08001234                __exidx_end = .

.preinit_array  0x08001234        0x0
                0x08001234                PROVIDE (__preinit_array_start, .)
 *(.preinit_array*)
                0x08001234                PROVIDE (__preinit_array_end, .)

.init_array     0x08001234        0x4
                0x08001234                PROVIDE (__init_array_start, .)
 *(SORT(.init_array.*))
 *(.init_array*)
 .init_array    0x08001234        0x4 c:/program files (x86)/atollic/truestudio for stm32 9.3.0/armtools/bin/../lib/gcc/arm-atollic-eabi/6.3.1/armv7e-m/fpu/crtbegin.o
                0x08001238                PROVIDE (__init_array_end, .)

.fini_array     0x08001238        0x4
                [!provide]                PROVIDE (__fini_array_start, .)
 *(SORT(.fini_array.*))
 *(.fini_array*)
 .fini_array    0x08001238        0x4 c:/program files (x86)/atollic/truestudio for stm32 9.3.0/armtools/bin/../lib/gcc/arm-atollic-eabi/6.3.1/armv7e-m/fpu/crtbegin.o
                [!provide]                PROVIDE (__fini_array_end, .)
                0x0800123c                _sidata = LOADADDR (.data)

.data           0x20000000       0x80 load address 0x0800123c
                0x20000000                . = ALIGN (0x4)
                0x20000000                _sdata = .
 *(.data)
 *(.data*)
 .data.GPIO_Arr
                0x20000000       0x24 src\GPIO.o
                0x20000000                GPIO_Arr
 .data.GPIO_PinConfigArray
                0x20000024       0x18 src\GPIO_Lcfg.o
                0x20000024                GPIO_PinConfigArray
 .data.AHB_PreScaler
                0x2000003c       0x10 src\RCC_Driver.o
                0x2000003c                AHB_PreScaler
 .data.APB1_PreScaler
                0x2000004c        0x4 src\RCC_Driver.o
                0x2000004c                APB1_PreScaler
 .data.USART_Arr
                0x20000050       0x18 src\UART_Driver.o
                0x20000050                USART_Arr
 .data.UART_ConfigArray
                0x20000068        0xc src\UART_Lcfg.o
                0x20000068                UART_ConfigArray
 .data.msg      0x20000074        0x9 src\main.o
                0x20000074                msg
                0x20000080                . = ALIGN (0x4)
 *fill*         0x2000007d        0x3 
                0x20000080                _edata = .
                0x080012bc                _siccmram = LOADADDR (.ccmram)

.igot.plt       0x20000080        0x0 load address 0x080012bc
 .igot.plt      0x20000080        0x0 c:/program files (x86)/atollic/truestudio for stm32 9.3.0/armtools/bin/../lib/gcc/arm-atollic-eabi/6.3.1/armv7e-m/fpu/crtbegin.o

.ccmram         0x10000000        0x0 load address 0x080012bc
                0x10000000                . = ALIGN (0x4)
                0x10000000                _sccmram = .
 *(.ccmram)
 *(.ccmram*)
                0x10000000                . = ALIGN (0x4)
                0x10000000                _eccmram = .
                0x10000000                . = ALIGN (0x4)

.bss            0x20000080       0x5c
                0x20000080                _sbss = .
                0x20000080                __bss_start__ = _sbss
 *(.bss)
 .bss           0x20000080       0x1c c:/program files (x86)/atollic/truestudio for stm32 9.3.0/armtools/bin/../lib/gcc/arm-atollic-eabi/6.3.1/armv7e-m/fpu/crtbegin.o
 *(.bss*)
 .bss.gUSART_ID
                0x2000009c        0x1 src\UART_Driver.o
 *fill*         0x2000009d        0x3 
 .bss.Global_pTxData
                0x200000a0        0x4 src\UART_Driver.o
 .bss.Global_Len
                0x200000a4        0x4 src\UART_Driver.o
 .bss.TransmitRequest
                0x200000a8        0x1 src\UART_Driver.o
 .bss.MemState  0x200000a9        0x1 src\UART_Driver.o
 .bss.gUSART_ID_R
                0x200000aa        0x1 src\UART_Driver.o
 *fill*         0x200000ab        0x1 
 .bss.Global_pRxData
                0x200000ac        0x4 src\UART_Driver.o
 .bss.ReceivetRequest
                0x200000b0        0x1 src\UART_Driver.o
 *fill*         0x200000b1        0x3 
 .bss.Global_LenR
                0x200000b4        0x4 src\UART_Driver.o
 .bss.MemState_R
                0x200000b8        0x1 src\UART_Driver.o
 *fill*         0x200000b9        0x3 
 .bss.Local_pUSARTx.5527
                0x200000bc        0x4 src\UART_Driver.o
 .bss.pTxBuffer.5528
                0x200000c0        0x4 src\UART_Driver.o
 .bss.TX_Counter.5529
                0x200000c4        0x4 src\UART_Driver.o
 .bss.Local_pUSARTx.5542
                0x200000c8        0x4 src\UART_Driver.o
 .bss.RX_Counter.5544
                0x200000cc        0x4 src\UART_Driver.o
 .bss.msgg      0x200000d0        0xa src\main.o
                0x200000d0                msgg
 *(COMMON)
                0x200000dc                . = ALIGN (0x4)
 *fill*         0x200000da        0x2 
                0x200000dc                _ebss = .
                0x200000dc                __bss_end__ = _ebss

._user_heap_stack
                0x200000dc      0x400
                0x200000dc                . = ALIGN (0x4)
                [!provide]                PROVIDE (end, .)
                [!provide]                PROVIDE (_end, .)
                0x200000dc                . = (. + _Min_Heap_Size)
                0x200004dc                . = (. + _Min_Stack_Size)
 *fill*         0x200000dc      0x400 
                0x200004dc                . = ALIGN (0x4)

.memory_b1_text
 *(.mb1text)
 *(.mb1text*)
 *(.mb1rodata)
 *(.mb1rodata*)

/DISCARD/
 libc.a(*)
 libm.a(*)
 libgcc.a(*)

.ARM.attributes
                0x00000000       0x30
 *(.ARM.attributes)
 .ARM.attributes
                0x00000000       0x22 c:/program files (x86)/atollic/truestudio for stm32 9.3.0/armtools/bin/../lib/gcc/arm-atollic-eabi/6.3.1/armv7e-m/fpu/crti.o
 .ARM.attributes
                0x00000022       0x34 c:/program files (x86)/atollic/truestudio for stm32 9.3.0/armtools/bin/../lib/gcc/arm-atollic-eabi/6.3.1/armv7e-m/fpu/crtbegin.o
 .ARM.attributes
                0x00000056       0x39 src\GPIO.o
 .ARM.attributes
                0x0000008f       0x39 src\GPIO_Lcfg.o
 .ARM.attributes
                0x000000c8       0x39 src\RCC_Driver.o
 .ARM.attributes
                0x00000101       0x39 src\UART_Driver.o
 .ARM.attributes
                0x0000013a       0x39 src\UART_Lcfg.o
 .ARM.attributes
                0x00000173       0x39 src\main.o
 .ARM.attributes
                0x000001ac       0x21 src\startup_stm32f40xx.o
 .ARM.attributes
                0x000001cd       0x39 src\stm32f4xx_it.o
 .ARM.attributes
                0x00000206       0x39 src\system_stm32f4xx.o
 .ARM.attributes
                0x0000023f       0x34 c:/program files (x86)/atollic/truestudio for stm32 9.3.0/armtools/bin/../lib/gcc/arm-atollic-eabi/6.3.1/../../../../arm-atollic-eabi/lib/armv7e-m/fpu\libc_nano.a(lib_a-init.o)
 .ARM.attributes
                0x00000273       0x1b c:/program files (x86)/atollic/truestudio for stm32 9.3.0/armtools/bin/../lib/gcc/arm-atollic-eabi/6.3.1/../../../../arm-atollic-eabi/lib/armv7e-m/fpu\libc_nano.a(lib_a-strlen.o)
 .ARM.attributes
                0x0000028e       0x22 c:/program files (x86)/atollic/truestudio for stm32 9.3.0/armtools/bin/../lib/gcc/arm-atollic-eabi/6.3.1/armv7e-m/fpu/crtn.o
OUTPUT(Driver_Optimized_TG2.elf elf32-littlearm)

.debug_info     0x00000000     0x2098
 .debug_info    0x00000000      0x7af src\GPIO.o
 .debug_info    0x000007af      0x105 src\GPIO_Lcfg.o
 .debug_info    0x000008b4      0x3cd src\RCC_Driver.o
 .debug_info    0x00000c81      0x8d6 src\UART_Driver.o
 .debug_info    0x00001557      0x127 src\UART_Lcfg.o
 .debug_info    0x0000167e      0x25c src\main.o
 .debug_info    0x000018da       0x8d src\startup_stm32f40xx.o
 .debug_info    0x00001967      0x154 src\stm32f4xx_it.o
 .debug_info    0x00001abb      0x5dd src\system_stm32f4xx.o

.debug_abbrev   0x00000000      0x894
 .debug_abbrev  0x00000000      0x1c6 src\GPIO.o
 .debug_abbrev  0x000001c6       0x7f src\GPIO_Lcfg.o
 .debug_abbrev  0x00000245       0xe0 src\RCC_Driver.o
 .debug_abbrev  0x00000325      0x207 src\UART_Driver.o
 .debug_abbrev  0x0000052c       0x7f src\UART_Lcfg.o
 .debug_abbrev  0x000005ab      0x107 src\main.o
 .debug_abbrev  0x000006b2       0x12 src\startup_stm32f40xx.o
 .debug_abbrev  0x000006c4       0x78 src\stm32f4xx_it.o
 .debug_abbrev  0x0000073c      0x158 src\system_stm32f4xx.o

.debug_aranges  0x00000000      0x218
 .debug_aranges
                0x00000000       0x70 src\GPIO.o
 .debug_aranges
                0x00000070       0x18 src\GPIO_Lcfg.o
 .debug_aranges
                0x00000088       0x30 src\RCC_Driver.o
 .debug_aranges
                0x000000b8       0x70 src\UART_Driver.o
 .debug_aranges
                0x00000128       0x18 src\UART_Lcfg.o
 .debug_aranges
                0x00000140       0x20 src\main.o
 .debug_aranges
                0x00000160       0x28 src\startup_stm32f40xx.o
 .debug_aranges
                0x00000188       0x60 src\stm32f4xx_it.o
 .debug_aranges
                0x000001e8       0x30 src\system_stm32f4xx.o

.debug_ranges   0x00000000      0x180
 .debug_ranges  0x00000000       0x60 src\GPIO.o
 .debug_ranges  0x00000060       0x20 src\RCC_Driver.o
 .debug_ranges  0x00000080       0x60 src\UART_Driver.o
 .debug_ranges  0x000000e0       0x10 src\main.o
 .debug_ranges  0x000000f0       0x20 src\startup_stm32f40xx.o
 .debug_ranges  0x00000110       0x50 src\stm32f4xx_it.o
 .debug_ranges  0x00000160       0x20 src\system_stm32f4xx.o

.debug_line     0x00000000      0xfaf
 .debug_line    0x00000000      0x2fb src\GPIO.o
 .debug_line    0x000002fb      0x127 src\GPIO_Lcfg.o
 .debug_line    0x00000422      0x183 src\RCC_Driver.o
 .debug_line    0x000005a5      0x2b8 src\UART_Driver.o
 .debug_line    0x0000085d      0x127 src\UART_Lcfg.o
 .debug_line    0x00000984      0x171 src\main.o
 .debug_line    0x00000af5       0x7a src\startup_stm32f40xx.o
 .debug_line    0x00000b6f      0x227 src\stm32f4xx_it.o
 .debug_line    0x00000d96      0x219 src\system_stm32f4xx.o

.debug_str      0x00000000      0xb5e
 .debug_str     0x00000000      0x513 src\GPIO.o
                                0x576 (size before relaxing)
 .debug_str     0x00000513       0x13 src\GPIO_Lcfg.o
                                0x24b (size before relaxing)
 .debug_str     0x00000526       0xce src\RCC_Driver.o
                                0x3ab (size before relaxing)
 .debug_str     0x000005f4      0x35c src\UART_Driver.o
                                0x676 (size before relaxing)
 .debug_str     0x00000950       0x13 src\UART_Lcfg.o
                                0x265 (size before relaxing)
 .debug_str     0x00000963       0x31 src\main.o
                                0x32a (size before relaxing)
 .debug_str     0x00000994       0xcd src\stm32f4xx_it.o
                                0x28a (size before relaxing)
 .debug_str     0x00000a61       0xfd src\system_stm32f4xx.o
                                0x41d (size before relaxing)

.comment        0x00000000       0x7c
 .comment       0x00000000       0x7c src\GPIO.o
                                 0x7d (size before relaxing)
 .comment       0x0000007c       0x7d src\GPIO_Lcfg.o
 .comment       0x0000007c       0x7d src\RCC_Driver.o
 .comment       0x0000007c       0x7d src\UART_Driver.o
 .comment       0x0000007c       0x7d src\UART_Lcfg.o
 .comment       0x0000007c       0x7d src\main.o
 .comment       0x0000007c       0x7d src\stm32f4xx_it.o
 .comment       0x0000007c       0x7d src\system_stm32f4xx.o

.debug_frame    0x00000000      0x5ec
 .debug_frame   0x00000000      0x1c8 src\GPIO.o
 .debug_frame   0x000001c8       0x84 src\RCC_Driver.o
 .debug_frame   0x0000024c      0x1b8 src\UART_Driver.o
 .debug_frame   0x00000404       0x30 src\main.o
 .debug_frame   0x00000434      0x110 src\stm32f4xx_it.o
 .debug_frame   0x00000544       0x7c src\system_stm32f4xx.o
 .debug_frame   0x000005c0       0x2c c:/program files (x86)/atollic/truestudio for stm32 9.3.0/armtools/bin/../lib/gcc/arm-atollic-eabi/6.3.1/../../../../arm-atollic-eabi/lib/armv7e-m/fpu\libc_nano.a(lib_a-init.o)

.stabstr        0x00000000       0x3f
 .stabstr       0x00000000       0x3f c:/program files (x86)/atollic/truestudio for stm32 9.3.0/armtools/bin/../lib/gcc/arm-atollic-eabi/6.3.1/../../../../arm-atollic-eabi/lib/armv7e-m/fpu\libnosys.a(write.o)

Cross Reference Table

Symbol                                            File
ADC_IRQHandler                                    src\startup_stm32f40xx.o
AHBPrescTable                                     src\system_stm32f4xx.o
AHB_PreScaler                                     src\RCC_Driver.o
APB1_PreScaler                                    src\RCC_Driver.o
BusFault_Handler                                  src\stm32f4xx_it.o
                                                  src\startup_stm32f40xx.o
CAN1_RX0_IRQHandler                               src\startup_stm32f40xx.o
CAN1_RX1_IRQHandler                               src\startup_stm32f40xx.o
CAN1_SCE_IRQHandler                               src\startup_stm32f40xx.o
CAN1_TX_IRQHandler                                src\startup_stm32f40xx.o
CAN2_RX0_IRQHandler                               src\startup_stm32f40xx.o
CAN2_RX1_IRQHandler                               src\startup_stm32f40xx.o
CAN2_SCE_IRQHandler                               src\startup_stm32f40xx.o
CAN2_TX_IRQHandler                                src\startup_stm32f40xx.o
CRYP_IRQHandler                                   src\startup_stm32f40xx.o
DCMI_IRQHandler                                   src\startup_stm32f40xx.o
DMA1_Stream0_IRQHandler                           src\startup_stm32f40xx.o
DMA1_Stream1_IRQHandler                           src\startup_stm32f40xx.o
DMA1_Stream2_IRQHandler                           src\startup_stm32f40xx.o
DMA1_Stream3_IRQHandler                           src\startup_stm32f40xx.o
DMA1_Stream4_IRQHandler                           src\startup_stm32f40xx.o
DMA1_Stream5_IRQHandler                           src\startup_stm32f40xx.o
DMA1_Stream6_IRQHandler                           src\startup_stm32f40xx.o
DMA1_Stream7_IRQHandler                           src\startup_stm32f40xx.o
DMA2_Stream0_IRQHandler                           src\startup_stm32f40xx.o
DMA2_Stream1_IRQHandler                           src\startup_stm32f40xx.o
DMA2_Stream2_IRQHandler                           src\startup_stm32f40xx.o
DMA2_Stream3_IRQHandler                           src\startup_stm32f40xx.o
DMA2_Stream4_IRQHandler                           src\startup_stm32f40xx.o
DMA2_Stream5_IRQHandler                           src\startup_stm32f40xx.o
DMA2_Stream6_IRQHandler                           src\startup_stm32f40xx.o
DMA2_Stream7_IRQHandler                           src\startup_stm32f40xx.o
DebugMon_Handler                                  src\stm32f4xx_it.o
                                                  src\startup_stm32f40xx.o
Default_Handler                                   src\startup_stm32f40xx.o
ETH_IRQHandler                                    src\startup_stm32f40xx.o
ETH_WKUP_IRQHandler                               src\startup_stm32f40xx.o
EXTI0_IRQHandler                                  src\startup_stm32f40xx.o
EXTI15_10_IRQHandler                              src\startup_stm32f40xx.o
EXTI1_IRQHandler                                  src\startup_stm32f40xx.o
EXTI2_IRQHandler                                  src\startup_stm32f40xx.o
EXTI3_IRQHandler                                  src\startup_stm32f40xx.o
EXTI4_IRQHandler                                  src\startup_stm32f40xx.o
EXTI9_5_IRQHandler                                src\startup_stm32f40xx.o
FLASH_IRQHandler                                  src\startup_stm32f40xx.o
FPU_IRQHandler                                    src\startup_stm32f40xx.o
FSMC_IRQHandler                                   src\startup_stm32f40xx.o
GPIO_Arr                                          src\GPIO.o
GPIO_IRQConfig                                    src\GPIO.o
GPIO_IRQHandling                                  src\GPIO.o
GPIO_IRQPriorityConfig                            src\GPIO.o
GPIO_Init                                         src\GPIO.o
                                                  src\main.o
GPIO_PinConfigArray                               src\GPIO_Lcfg.o
                                                  src\GPIO.o
GPIO_RESET                                        src\GPIO.o
GPIO_ReadInputPin                                 src\GPIO.o
GPIO_ReadInputPort                                src\GPIO.o
GPIO_ToggleOutputPin                              src\GPIO.o
GPIO_WriteOutputPin                               src\GPIO.o
                                                  src\main.o
GPIO_WriteOutputPort                              src\GPIO.o
HASH_RNG_IRQHandler                               src\startup_stm32f40xx.o
HardFault_Handler                                 src\stm32f4xx_it.o
                                                  src\startup_stm32f40xx.o
I2C1_ER_IRQHandler                                src\startup_stm32f40xx.o
I2C1_EV_IRQHandler                                src\startup_stm32f40xx.o
I2C2_ER_IRQHandler                                src\startup_stm32f40xx.o
I2C2_EV_IRQHandler                                src\startup_stm32f40xx.o
I2C3_ER_IRQHandler                                src\startup_stm32f40xx.o
I2C3_EV_IRQHandler                                src\startup_stm32f40xx.o
MemManage_Handler                                 src\stm32f4xx_it.o
                                                  src\startup_stm32f40xx.o
NMI_Handler                                       src\stm32f4xx_it.o
                                                  src\startup_stm32f40xx.o
OTG_FS_IRQHandler                                 src\startup_stm32f40xx.o
OTG_FS_WKUP_IRQHandler                            src\startup_stm32f40xx.o
OTG_HS_EP1_IN_IRQHandler                          src\startup_stm32f40xx.o
OTG_HS_EP1_OUT_IRQHandler                         src\startup_stm32f40xx.o
OTG_HS_IRQHandler                                 src\startup_stm32f40xx.o
OTG_HS_WKUP_IRQHandler                            src\startup_stm32f40xx.o
PVD_IRQHandler                                    src\startup_stm32f40xx.o
PendSV_Handler                                    src\stm32f4xx_it.o
                                                  src\startup_stm32f40xx.o
RCC_GetPCLK1Value                                 src\RCC_Driver.o
                                                  src\UART_Driver.o
RCC_GetPCLK2Value                                 src\RCC_Driver.o
                                                  src\UART_Driver.o
RCC_GetPLLOutputClock                             src\RCC_Driver.o
RCC_IRQHandler                                    src\startup_stm32f40xx.o
RTC_Alarm_IRQHandler                              src\startup_stm32f40xx.o
RTC_WKUP_IRQHandler                               src\startup_stm32f40xx.o
ReceiveDoneFeedback                               src\UART_Driver.o
                                                  src\main.o
Reset_Handler                                     src\startup_stm32f40xx.o
SDIO_IRQHandler                                   src\startup_stm32f40xx.o
SPI1_IRQHandler                                   src\startup_stm32f40xx.o
SPI2_IRQHandler                                   src\startup_stm32f40xx.o
SPI3_IRQHandler                                   src\startup_stm32f40xx.o
SVC_Handler                                       src\stm32f4xx_it.o
                                                  src\startup_stm32f40xx.o
SysTick_Handler                                   src\stm32f4xx_it.o
                                                  src\startup_stm32f40xx.o
SystemCoreClock                                   src\system_stm32f4xx.o
SystemCoreClockUpdate                             src\system_stm32f4xx.o
SystemInit                                        src\system_stm32f4xx.o
                                                  src\startup_stm32f40xx.o
TAMP_STAMP_IRQHandler                             src\startup_stm32f40xx.o
TIM1_BRK_TIM9_IRQHandler                          src\startup_stm32f40xx.o
TIM1_CC_IRQHandler                                src\startup_stm32f40xx.o
TIM1_TRG_COM_TIM11_IRQHandler                     src\startup_stm32f40xx.o
TIM1_UP_TIM10_IRQHandler                          src\startup_stm32f40xx.o
TIM2_IRQHandler                                   src\startup_stm32f40xx.o
TIM3_IRQHandler                                   src\startup_stm32f40xx.o
TIM4_IRQHandler                                   src\startup_stm32f40xx.o
TIM5_IRQHandler                                   src\startup_stm32f40xx.o
TIM6_DAC_IRQHandler                               src\startup_stm32f40xx.o
TIM7_IRQHandler                                   src\startup_stm32f40xx.o
TIM8_BRK_TIM12_IRQHandler                         src\startup_stm32f40xx.o
TIM8_CC_IRQHandler                                src\startup_stm32f40xx.o
TIM8_TRG_COM_TIM14_IRQHandler                     src\startup_stm32f40xx.o
TIM8_UP_TIM13_IRQHandler                          src\startup_stm32f40xx.o
TransmitDoneFeedback                              src\UART_Driver.o
                                                  src\main.o
UART4_IRQHandler                                  src\startup_stm32f40xx.o
UART5_IRQHandler                                  src\startup_stm32f40xx.o
UART_ConfigArray                                  src\UART_Lcfg.o
                                                  src\UART_Driver.o
USART1_IRQHandler                                 src\startup_stm32f40xx.o
USART2_IRQHandler                                 src\startup_stm32f40xx.o
USART3_IRQHandler                                 src\startup_stm32f40xx.o
USART6_IRQHandler                                 src\startup_stm32f40xx.o
USART_Arr                                         src\UART_Driver.o
USART_Init                                        src\UART_Driver.o
                                                  src\main.o
USART_ReceiveDataIT                               src\UART_Driver.o
USART_ReceiveDataRequest                          src\UART_Driver.o
                                                  src\main.o
USART_SendDataIT                                  src\UART_Driver.o
USART_SendDataRequest                             src\UART_Driver.o
                                                  src\main.o
USART_SetBaudRate                                 src\UART_Driver.o
UsageFault_Handler                                src\stm32f4xx_it.o
                                                  src\startup_stm32f40xx.o
WWDG_IRQHandler                                   src\startup_stm32f40xx.o
__deregister_frame_info                           c:/program files (x86)/atollic/truestudio for stm32 9.3.0/armtools/bin/../lib/gcc/arm-atollic-eabi/6.3.1/armv7e-m/fpu/crtbegin.o
__dso_handle                                      c:/program files (x86)/atollic/truestudio for stm32 9.3.0/armtools/bin/../lib/gcc/arm-atollic-eabi/6.3.1/armv7e-m/fpu/crtbegin.o
__init_array_end                                  c:/program files (x86)/atollic/truestudio for stm32 9.3.0/armtools/bin/../lib/gcc/arm-atollic-eabi/6.3.1/../../../../arm-atollic-eabi/lib/armv7e-m/fpu\libc_nano.a(lib_a-init.o)
__init_array_start                                c:/program files (x86)/atollic/truestudio for stm32 9.3.0/armtools/bin/../lib/gcc/arm-atollic-eabi/6.3.1/../../../../arm-atollic-eabi/lib/armv7e-m/fpu\libc_nano.a(lib_a-init.o)
__libc_init_array                                 c:/program files (x86)/atollic/truestudio for stm32 9.3.0/armtools/bin/../lib/gcc/arm-atollic-eabi/6.3.1/../../../../arm-atollic-eabi/lib/armv7e-m/fpu\libc_nano.a(lib_a-init.o)
                                                  src\startup_stm32f40xx.o
__preinit_array_end                               c:/program files (x86)/atollic/truestudio for stm32 9.3.0/armtools/bin/../lib/gcc/arm-atollic-eabi/6.3.1/../../../../arm-atollic-eabi/lib/armv7e-m/fpu\libc_nano.a(lib_a-init.o)
__preinit_array_start                             c:/program files (x86)/atollic/truestudio for stm32 9.3.0/armtools/bin/../lib/gcc/arm-atollic-eabi/6.3.1/../../../../arm-atollic-eabi/lib/armv7e-m/fpu\libc_nano.a(lib_a-init.o)
__register_frame_info                             c:/program files (x86)/atollic/truestudio for stm32 9.3.0/armtools/bin/../lib/gcc/arm-atollic-eabi/6.3.1/armv7e-m/fpu/crtbegin.o
_ebss                                             src\startup_stm32f40xx.o
_edata                                            src\startup_stm32f40xx.o
_estack                                           src\startup_stm32f40xx.o
_fini                                             c:/program files (x86)/atollic/truestudio for stm32 9.3.0/armtools/bin/../lib/gcc/arm-atollic-eabi/6.3.1/armv7e-m/fpu/crti.o
_init                                             c:/program files (x86)/atollic/truestudio for stm32 9.3.0/armtools/bin/../lib/gcc/arm-atollic-eabi/6.3.1/armv7e-m/fpu/crti.o
                                                  c:/program files (x86)/atollic/truestudio for stm32 9.3.0/armtools/bin/../lib/gcc/arm-atollic-eabi/6.3.1/../../../../arm-atollic-eabi/lib/armv7e-m/fpu\libc_nano.a(lib_a-init.o)
_sbss                                             src\startup_stm32f40xx.o
_sdata                                            src\startup_stm32f40xx.o
_sidata                                           src\startup_stm32f40xx.o
_write                                            c:/program files (x86)/atollic/truestudio for stm32 9.3.0/armtools/bin/../lib/gcc/arm-atollic-eabi/6.3.1/../../../../arm-atollic-eabi/lib/armv7e-m/fpu\libnosys.a(write.o)
                                                  src\tiny_printf.o
errno                                             c:/program files (x86)/atollic/truestudio for stm32 9.3.0/armtools/bin/../lib/gcc/arm-atollic-eabi/6.3.1/../../../../arm-atollic-eabi/lib/armv7e-m/fpu\libnosys.a(errno.o)
                                                  c:/program files (x86)/atollic/truestudio for stm32 9.3.0/armtools/bin/../lib/gcc/arm-atollic-eabi/6.3.1/../../../../arm-atollic-eabi/lib/armv7e-m/fpu\libnosys.a(write.o)
fiprintf                                          src\tiny_printf.o
fprintf                                           src\tiny_printf.o
fputs                                             src\tiny_printf.o
fwrite                                            src\tiny_printf.o
g_pfnVectors                                      src\startup_stm32f40xx.o
iprintf                                           src\tiny_printf.o
main                                              src\main.o
                                                  src\startup_stm32f40xx.o
msg                                               src\main.o
msgg                                              src\main.o
printf                                            src\tiny_printf.o
puts                                              src\tiny_printf.o
siprintf                                          src\tiny_printf.o
sprintf                                           src\tiny_printf.o
strlen                                            c:/program files (x86)/atollic/truestudio for stm32 9.3.0/armtools/bin/../lib/gcc/arm-atollic-eabi/6.3.1/../../../../arm-atollic-eabi/lib/armv7e-m/fpu\libc_nano.a(lib_a-strlen.o)
                                                  src\tiny_printf.o
                                                  src\main.o
ts_formatlength                                   src\tiny_printf.o
ts_formatstring                                   src\tiny_printf.o
ts_itoa                                           src\tiny_printf.o
