Archive member included to satisfy reference by file (symbol)

c:/program files (x86)/atollic/truestudio for stm32 9.3.0/armtools/bin/../lib/gcc/arm-atollic-eabi/6.3.1/../../../../arm-atollic-eabi/lib/armv7e-m/fpu\libc_nano.a(lib_a-init.o)
                              src\startup_stm32f40xx.o (__libc_init_array)
c:/program files (x86)/atollic/truestudio for stm32 9.3.0/armtools/bin/../lib/gcc/arm-atollic-eabi/6.3.1/../../../../arm-atollic-eabi/lib/armv7e-m/fpu\libc_nano.a(lib_a-nano-vfprintf_float.o)
                              (_printf_float)
c:/program files (x86)/atollic/truestudio for stm32 9.3.0/armtools/bin/../lib/gcc/arm-atollic-eabi/6.3.1/../../../../arm-atollic-eabi/lib/armv7e-m/fpu\libc_nano.a(lib_a-nano-vfprintf_i.o)
                              c:/program files (x86)/atollic/truestudio for stm32 9.3.0/armtools/bin/../lib/gcc/arm-atollic-eabi/6.3.1/../../../../arm-atollic-eabi/lib/armv7e-m/fpu\libc_nano.a(lib_a-nano-vfprintf_float.o) (_printf_common)
c:/program files (x86)/atollic/truestudio for stm32 9.3.0/armtools/bin/../lib/gcc/arm-atollic-eabi/6.3.1/../../../../arm-atollic-eabi/lib/armv7e-m/fpu\libc_nano.a(lib_a-reent.o)
                              src\syscalls.o (errno)
c:/program files (x86)/atollic/truestudio for stm32 9.3.0/armtools/bin/../lib/gcc/arm-atollic-eabi/6.3.1/../../../../arm-atollic-eabi/lib/armv7e-m/fpu\libc_nano.a(lib_a-strlen.o)
                              src\tiny_printf.o (strlen)
c:/program files (x86)/atollic/truestudio for stm32 9.3.0/armtools/bin/../lib/gcc/arm-atollic-eabi/6.3.1/../../../../arm-atollic-eabi/lib/armv7e-m/fpu\libc_nano.a(lib_a-dtoa.o)
                              c:/program files (x86)/atollic/truestudio for stm32 9.3.0/armtools/bin/../lib/gcc/arm-atollic-eabi/6.3.1/../../../../arm-atollic-eabi/lib/armv7e-m/fpu\libc_nano.a(lib_a-nano-vfprintf_float.o) (_dtoa_r)
c:/program files (x86)/atollic/truestudio for stm32 9.3.0/armtools/bin/../lib/gcc/arm-atollic-eabi/6.3.1/../../../../arm-atollic-eabi/lib/armv7e-m/fpu\libc_nano.a(lib_a-impure.o)
                              c:/program files (x86)/atollic/truestudio for stm32 9.3.0/armtools/bin/../lib/gcc/arm-atollic-eabi/6.3.1/../../../../arm-atollic-eabi/lib/armv7e-m/fpu\libc_nano.a(lib_a-reent.o) (_impure_ptr)
c:/program files (x86)/atollic/truestudio for stm32 9.3.0/armtools/bin/../lib/gcc/arm-atollic-eabi/6.3.1/../../../../arm-atollic-eabi/lib/armv7e-m/fpu\libc_nano.a(lib_a-localeconv.o)
                              c:/program files (x86)/atollic/truestudio for stm32 9.3.0/armtools/bin/../lib/gcc/arm-atollic-eabi/6.3.1/../../../../arm-atollic-eabi/lib/armv7e-m/fpu\libc_nano.a(lib_a-nano-vfprintf_float.o) (_localeconv_r)
c:/program files (x86)/atollic/truestudio for stm32 9.3.0/armtools/bin/../lib/gcc/arm-atollic-eabi/6.3.1/../../../../arm-atollic-eabi/lib/armv7e-m/fpu\libc_nano.a(lib_a-malloc.o)
                              c:/program files (x86)/atollic/truestudio for stm32 9.3.0/armtools/bin/../lib/gcc/arm-atollic-eabi/6.3.1/../../../../arm-atollic-eabi/lib/armv7e-m/fpu\libc_nano.a(lib_a-dtoa.o) (malloc)
c:/program files (x86)/atollic/truestudio for stm32 9.3.0/armtools/bin/../lib/gcc/arm-atollic-eabi/6.3.1/../../../../arm-atollic-eabi/lib/armv7e-m/fpu\libc_nano.a(lib_a-memchr.o)
                              c:/program files (x86)/atollic/truestudio for stm32 9.3.0/armtools/bin/../lib/gcc/arm-atollic-eabi/6.3.1/../../../../arm-atollic-eabi/lib/armv7e-m/fpu\libc_nano.a(lib_a-nano-vfprintf_i.o) (memchr)
c:/program files (x86)/atollic/truestudio for stm32 9.3.0/armtools/bin/../lib/gcc/arm-atollic-eabi/6.3.1/../../../../arm-atollic-eabi/lib/armv7e-m/fpu\libc_nano.a(lib_a-memcpy-stub.o)
                              c:/program files (x86)/atollic/truestudio for stm32 9.3.0/armtools/bin/../lib/gcc/arm-atollic-eabi/6.3.1/../../../../arm-atollic-eabi/lib/armv7e-m/fpu\libc_nano.a(lib_a-dtoa.o) (memcpy)
c:/program files (x86)/atollic/truestudio for stm32 9.3.0/armtools/bin/../lib/gcc/arm-atollic-eabi/6.3.1/../../../../arm-atollic-eabi/lib/armv7e-m/fpu\libc_nano.a(lib_a-mprec.o)
                              c:/program files (x86)/atollic/truestudio for stm32 9.3.0/armtools/bin/../lib/gcc/arm-atollic-eabi/6.3.1/../../../../arm-atollic-eabi/lib/armv7e-m/fpu\libc_nano.a(lib_a-dtoa.o) (_Balloc)
c:/program files (x86)/atollic/truestudio for stm32 9.3.0/armtools/bin/../lib/gcc/arm-atollic-eabi/6.3.1/../../../../arm-atollic-eabi/lib/armv7e-m/fpu\libc_nano.a(lib_a-nano-callocr.o)
                              c:/program files (x86)/atollic/truestudio for stm32 9.3.0/armtools/bin/../lib/gcc/arm-atollic-eabi/6.3.1/../../../../arm-atollic-eabi/lib/armv7e-m/fpu\libc_nano.a(lib_a-mprec.o) (_calloc_r)
c:/program files (x86)/atollic/truestudio for stm32 9.3.0/armtools/bin/../lib/gcc/arm-atollic-eabi/6.3.1/../../../../arm-atollic-eabi/lib/armv7e-m/fpu\libc_nano.a(lib_a-nano-freer.o)
[...]
Memory Configuration

Name             Origin             Length             Attributes
FLASH            0x08000000         0x00100000         xr
RAM              0x20000000         0x00020000         xrw
MEMORY_B1        0x60000000         0x00000000         xr
CCMRAM           0x10000000         0x00010000         rw
*default*        0x00000000         0xffffffff

Linker script and memory map

LOAD c:/program files (x86)/atollic/truestudio for stm32 9.3.0/armtools/bin/../lib/gcc/arm-atollic-eabi/6.3.1/armv7e-m/fpu/crti.o
LOAD c:/program files (x86)/atollic/truestudio for stm32 9.3.0/armtools/bin/../lib/gcc/arm-atollic-eabi/6.3.1/armv7e-m/fpu/crtbegin.o
LOAD src\CAN.o
LOAD src\CAN_MCU2_Lcfg.o
LOAD src\CAN_Manager.o
LOAD src\Communication_Manager.o
LOAD src\GPIO.o
LOAD src\GPIO_Lcfg.o
LOAD src\Mode_manager.o
LOAD src\RCC_Driver.o
LOAD src\TFT.o
LOAD src\UART_Driver.o
LOAD src\UART_Lcfg.o
LOAD src\main.o
LOAD src\startup_stm32f40xx.o
LOAD src\stm32f4xx_it.o
LOAD src\syscalls.o
LOAD src\system_stm32f4xx.o
LOAD src\timer.o
LOAD src\timer_lcfg.o
LOAD src\tiny_printf.o
                0x00000080                malloc_getpagesize_P = 0x80
START GROUP
LOAD c:/program files (x86)/atollic/truestudio for stm32 9.3.0/armtools/bin/../lib/gcc/arm-atollic-eabi/6.3.1/../../../../arm-atollic-eabi/lib/armv7e-m/fpu\libc_nano.a
LOAD c:/program files (x86)/atollic/truestudio for stm32 9.3.0/armtools/bin/../lib/gcc/arm-atollic-eabi/6.3.1/../../../../arm-atollic-eabi/lib/armv7e-m/fpu\libm.a
END GROUP
START GROUP
LOAD c:/program files (x86)/atollic/truestudio for stm32 9.3.0/armtools/bin/../lib/gcc/arm-atollic-eabi/6.3.1/armv7e-m/fpu\libgcc.a
LOAD c:/program files (x86)/atollic/truestudio for stm32 9.3.0/armtools/bin/../lib/gcc/arm-atollic-eabi/6.3.1/../../../../arm-atollic-eabi/lib/armv7e-m/fpu\libc_nano.a
END GROUP
START GROUP
LOAD c:/program files (x86)/atollic/truestudio for stm32 9.3.0/armtools/bin/../lib/gcc/arm-atollic-eabi/6.3.1/armv7e-m/fpu\libgcc.a
LOAD c:/program files (x86)/atollic/truestudio for stm32 9.3.0/armtools/bin/../lib/gcc/arm-atollic-eabi/6.3.1/../../../../arm-atollic-eabi/lib/armv7e-m/fpu\libc_nano.a
LOAD c:/program files (x86)/atollic/truestudio for stm32 9.3.0/armtools/bin/../lib/gcc/arm-atollic-eabi/6.3.1/../../../../arm-atollic-eabi/lib/armv7e-m/fpu\libnosys.a
END GROUP
START GROUP
LOAD c:/program files (x86)/atollic/truestudio for stm32 9.3.0/armtools/bin/../lib/gcc/arm-atollic-eabi/6.3.1/armv7e-m/fpu\libgcc.a
LOAD c:/program files (x86)/atollic/truestudio for stm32 9.3.0/armtools/bin/../lib/gcc/arm-atollic-eabi/6.3.1/../../../../arm-atollic-eabi/lib/armv7e-m/fpu\libc_nano.a
LOAD c:/program files (x86)/atollic/truestudio for stm32 9.3.0/armtools/bin/../lib/gcc/arm-atollic-eabi/6.3.1/../../../../arm-atollic-eabi/lib/armv7e-m/fpu\libnosys.a
END GROUP
LOAD c:/program files (x86)/atollic/truestudio for stm32 9.3.0/armtools/bin/../lib/gcc/arm-atollic-eabi/6.3.1/armv7e-m/fpu/crtend.o
LOAD c:/program files (x86)/atollic/truestudio for stm32 9.3.0/armtools/bin/../lib/gcc/arm-atollic-eabi/6.3.1/armv7e-m/fpu/crtn.o
                0x20020000                _estack = 0x20020000
                0x00000000                _Min_Heap_Size = 0x0
                0x00000400                _Min_Stack_Size = 0x400

.isr_vector     0x08000000      0x188
                0x08000000                . = ALIGN (0x4)
 *(.isr_vector)
 .isr_vector    0x08000000      0x188 src\startup_stm32f40xx.o
                0x08000000                g_pfnVectors
                0x08000188                . = ALIGN (0x4)

.text           0x08000188     0x4584
                0x08000188                . = ALIGN (0x4)
 *(.text)
 .text          0x08000188       0x40 c:/program files (x86)/atollic/truestudio for stm32 9.3.0/armtools/bin/../lib/gcc/arm-atollic-eabi/6.3.1/armv7e-m/fpu/crtbegin.o
 .text          0x080001c8       0x10 c:/program files (x86)/atollic/truestudio for stm32 9.3.0/armtools/bin/../lib/gcc/arm-atollic-eabi/6.3.1/../../../../arm-atollic-eabi/lib/armv7e-m/fpu\libc_nano.a(lib_a-strlen.o)
                0x080001c8                strlen
 .text          0x080001d8      0x370 c:/program files (x86)/atollic/truestudio for stm32 9.3.0/armtools/bin/../lib/gcc/arm-atollic-eabi/6.3.1/armv7e-m/fpu\libgcc.a(_arm_addsubdf3.o)
                0x080001d8                __aeabi_drsub
                0x080001e0                __aeabi_dsub
                0x080001e0                __subdf3
                0x080001e4                __aeabi_dadd
                0x080001e4                __adddf3
                0x0800045c                __floatunsidf
                0x0800045c                __aeabi_ui2d
                0x0800047c                __floatsidf
                0x0800047c                __aeabi_i2d
                0x080004a0                __aeabi_f2d
                0x080004a0                __extendsfdf2
                0x080004dc                __floatundidf
                0x080004dc                __aeabi_ul2d
                0x080004ec                __floatdidf
                0x080004ec                __aeabi_l2d
 .text          0x08000548      0x424 c:/program files (x86)/atollic/truestudio for stm32 9.3.0/armtools/bin/../lib/gcc/arm-atollic-eabi/6.3.1/armv7e-m/fpu\libgcc.a(_arm_muldivdf3.o)
                0x08000548                __aeabi_dmul
                0x08000548                __muldf3
                0x0800079c                __divdf3
                0x0800079c                __aeabi_ddiv
 .text          0x0800096c      0x110 c:/program files (x86)/atollic/truestudio for stm32 9.3.0/armtools/bin/../lib/gcc/arm-atollic-eabi/6.3.1/armv7e-m/fpu\libgcc.a(_arm_cmpdf2.o)
                0x0800096c                __gtdf2
                0x0800096c                __gedf2
                0x08000974                __ltdf2
                0x08000974                __ledf2
                0x0800097c                __nedf2
                0x0800097c                __eqdf2
                0x0800097c                __cmpdf2
                0x080009f8                __aeabi_cdrcmple
                0x08000a08                __aeabi_cdcmpeq
                0x08000a08                __aeabi_cdcmple
                0x08000a18                __aeabi_dcmpeq
                0x08000a2c                __aeabi_dcmplt
                0x08000a40                __aeabi_dcmple
                0x08000a54                __aeabi_dcmpge
                0x08000a68                __aeabi_dcmpgt
 .text          0x08000a7c       0x2c c:/program files (x86)/atollic/truestudio for stm32 9.3.0/armtools/bin/../lib/gcc/arm-atollic-eabi/6.3.1/armv7e-m/fpu\libgcc.a(_arm_unorddf2.o)
                0x08000a7c                __unorddf2
                0x08000a7c                __aeabi_dcmpun
 .text          0x08000aa8       0x50 c:/program files (x86)/atollic/truestudio for stm32 9.3.0/armtools/bin/../lib/gcc/arm-atollic-eabi/6.3.1/armv7e-m/fpu\libgcc.a(_arm_fixdfsi.o)
                0x08000aa8                __aeabi_d2iz
                0x08000aa8                __fixdfsi
 *(.text*)
 .text.CAN1_TX_IRQHandler
                0x08000af8       0x98 src\CAN.o
                0x08000af8                CAN1_TX_IRQHandler
 .text.CAN1_RX0_IRQHandler
                0x08000b90       0x24 src\CAN.o
                0x08000b90                CAN1_RX0_IRQHandler
 .text.CAN_RX_Callback
                0x08000bb4       0x9c src\CAN_MCU2_Lcfg.o
                0x08000bb4                CAN_RX_Callback
 .text.CanWriteBuzzer
                0x08000c50       0x26 src\CAN_Manager.o
                0x08000c50                CanWriteBuzzer
 *fill*         0x08000c76        0x2 
 .text.Communication_Manager_RX_Notification
                0x08000c78       0x4c src\Communication_Manager.o
                0x08000c78                Communication_Manager_RX_Notification
 .text.Communication_Handling
                0x08000cc4       0x98 src\Communication_Manager.o
                0x08000cc4                Communication_Handling
 .text.Jetson_Req_Mask_Detection
                0x08000d5c       0x18 src\Communication_Manager.o
                0x08000d5c                Jetson_Req_Mask_Detection
 .text.Jetson_Req_COVID_Detection
                0x08000d74       0x18 src\Communication_Manager.o
                0x08000d74                Jetson_Req_COVID_Detection
 .text.Jetson_Req_API_Detection
                0x08000d8c       0x18 src\Communication_Manager.o
                0x08000d8c                Jetson_Req_API_Detection
 .text.Communication_Manage
                0x08000da4       0x1a src\Communication_Manager.o
                0x08000da4                Communication_Manage
 *fill*         0x08000dbe        0x2 
 .text.GPIO_PeriClockControl
                0x08000dc0       0x40 src\GPIO.o
 .text.GPIO_Init
                0x08000e00      0x398 src\GPIO.o
                0x08000e00                GPIO_Init
 .text.GPIO_WriteOutputPin
                0x08001198       0x70 src\GPIO.o
                0x08001198                GPIO_WriteOutputPin
 .text.CAM_SetMaskState
                0x08001208       0x2c src\Mode_manager.o
                0x08001208                CAM_SetMaskState
 .text.Jetson_Set_COVID_State
                0x08001234       0x2c src\Mode_manager.o
                0x08001234                Jetson_Set_COVID_State
 .text.Jetson_Set_API_State
                0x08001260       0x48 src\Mode_manager.o
                0x08001260                Jetson_Set_API_State
 .text.Set_Temp
                0x080012a8       0x20 src\Mode_manager.o
                0x080012a8                Set_Temp
 .text.Set_Seat_Sate
                0x080012c8       0x3c src\Mode_manager.o
                0x080012c8                Set_Seat_Sate
 .text.Set_Ignition_Sate
                0x08001304       0x20 src\Mode_manager.o
                0x08001304                Set_Ignition_Sate
 .text.ReadSeats_State
                0x08001324       0x48 src\Mode_manager.o
 .text.Mode_Manager
                0x0800136c      0x284 src\Mode_manager.o
                0x0800136c                Mode_Manager
 .text.RCC_GetPCLK1Value
                0x080015f0       0xb0 src\RCC_Driver.o
                0x080015f0                RCC_GetPCLK1Value
 .text.RCC_GetPCLK2Value
                0x080016a0       0xa0 src\RCC_Driver.o
                0x080016a0                RCC_GetPCLK2Value
 .text.RCC_GetPLLOutputClock
                0x08001740       0x9c src\RCC_Driver.o
                0x08001740                RCC_GetPLLOutputClock
 .text.TFT_Writing_Complete_CallBack
                0x080017dc       0x18 src\TFT.o
                0x080017dc                TFT_Writing_Complete_CallBack
 .text.TFT_Reading_Complete_CallBack
                0x080017f4       0x24 src\TFT.o
                0x080017f4                TFT_Reading_Complete_CallBack
 .text.TFT_Request_Writing
                0x08001818       0xac src\TFT.o
                0x08001818                TFT_Request_Writing
 .text.TFT_Request_Reading
                0x080018c4       0x18 src\TFT.o
                0x080018c4                TFT_Request_Reading
 .text.TFT_Display_Text_Req
                0x080018dc       0x6c src\TFT.o
                0x080018dc                TFT_Display_Text_Req
 .text.TFT_Tx_Manage
                0x08001948      0x1d0 src\TFT.o
                0x08001948                TFT_Tx_Manage
 .text.TFT_Rx_Manage
                0x08001b18       0xb8 src\TFT.o
                0x08001b18                TFT_Rx_Manage
 .text.USART_PeripheralControl
                0x08001bd0       0x3c src\UART_Driver.o
 .text.USART_PeriClockControl
                0x08001c0c       0x94 src\UART_Driver.o
 .text.USART_GetFlagStatus
                0x08001ca0       0x3c src\UART_Driver.o
 .text.USART_SetBaudRate
                0x08001cdc       0xf8 src\UART_Driver.o
                0x08001cdc                USART_SetBaudRate
 .text.USART_Init
                0x08001dd4      0x21c src\UART_Driver.o
                0x08001dd4                USART_Init
 .text.Uart_SendDataAsync
                0x08001ff0       0x9c src\UART_Driver.o
                0x08001ff0                Uart_SendDataAsync
 .text.Uart_ReceiveDataASync
                0x0800208c       0xac src\UART_Driver.o
                0x0800208c                Uart_ReceiveDataASync
 .text.Uart_IntControl
                0x08002138       0x64 src\UART_Driver.o
                0x08002138                Uart_IntControl
 .text.UART_IRQConfig
                0x0800219c       0x70 src\UART_Driver.o
                0x0800219c                UART_IRQConfig
 .text.USART2_IRQHandler
                0x0800220c      0x100 src\UART_Driver.o
                0x0800220c                USART2_IRQHandler
 .text.USART1_IRQHandler
                0x0800230c       0xcc src\UART_Driver.o
                0x0800230c                USART1_IRQHandler
 .text.USART3_IRQHandler
                0x080023d8      0x108 src\UART_Driver.o
                0x080023d8                USART3_IRQHandler
 .text.UART4_IRQHandler
                0x080024e0      0x108 src\UART_Driver.o
                0x080024e0                UART4_IRQHandler
 .text.LED1_ON2
                0x080025e8        0xe src\UART_Lcfg.o
                0x080025e8                LED1_ON2
 *fill*         0x080025f6        0x2 
 .text.main     0x080025f8       0xa8 src\main.o
                0x080025f8                main
 .text.Reset_Handler
                0x080026a0       0x50 src\startup_stm32f40xx.o
                0x080026a0                Reset_Handler
 .text.Default_Handler
                0x080026f0        0x2 src\startup_stm32f40xx.o
                0x080026f0                RTC_Alarm_IRQHandler
                0x080026f0                HASH_RNG_IRQHandler
                0x080026f0                EXTI2_IRQHandler
                0x080026f0                TIM8_CC_IRQHandler
                0x080026f0                TIM1_CC_IRQHandler
                0x080026f0                DMA2_Stream5_IRQHandler
                0x080026f0                DMA1_Stream5_IRQHandler
                0x080026f0                PVD_IRQHandler
                0x080026f0                SDIO_IRQHandler
                0x080026f0                TAMP_STAMP_IRQHandler
                0x080026f0                CAN2_RX1_IRQHandler
                0x080026f0                EXTI3_IRQHandler
                0x080026f0                TIM8_TRG_COM_TIM14_IRQHandler
                0x080026f0                TIM1_UP_TIM10_IRQHandler
                0x080026f0                TIM8_UP_TIM13_IRQHandler
                0x080026f0                I2C3_ER_IRQHandler
                0x080026f0                EXTI0_IRQHandler
                0x080026f0                I2C2_EV_IRQHandler
                0x080026f0                DMA1_Stream2_IRQHandler
                0x080026f0                FPU_IRQHandler
                0x080026f0                OTG_HS_WKUP_IRQHandler
                0x080026f0                CAN2_SCE_IRQHandler
                0x080026f0                DMA2_Stream2_IRQHandler
                0x080026f0                SPI1_IRQHandler
                0x080026f0                TIM6_DAC_IRQHandler
                0x080026f0                TIM1_BRK_TIM9_IRQHandler
                0x080026f0                DCMI_IRQHandler
                0x080026f0                CAN2_RX0_IRQHandler
                0x080026f0                DMA2_Stream3_IRQHandler
                0x080026f0                USART6_IRQHandler
                0x080026f0                CRYP_IRQHandler
                0x080026f0                CAN1_RX1_IRQHandler
                0x080026f0                UART5_IRQHandler
                0x080026f0                DMA2_Stream0_IRQHandler
                0x080026f0                I2C1_EV_IRQHandler
                0x080026f0                DMA1_Stream6_IRQHandler
                0x080026f0                DMA1_Stream1_IRQHandler
                0x080026f0                RCC_IRQHandler
                0x080026f0                TIM8_BRK_TIM12_IRQHandler
                0x080026f0                Default_Handler
                0x080026f0                EXTI15_10_IRQHandler
                0x080026f0                ADC_IRQHandler
                0x080026f0                DMA1_Stream7_IRQHandler
                0x080026f0                TIM7_IRQHandler
                0x080026f0                CAN2_TX_IRQHandler
                0x080026f0                TIM5_IRQHandler
                0x080026f0                DMA2_Stream7_IRQHandler
                0x080026f0                I2C3_EV_IRQHandler
                0x080026f0                EXTI9_5_IRQHandler
                0x080026f0                RTC_WKUP_IRQHandler
                0x080026f0                ETH_WKUP_IRQHandler
                0x080026f0                SPI2_IRQHandler
                0x080026f0                OTG_HS_EP1_IN_IRQHandler
                0x080026f0                DMA1_Stream0_IRQHandler
                0x080026f0                EXTI4_IRQHandler
                0x080026f0                FSMC_IRQHandler
                0x080026f0                ETH_IRQHandler
                0x080026f0                OTG_HS_EP1_OUT_IRQHandler
                0x080026f0                WWDG_IRQHandler
                0x080026f0                OTG_FS_WKUP_IRQHandler
                0x080026f0                TIM1_TRG_COM_TIM11_IRQHandler
                0x080026f0                OTG_HS_IRQHandler
                0x080026f0                EXTI1_IRQHandler
                0x080026f0                I2C2_ER_IRQHandler
                0x080026f0                DMA2_Stream1_IRQHandler
                0x080026f0                CAN1_SCE_IRQHandler
                0x080026f0                FLASH_IRQHandler
                0x080026f0                DMA2_Stream4_IRQHandler
                0x080026f0                OTG_FS_IRQHandler
                0x080026f0                SPI3_IRQHandler
                0x080026f0                DMA1_Stream4_IRQHandler
                0x080026f0                I2C1_ER_IRQHandler
                0x080026f0                DMA2_Stream6_IRQHandler
                0x080026f0                DMA1_Stream3_IRQHandler
 .text.NMI_Handler
                0x080026f2        0xe src\stm32f4xx_it.o
                0x080026f2                NMI_Handler
 .text.HardFault_Handler
                0x08002700        0x6 src\stm32f4xx_it.o
                0x08002700                HardFault_Handler
 .text.MemManage_Handler
                0x08002706        0x6 src\stm32f4xx_it.o
                0x08002706                MemManage_Handler
 .text.BusFault_Handler
                0x0800270c        0x6 src\stm32f4xx_it.o
                0x0800270c                BusFault_Handler
 .text.UsageFault_Handler
                0x08002712        0x6 src\stm32f4xx_it.o
                0x08002712                UsageFault_Handler
 .text.SVC_Handler
                0x08002718        0xe src\stm32f4xx_it.o
                0x08002718                SVC_Handler
 .text.DebugMon_Handler
                0x08002726        0xe src\stm32f4xx_it.o
                0x08002726                DebugMon_Handler
 .text.PendSV_Handler
                0x08002734        0xe src\stm32f4xx_it.o
                0x08002734                PendSV_Handler
 .text.SysTick_Handler
                0x08002742        0xe src\stm32f4xx_it.o
                0x08002742                SysTick_Handler
 .text._sbrk    0x08002750       0x40 src\syscalls.o
                0x08002750                _sbrk
 .text.SystemInit
                0x08002790       0x6c src\system_stm32f4xx.o
                0x08002790                SystemInit
 .text.SetSysClock
                0x080027fc       0xf8 src\system_stm32f4xx.o
 .text.Timer_PeriClockControl
                0x080028f4       0x40 src\timer.o
 .text.TIM_GetFlagStatus
                0x08002934       0x44 src\timer.o
 .text.Timer_Init
                0x08002978       0xe4 src\timer.o
                0x08002978                Timer_Init
 .text.Timer_Cmd
                0x08002a5c       0x54 src\timer.o
                0x08002a5c                Timer_Cmd
 .text.TIM_IntControl
                0x08002ab0       0x78 src\timer.o
                0x08002ab0                TIM_IntControl
 .text.TIM_IRQConfig
                0x08002b28       0x70 src\timer.o
                0x08002b28                TIM_IRQConfig
 .text.TIM2_IRQHandler
                0x08002b98       0x38 src\timer.o
                0x08002b98                TIM2_IRQHandler
 .text.TIM3_IRQHandler
                0x08002bd0       0x30 src\timer.o
                0x08002bd0                TIM3_IRQHandler
 .text.TIM4_IRQHandler
                0x08002c00       0x30 src\timer.o
                0x08002c00                TIM4_IRQHandler
 .text.__libc_init_array
                0x08002c30       0x48 c:/program files (x86)/atollic/truestudio for stm32 9.3.0/armtools/bin/../lib/gcc/arm-atollic-eabi/6.3.1/../../../../arm-atollic-eabi/lib/armv7e-m/fpu\libc_nano.a(lib_a-init.o)
                0x08002c30                __libc_init_array
 .text.__cvt    0x08002c78       0xc2 c:/program files (x86)/atollic/truestudio for stm32 9.3.0/armtools/bin/../lib/gcc/arm-atollic-eabi/6.3.1/../../../../arm-atollic-eabi/lib/armv7e-m/fpu\libc_nano.a(lib_a-nano-vfprintf_float.o)
                0x08002c78                __cvt
 .text.__exponent
                0x08002d3a       0x6a c:/program files (x86)/atollic/truestudio for stm32 9.3.0/armtools/bin/../lib/gcc/arm-atollic-eabi/6.3.1/../../../../arm-atollic-eabi/lib/armv7e-m/fpu\libc_nano.a(lib_a-nano-vfprintf_float.o)
                0x08002d3a                __exponent
 .text._printf_float
                0x08002da4      0x480 c:/program files (x86)/atollic/truestudio for stm32 9.3.0/armtools/bin/../lib/gcc/arm-atollic-eabi/6.3.1/../../../../arm-atollic-eabi/lib/armv7e-m/fpu\libc_nano.a(lib_a-nano-vfprintf_float.o)
                0x08002da4                _printf_float
 .text._printf_common
                0x08003224       0xec c:/program files (x86)/atollic/truestudio for stm32 9.3.0/armtools/bin/../lib/gcc/arm-atollic-eabi/6.3.1/../../../../arm-atollic-eabi/lib/armv7e-m/fpu\libc_nano.a(lib_a-nano-vfprintf_i.o)
                0x08003224                _printf_common
 .text.quorem   0x08003310      0x118 c:/program files (x86)/atollic/truestudio for stm32 9.3.0/armtools/bin/../lib/gcc/arm-atollic-eabi/6.3.1/../../../../arm-atollic-eabi/lib/armv7e-m/fpu\libc_nano.a(lib_a-dtoa.o)
 .text._dtoa_r  0x08003428      0xb9c c:/program files (x86)/atollic/truestudio for stm32 9.3.0/armtools/bin/../lib/gcc/arm-atollic-eabi/6.3.1/../../../../arm-atollic-eabi/lib/armv7e-m/fpu\libc_nano.a(lib_a-dtoa.o)
                0x08003428                _dtoa_r
 .text._localeconv_r
                0x08003fc4       0x1c c:/program files (x86)/atollic/truestudio for stm32 9.3.0/armtools/bin/../lib/gcc/arm-atollic-eabi/6.3.1/../../../../arm-atollic-eabi/lib/armv7e-m/fpu\libc_nano.a(lib_a-localeconv.o)
                0x08003fc4                _localeconv_r
 .text.malloc   0x08003fe0       0x10 c:/program files (x86)/atollic/truestudio for stm32 9.3.0/armtools/bin/../lib/gcc/arm-atollic-eabi/6.3.1/../../../../arm-atollic-eabi/lib/armv7e-m/fpu\libc_nano.a(lib_a-malloc.o)
                0x08003fe0                malloc
 .text.memcpy   0x08003ff0       0x16 c:/program files (x86)/atollic/truestudio for stm32 9.3.0/armtools/bin/../lib/gcc/arm-atollic-eabi/6.3.1/../../../../arm-atollic-eabi/lib/armv7e-m/fpu\libc_nano.a(lib_a-memcpy-stub.o)
                0x08003ff0                memcpy
 .text._Balloc  0x08004006       0x68 c:/program files (x86)/atollic/truestudio for stm32 9.3.0/armtools/bin/../lib/gcc/arm-atollic-eabi/6.3.1/../../../../arm-atollic-eabi/lib/armv7e-m/fpu\libc_nano.a(lib_a-mprec.o)
                0x08004006                _Balloc
 .text._Bfree   0x0800406e       0x2e c:/program files (x86)/atollic/truestudio for stm32 9.3.0/armtools/bin/../lib/gcc/arm-atollic-eabi/6.3.1/../../../../arm-atollic-eabi/lib/armv7e-m/fpu\libc_nano.a(lib_a-mprec.o)
                0x0800406e                _Bfree
 .text.__multadd
                0x0800409c       0x76 c:/program files (x86)/atollic/truestudio for stm32 9.3.0/armtools/bin/../lib/gcc/arm-atollic-eabi/6.3.1/../../../../arm-atollic-eabi/lib/armv7e-m/fpu\libc_nano.a(lib_a-mprec.o)
                0x0800409c                __multadd
 .text.__hi0bits
                0x08004112       0x3e c:/program files (x86)/atollic/truestudio for stm32 9.3.0/armtools/bin/../lib/gcc/arm-atollic-eabi/6.3.1/../../../../arm-atollic-eabi/lib/armv7e-m/fpu\libc_nano.a(lib_a-mprec.o)
                0x08004112                __hi0bits
 .text.__lo0bits
                0x08004150       0x5e c:/program files (x86)/atollic/truestudio for stm32 9.3.0/armtools/bin/../lib/gcc/arm-atollic-eabi/6.3.1/../../../../arm-atollic-eabi/lib/armv7e-m/fpu\libc_nano.a(lib_a-mprec.o)
                0x08004150                __lo0bits
 .text.__i2b    0x080041ae       0x12 c:/program files (x86)/atollic/truestudio for stm32 9.3.0/armtools/bin/../lib/gcc/arm-atollic-eabi/6.3.1/../../../../arm-atollic-eabi/lib/armv7e-m/fpu\libc_nano.a(lib_a-mprec.o)
                0x080041ae                __i2b
 .text.__multiply
                0x080041c0      0x11a c:/program files (x86)/atollic/truestudio for stm32 9.3.0/armtools/bin/../lib/gcc/arm-atollic-eabi/6.3.1/../../../../arm-atollic-eabi/lib/armv7e-m/fpu\libc_nano.a(lib_a-mprec.o)
                0x080041c0                __multiply
 *fill*         0x080042da        0x2 
 .text.__pow5mult
                0x080042dc       0x9c c:/program files (x86)/atollic/truestudio for stm32 9.3.0/armtools/bin/../lib/gcc/arm-atollic-eabi/6.3.1/../../../../arm-atollic-eabi/lib/armv7e-m/fpu\libc_nano.a(lib_a-mprec.o)
                0x080042dc                __pow5mult
 .text.__lshift
                0x08004378       0xa2 c:/program files (x86)/atollic/truestudio for stm32 9.3.0/armtools/bin/../lib/gcc/arm-atollic-eabi/6.3.1/../../../../arm-atollic-eabi/lib/armv7e-m/fpu\libc_nano.a(lib_a-mprec.o)
                0x08004378                __lshift
 .text.__mcmp   0x0800441a       0x34 c:/program files (x86)/atollic/truestudio for stm32 9.3.0/armtools/bin/../lib/gcc/arm-atollic-eabi/6.3.1/../../../../arm-atollic-eabi/lib/armv7e-m/fpu\libc_nano.a(lib_a-mprec.o)
                0x0800441a                __mcmp
 .text.__mdiff  0x0800444e       0xbc c:/program files (x86)/atollic/truestudio for stm32 9.3.0/armtools/bin/../lib/gcc/arm-atollic-eabi/6.3.1/../../../../arm-atollic-eabi/lib/armv7e-m/fpu\libc_nano.a(lib_a-mprec.o)
                0x0800444e                __mdiff
 .text.__d2b    0x0800450a       0x9e c:/program files (x86)/atollic/truestudio for stm32 9.3.0/armtools/bin/../lib/gcc/arm-atollic-eabi/6.3.1/../../../../arm-atollic-eabi/lib/armv7e-m/fpu\libc_nano.a(lib_a-mprec.o)
                0x0800450a                __d2b
 .text._calloc_r
                0x080045a8       0x1c c:/program files (x86)/atollic/truestudio for stm32 9.3.0/armtools/bin/../lib/gcc/arm-atollic-eabi/6.3.1/../../../../arm-atollic-eabi/lib/armv7e-m/fpu\libc_nano.a(lib_a-nano-callocr.o)
                0x080045a8                _calloc_r
 .text._malloc_r
                0x080045c4       0xbc c:/program files (x86)/atollic/truestudio for stm32 9.3.0/armtools/bin/../lib/gcc/arm-atollic-eabi/6.3.1/../../../../arm-atollic-eabi/lib/armv7e-m/fpu\libc_nano.a(lib_a-nano-mallocr.o)
                0x080045c4                _malloc_r
 .text._sbrk_r  0x08004680       0x20 c:/program files (x86)/atollic/truestudio for stm32 9.3.0/armtools/bin/../lib/gcc/arm-atollic-eabi/6.3.1/../../../../arm-atollic-eabi/lib/armv7e-m/fpu\libc_nano.a(lib_a-sbrkr.o)
                0x08004680                _sbrk_r
 .text.__ascii_mbtowc
                0x080046a0       0x24 c:/program files (x86)/atollic/truestudio for stm32 9.3.0/armtools/bin/../lib/gcc/arm-atollic-eabi/6.3.1/../../../../arm-atollic-eabi/lib/armv7e-m/fpu\libc_nano.a(lib_a-mbtowc_r.o)
                0x080046a0                __ascii_mbtowc
 .text.memset   0x080046c4       0x10 c:/program files (x86)/atollic/truestudio for stm32 9.3.0/armtools/bin/../lib/gcc/arm-atollic-eabi/6.3.1/../../../../arm-atollic-eabi/lib/armv7e-m/fpu\libc_nano.a(lib_a-memset.o)
                0x080046c4                memset
 .text.__malloc_lock
                0x080046d4        0x2 c:/program files (x86)/atollic/truestudio for stm32 9.3.0/armtools/bin/../lib/gcc/arm-atollic-eabi/6.3.1/../../../../arm-atollic-eabi/lib/armv7e-m/fpu\libc_nano.a(lib_a-mlock.o)
                0x080046d4                __malloc_lock
 .text.__malloc_unlock
                0x080046d6        0x2 c:/program files (x86)/atollic/truestudio for stm32 9.3.0/armtools/bin/../lib/gcc/arm-atollic-eabi/6.3.1/../../../../arm-atollic-eabi/lib/armv7e-m/fpu\libc_nano.a(lib_a-mlock.o)
                0x080046d6                __malloc_unlock
 .text.__ascii_wctomb
                0x080046d8       0x1a c:/program files (x86)/atollic/truestudio for stm32 9.3.0/armtools/bin/../lib/gcc/arm-atollic-eabi/6.3.1/../../../../arm-atollic-eabi/lib/armv7e-m/fpu\libc_nano.a(lib_a-wctomb_r.o)
                0x080046d8                __ascii_wctomb
 *(.glue_7)
 .glue_7        0x080046f2        0x0 linker stubs
 *(.glue_7t)
 .glue_7t       0x080046f2        0x0 linker stubs
 *(.eh_frame)
 *fill*         0x080046f2        0x2 
 .eh_frame      0x080046f4        0x0 c:/program files (x86)/atollic/truestudio for stm32 9.3.0/armtools/bin/../lib/gcc/arm-atollic-eabi/6.3.1/armv7e-m/fpu/crtbegin.o
 *(.init)
 .init          0x080046f4        0x4 c:/program files (x86)/atollic/truestudio for stm32 9.3.0/armtools/bin/../lib/gcc/arm-atollic-eabi/6.3.1/armv7e-m/fpu/crti.o
                0x080046f4                _init
 .init          0x080046f8        0x8 c:/program files (x86)/atollic/truestudio for stm32 9.3.0/armtools/bin/../lib/gcc/arm-atollic-eabi/6.3.1/armv7e-m/fpu/crtn.o
 *(.fini)
 .fini          0x08004700        0x4 c:/program files (x86)/atollic/truestudio for stm32 9.3.0/armtools/bin/../lib/gcc/arm-atollic-eabi/6.3.1/armv7e-m/fpu/crti.o
                0x08004700                _fini
 .fini          0x08004704        0x8 c:/program files (x86)/atollic/truestudio for stm32 9.3.0/armtools/bin/../lib/gcc/arm-atollic-eabi/6.3.1/armv7e-m/fpu/crtn.o
                0x0800470c                . = ALIGN (0x4)
                0x0800470c                _etext = .

.vfp11_veneer   0x0800470c        0x0
 .vfp11_veneer  0x0800470c        0x0 linker stubs

.v4_bx          0x0800470c        0x0
 .v4_bx         0x0800470c        0x0 linker stubs

.iplt           0x0800470c        0x0
 .iplt          0x0800470c        0x0 c:/program files (x86)/atollic/truestudio for stm32 9.3.0/armtools/bin/../lib/gcc/arm-atollic-eabi/6.3.1/armv7e-m/fpu/crtbegin.o

.rodata         0x08004710      0x230
                0x08004710                . = ALIGN (0x4)
 *(.rodata)
 *(.rodata*)
 .rodata.GPIO_PIN_CONFIG
                0x08004710        0x3 src\Communication_Manager.o
 .rodata._printf_float.str1.1
                0x08004713       0x12 c:/program files (x86)/atollic/truestudio for stm32 9.3.0/armtools/bin/../lib/gcc/arm-atollic-eabi/6.3.1/../../../../arm-atollic-eabi/lib/armv7e-m/fpu\libc_nano.a(lib_a-nano-vfprintf_float.o)
 .rodata._dtoa_r.str1.1
                0x08004725        0xd c:/program files (x86)/atollic/truestudio for stm32 9.3.0/armtools/bin/../lib/gcc/arm-atollic-eabi/6.3.1/../../../../arm-atollic-eabi/lib/armv7e-m/fpu\libc_nano.a(lib_a-dtoa.o)
                                  0xf (size before relaxing)
 *fill*         0x08004732        0x6 
 .rodata.__mprec_bigtens
                0x08004738       0x28 c:/program files (x86)/atollic/truestudio for stm32 9.3.0/armtools/bin/../lib/gcc/arm-atollic-eabi/6.3.1/../../../../arm-atollic-eabi/lib/armv7e-m/fpu\libc_nano.a(lib_a-mprec.o)
                0x08004738                __mprec_bigtens
 .rodata.__mprec_tens
                0x08004760       0xc8 c:/program files (x86)/atollic/truestudio for stm32 9.3.0/armtools/bin/../lib/gcc/arm-atollic-eabi/6.3.1/../../../../arm-atollic-eabi/lib/armv7e-m/fpu\libc_nano.a(lib_a-mprec.o)
                0x08004760                __mprec_tens
 .rodata.p05.7175
                0x08004828        0xc c:/program files (x86)/atollic/truestudio for stm32 9.3.0/armtools/bin/../lib/gcc/arm-atollic-eabi/6.3.1/../../../../arm-atollic-eabi/lib/armv7e-m/fpu\libc_nano.a(lib_a-mprec.o)
 .rodata._setlocale_r.str1.1
                0x08004834        0x8 c:/program files (x86)/atollic/truestudio for stm32 9.3.0/armtools/bin/../lib/gcc/arm-atollic-eabi/6.3.1/../../../../arm-atollic-eabi/lib/armv7e-m/fpu\libc_nano.a(lib_a-locale.o)
                                  0x9 (size before relaxing)
 .rodata.str1.1
                0x0800483c        0x2 c:/program files (x86)/atollic/truestudio for stm32 9.3.0/armtools/bin/../lib/gcc/arm-atollic-eabi/6.3.1/../../../../arm-atollic-eabi/lib/armv7e-m/fpu\libc_nano.a(lib_a-locale.o)
 .rodata._ctype_
                0x0800483e      0x101 c:/program files (x86)/atollic/truestudio for stm32 9.3.0/armtools/bin/../lib/gcc/arm-atollic-eabi/6.3.1/../../../../arm-atollic-eabi/lib/armv7e-m/fpu\libc_nano.a(lib_a-ctype_.o)
                0x0800483e                _ctype_
                0x08004940                . = ALIGN (0x4)
 *fill*         0x0800493f        0x1 

.rel.dyn        0x08004940        0x0
 .rel.iplt      0x08004940        0x0 c:/program files (x86)/atollic/truestudio for stm32 9.3.0/armtools/bin/../lib/gcc/arm-atollic-eabi/6.3.1/armv7e-m/fpu/crtbegin.o

.ARM.extab
 *(.ARM.extab* .gnu.linkonce.armextab.*)

.ARM            0x08004940        0x0
                0x08004940                __exidx_start = .
 *(.ARM.exidx*)
                0x08004940                __exidx_end = .

.preinit_array  0x08004940        0x0
                0x08004940                PROVIDE (__preinit_array_start, .)
 *(.preinit_array*)
                0x08004940                PROVIDE (__preinit_array_end, .)

.init_array     0x08004940        0x4
                0x08004940                PROVIDE (__init_array_start, .)
 *(SORT(.init_array.*))
 *(.init_array*)
 .init_array    0x08004940        0x4 c:/program files (x86)/atollic/truestudio for stm32 9.3.0/armtools/bin/../lib/gcc/arm-atollic-eabi/6.3.1/armv7e-m/fpu/crtbegin.o
                0x08004944                PROVIDE (__init_array_end, .)

.fini_array     0x08004944        0x4
                [!provide]                PROVIDE (__fini_array_start, .)
 *(SORT(.fini_array.*))
 *(.fini_array*)
 .fini_array    0x08004944        0x4 c:/program files (x86)/atollic/truestudio for stm32 9.3.0/armtools/bin/../lib/gcc/arm-atollic-eabi/6.3.1/armv7e-m/fpu/crtbegin.o
                [!provide]                PROVIDE (__fini_array_end, .)
                0x08004948                _sidata = LOADADDR (.data)

.data           0x20000000      0x320 load address 0x08004948
                0x20000000                . = ALIGN (0x4)
                0x20000000                _sdata = .
 *(.data)
 *(.data*)
 .data.Data     0x20000000       0x14 src\Communication_Manager.o
                0x20000000                Data
 .data.GPIO_Arr
                0x20000014       0x24 src\GPIO.o
                0x20000014                GPIO_Arr
 .data.GPIO_PinConfigArray
                0x20000038       0x36 src\GPIO_Lcfg.o
                0x20000038                GPIO_PinConfigArray
 *fill*         0x2000006e        0x2 
 .data.API_Adress_txt
                0x20000070       0x32 src\Mode_manager.o
 .data.MASK_received
                0x200000a2        0x1 src\Mode_manager.o
                0x200000a2                MASK_received
 *fill*         0x200000a3        0x1 
 .data.AHB_PreScaler
                0x200000a4       0x10 src\RCC_Driver.o
                0x200000a4                AHB_PreScaler
 .data.APB1_PreScaler
                0x200000b4        0x4 src\RCC_Driver.o
                0x200000b4                APB1_PreScaler
 .data.USART_Arr
                0x200000b8       0x18 src\UART_Driver.o
                0x200000b8                USART_Arr
 .data.UART_ConfigArray
                0x200000d0       0x3c src\UART_Lcfg.o
                0x200000d0                UART_ConfigArray
 .data.TX_Buffer
                0x2000010c        0x4 src\main.o
                0x2000010c                TX_Buffer
 .data.Timer_Arr
                0x20000110       0x10 src\timer.o
                0x20000110                Timer_Arr
 .data.TIM_ConfigArray
                0x20000120       0x30 src\timer_lcfg.o
                0x20000120                TIM_ConfigArray
 .data._impure_ptr
                0x20000150        0x4 c:/program files (x86)/atollic/truestudio for stm32 9.3.0/armtools/bin/../lib/gcc/arm-atollic-eabi/6.3.1/../../../../arm-atollic-eabi/lib/armv7e-m/fpu\libc_nano.a(lib_a-impure.o)
                0x20000150                _impure_ptr
 .data.impure_data
                0x20000154       0x60 c:/program files (x86)/atollic/truestudio for stm32 9.3.0/armtools/bin/../lib/gcc/arm-atollic-eabi/6.3.1/../../../../arm-atollic-eabi/lib/armv7e-m/fpu\libc_nano.a(lib_a-impure.o)
 .data.__global_locale
                0x200001b4      0x16c c:/program files (x86)/atollic/truestudio for stm32 9.3.0/armtools/bin/../lib/gcc/arm-atollic-eabi/6.3.1/../../../../arm-atollic-eabi/lib/armv7e-m/fpu\libc_nano.a(lib_a-locale.o)
                0x200001b4                __global_locale
                0x20000320                . = ALIGN (0x4)
                0x20000320                _edata = .
                0x08004c68                _siccmram = LOADADDR (.ccmram)

.igot.plt       0x20000320        0x0 load address 0x08004c68
 .igot.plt      0x20000320        0x0 c:/program files (x86)/atollic/truestudio for stm32 9.3.0/armtools/bin/../lib/gcc/arm-atollic-eabi/6.3.1/armv7e-m/fpu/crtbegin.o

.ccmram         0x10000000        0x0 load address 0x08004c68
                0x10000000                . = ALIGN (0x4)
                0x10000000                _sccmram = .
 *(.ccmram)
 *(.ccmram*)
                0x10000000                . = ALIGN (0x4)
                0x10000000                _eccmram = .
                0x10000000                . = ALIGN (0x4)

.bss            0x20000320      0x1b8
                0x20000320                _sbss = .
                0x20000320                __bss_start__ = _sbss
 *(.bss)
 .bss           0x20000320       0x1c c:/program files (x86)/atollic/truestudio for stm32 9.3.0/armtools/bin/../lib/gcc/arm-atollic-eabi/6.3.1/armv7e-m/fpu/crtbegin.o
 *(.bss*)
 .bss.CAN_TxRdy
                0x2000033c        0x3 src\CAN.o
 *fill*         0x2000033f        0x1 
 .bss.GPIO_Counter.5592
                0x20000340        0x3 src\Communication_Manager.o
 .bss.Seat_returnValue
                0x20000343        0x1 src\Mode_manager.o
                0x20000343                Seat_returnValue
 .bss.state     0x20000344        0x1 src\Mode_manager.o
 .bss.Ignition_Signal
                0x20000345        0x1 src\Mode_manager.o
 .bss.COVID_detection_Data
                0x20000346        0x1 src\Mode_manager.o
 .bss.Mask_detection_Data
                0x20000347        0x1 src\Mode_manager.o
 .bss.Seat_     0x20000348        0x4 src\Mode_manager.o
 .bss.Set_temp_var
                0x2000034c        0x1 src\Mode_manager.o
 .bss.TFT_Rx_pressed
                0x2000034d        0x1 src\Mode_manager.o
 .bss.TFT_Tx_notification
                0x2000034e        0x1 src\TFT.o
 .bss.TFT_Rx_notification
                0x2000034f        0x1 src\TFT.o
 .bss.TFT_Status
                0x20000350        0x1 src\TFT.o
 .bss.TFT_Reg_Address
                0x20000351        0x1 src\TFT.o
 .bss.TFT_Variable_Addrss
                0x20000352        0x2 src\TFT.o
 .bss.TFT_Data  0x20000354        0x2 src\TFT.o
 .bss.tft_data_type
                0x20000356        0x1 src\TFT.o
 .bss.TFT_State
                0x20000357        0x1 src\TFT.o
 .bss.TFT_New_Request
                0x20000358        0x1 src\TFT.o
 *fill*         0x20000359        0x3 
 .bss.write_var_arr
                0x2000035c        0x8 src\TFT.o
 .bss.write_reg_arr
                0x20000364        0x7 src\TFT.o
 *fill*         0x2000036b        0x1 
 .bss.TFT_Txt_Length
                0x2000036c        0x2 src\TFT.o
 *fill*         0x2000036e        0x2 
 .bss.write_text_arr
                0x20000370       0x64 src\TFT.o
 .bss.text_ptr  0x200003d4        0x4 src\TFT.o
 .bss.TFT_ReadDataArr
                0x200003d8        0x9 src\TFT.o
 .bss.TFT_RxState
                0x200003e1        0x1 src\TFT.o
 .bss.TFT_RxBuffer
                0x200003e2        0x1 src\TFT.o
 .bss.TFT_current_state
                0x200003e3        0x1 src\TFT.o
                0x200003e3                TFT_current_state
 .bss.Uart_IntTxeDetails
                0x200003e4       0x48 src\UART_Driver.o
                0x200003e4                Uart_IntTxeDetails
 .bss.Uart_IntRxDetails
                0x2000042c       0x48 src\UART_Driver.o
                0x2000042c                Uart_IntRxDetails
 .bss.RX_Buffer
                0x20000474        0x8 src\main.o
                0x20000474                RX_Buffer
 .bss.heap_end.8365
                0x2000047c        0x4 src\syscalls.o
 .bss.__malloc_free_list
                0x20000480        0x4 c:/program files (x86)/atollic/truestudio for stm32 9.3.0/armtools/bin/../lib/gcc/arm-atollic-eabi/6.3.1/../../../../arm-atollic-eabi/lib/armv7e-m/fpu\libc_nano.a(lib_a-nano-mallocr.o)
                0x20000480                __malloc_free_list
 .bss.__malloc_sbrk_start
                0x20000484        0x4 c:/program files (x86)/atollic/truestudio for stm32 9.3.0/armtools/bin/../lib/gcc/arm-atollic-eabi/6.3.1/../../../../arm-atollic-eabi/lib/armv7e-m/fpu\libc_nano.a(lib_a-nano-mallocr.o)
                0x20000484                __malloc_sbrk_start
 *(COMMON)
 COMMON         0x20000488       0x10 src\CAN_MCU2_Lcfg.o
                0x20000488                RXbuffer
                0x20000490                Seat_reading
 COMMON         0x20000498        0x7 src\Communication_Manager.o
                0x20000498                Request_State
                0x2000049c                GPIO_STATE
 COMMON         0x2000049f        0x3 src\Mode_manager.o
                0x2000049f                Mask_returnValue
                0x200004a0                COVID_received
                0x200004a1                API_received
 *fill*         0x200004a2        0x2 
 COMMON         0x200004a4       0x30 src\UART_Driver.o
                0x200004a4                RX_ptr
                0x200004bc                TX_ptr
 COMMON         0x200004d4        0x4 c:/program files (x86)/atollic/truestudio for stm32 9.3.0/armtools/bin/../lib/gcc/arm-atollic-eabi/6.3.1/../../../../arm-atollic-eabi/lib/armv7e-m/fpu\libc_nano.a(lib_a-reent.o)
                0x200004d4                errno
                0x200004d8                . = ALIGN (0x4)
                0x200004d8                _ebss = .
                0x200004d8                __bss_end__ = _ebss

._user_heap_stack
                0x200004d8      0x400
                0x200004d8                . = ALIGN (0x4)
                0x200004d8                PROVIDE (end, .)
                [!provide]                PROVIDE (_end, .)
                0x200004d8                . = (. + _Min_Heap_Size)
                0x200008d8                . = (. + _Min_Stack_Size)
 *fill*         0x200004d8      0x400 
                0x200008d8                . = ALIGN (0x4)

.memory_b1_text
 *(.mb1text)
 *(.mb1text*)
 *(.mb1rodata)
 *(.mb1rodata*)

/DISCARD/
 libc.a(*)
 libm.a(*)
 libgcc.a(*)

.ARM.attributes
                0x00000000       0x30
 *(.ARM.attributes)
 .ARM.attributes
                0x00000000       0x22 c:/program files (x86)/atollic/truestudio for stm32 9.3.0/armtools/bin/../lib/gcc/arm-atollic-eabi/6.3.1/armv7e-m/fpu/crti.o
 .ARM.attributes
                0x00000022       0x34 c:/program files (x86)/atollic/truestudio for stm32 9.3.0/armtools/bin/../lib/gcc/arm-atollic-eabi/6.3.1/armv7e-m/fpu/crtbegin.o
 .ARM.attributes
                0x00000056       0x39 src\CAN.o
 .ARM.attributes
                0x0000008f       0x39 src\CAN_MCU2_Lcfg.o
 .ARM.attributes
                0x000000c8       0x39 src\CAN_Manager.o
 .ARM.attributes
                0x00000101       0x39 src\Communication_Manager.o
 .ARM.attributes
                0x0000013a       0x39 src\GPIO.o
 .ARM.attributes
                0x00000173       0x39 src\GPIO_Lcfg.o
 .ARM.attributes
                0x000001ac       0x39 src\Mode_manager.o
 .ARM.attributes
                0x000001e5       0x39 src\RCC_Driver.o
 .ARM.attributes
                0x0000021e       0x39 src\TFT.o
 .ARM.attributes
                0x00000257       0x39 src\UART_Driver.o
 .ARM.attributes
                0x00000290       0x39 src\UART_Lcfg.o
 .ARM.attributes
                0x000002c9       0x39 src\main.o
 .ARM.attributes
                0x00000302       0x21 src\startup_stm32f40xx.o
 .ARM.attributes
                0x00000323       0x39 src\stm32f4xx_it.o
 .ARM.attributes
                0x0000035c       0x39 src\syscalls.o
 .ARM.attributes
                0x00000395       0x39 src\system_stm32f4xx.o
 .ARM.attributes
                0x000003ce       0x39 src\timer.o
 .ARM.attributes
                0x00000407       0x39 src\timer_lcfg.o
 .ARM.attributes
                0x00000440       0x34 c:/program files (x86)/atollic/truestudio for stm32 9.3.0/armtools/bin/../lib/gcc/arm-atollic-eabi/6.3.1/../../../../arm-atollic-eabi/lib/armv7e-m/fpu\libc_nano.a(lib_a-init.o)
 .ARM.attributes
                0x00000474       0x34 c:/program files (x86)/atollic/truestudio for stm32 9.3.0/armtools/bin/../lib/gcc/arm-atollic-eabi/6.3.1/../../../../arm-atollic-eabi/lib/armv7e-m/fpu\libc_nano.a(lib_a-nano-vfprintf_float.o)
 .ARM.attributes
                0x000004a8       0x34 c:/program files (x86)/atollic/truestudio for stm32 9.3.0/armtools/bin/../lib/gcc/arm-atollic-eabi/6.3.1/../../../../arm-atollic-eabi/lib/armv7e-m/fpu\libc_nano.a(lib_a-nano-vfprintf_i.o)
 .ARM.attributes
                0x000004dc       0x34 c:/program files (x86)/atollic/truestudio for stm32 9.3.0/armtools/bin/../lib/gcc/arm-atollic-eabi/6.3.1/../../../../arm-atollic-eabi/lib/armv7e-m/fpu\libc_nano.a(lib_a-reent.o)
 .ARM.attributes
                0x00000510       0x1b c:/program files (x86)/atollic/truestudio for stm32 9.3.0/armtools/bin/../lib/gcc/arm-atollic-eabi/6.3.1/../../../../arm-atollic-eabi/lib/armv7e-m/fpu\libc_nano.a(lib_a-strlen.o)
 .ARM.attributes
                0x0000052b       0x34 c:/program files (x86)/atollic/truestudio for stm32 9.3.0/armtools/bin/../lib/gcc/arm-atollic-eabi/6.3.1/../../../../arm-atollic-eabi/lib/armv7e-m/fpu\libc_nano.a(lib_a-dtoa.o)
 .ARM.attributes
                0x0000055f       0x34 c:/program files (x86)/atollic/truestudio for stm32 9.3.0/armtools/bin/../lib/gcc/arm-atollic-eabi/6.3.1/../../../../arm-atollic-eabi/lib/armv7e-m/fpu\libc_nano.a(lib_a-impure.o)
 .ARM.attributes
                0x00000593       0x34 c:/program files (x86)/atollic/truestudio for stm32 9.3.0/armtools/bin/../lib/gcc/arm-atollic-eabi/6.3.1/../../../../arm-atollic-eabi/lib/armv7e-m/fpu\libc_nano.a(lib_a-localeconv.o)
 .ARM.attributes
                0x000005c7       0x34 c:/program files (x86)/atollic/truestudio for stm32 9.3.0/armtools/bin/../lib/gcc/arm-atollic-eabi/6.3.1/../../../../arm-atollic-eabi/lib/armv7e-m/fpu\libc_nano.a(lib_a-malloc.o)
 .ARM.attributes
                0x000005fb       0x34 c:/program files (x86)/atollic/truestudio for stm32 9.3.0/armtools/bin/../lib/gcc/arm-atollic-eabi/6.3.1/../../../../arm-atollic-eabi/lib/armv7e-m/fpu\libc_nano.a(lib_a-memcpy-stub.o)
 .ARM.attributes
                0x0000062f       0x34 c:/program files (x86)/atollic/truestudio for stm32 9.3.0/armtools/bin/../lib/gcc/arm-atollic-eabi/6.3.1/../../../../arm-atollic-eabi/lib/armv7e-m/fpu\libc_nano.a(lib_a-mprec.o)
 .ARM.attributes
                0x00000663       0x34 c:/program files (x86)/atollic/truestudio for stm32 9.3.0/armtools/bin/../lib/gcc/arm-atollic-eabi/6.3.1/../../../../arm-atollic-eabi/lib/armv7e-m/fpu\libc_nano.a(lib_a-nano-callocr.o)
 .ARM.attributes
                0x00000697       0x34 c:/program files (x86)/atollic/truestudio for stm32 9.3.0/armtools/bin/../lib/gcc/arm-atollic-eabi/6.3.1/../../../../arm-atollic-eabi/lib/armv7e-m/fpu\libc_nano.a(lib_a-nano-mallocr.o)
 .ARM.attributes
                0x000006cb       0x34 c:/program files (x86)/atollic/truestudio for stm32 9.3.0/armtools/bin/../lib/gcc/arm-atollic-eabi/6.3.1/../../../../arm-atollic-eabi/lib/armv7e-m/fpu\libc_nano.a(lib_a-sbrkr.o)
 .ARM.attributes
                0x000006ff       0x34 c:/program files (x86)/atollic/truestudio for stm32 9.3.0/armtools/bin/../lib/gcc/arm-atollic-eabi/6.3.1/../../../../arm-atollic-eabi/lib/armv7e-m/fpu\libc_nano.a(lib_a-locale.o)
 .ARM.attributes
                0x00000733       0x34 c:/program files (x86)/atollic/truestudio for stm32 9.3.0/armtools/bin/../lib/gcc/arm-atollic-eabi/6.3.1/../../../../arm-atollic-eabi/lib/armv7e-m/fpu\libc_nano.a(lib_a-mbtowc_r.o)
 .ARM.attributes
                0x00000767       0x34 c:/program files (x86)/atollic/truestudio for stm32 9.3.0/armtools/bin/../lib/gcc/arm-atollic-eabi/6.3.1/../../../../arm-atollic-eabi/lib/armv7e-m/fpu\libc_nano.a(lib_a-memset.o)
 .ARM.attributes
                0x0000079b       0x34 c:/program files (x86)/atollic/truestudio for stm32 9.3.0/armtools/bin/../lib/gcc/arm-atollic-eabi/6.3.1/../../../../arm-atollic-eabi/lib/armv7e-m/fpu\libc_nano.a(lib_a-mlock.o)
 .ARM.attributes
                0x000007cf       0x34 c:/program files (x86)/atollic/truestudio for stm32 9.3.0/armtools/bin/../lib/gcc/arm-atollic-eabi/6.3.1/../../../../arm-atollic-eabi/lib/armv7e-m/fpu\libc_nano.a(lib_a-wctomb_r.o)
 .ARM.attributes
                0x00000803       0x34 c:/program files (x86)/atollic/truestudio for stm32 9.3.0/armtools/bin/../lib/gcc/arm-atollic-eabi/6.3.1/../../../../arm-atollic-eabi/lib/armv7e-m/fpu\libc_nano.a(lib_a-ctype_.o)
 .ARM.attributes
                0x00000837       0x22 c:/program files (x86)/atollic/truestudio for stm32 9.3.0/armtools/bin/../lib/gcc/arm-atollic-eabi/6.3.1/armv7e-m/fpu\libgcc.a(_arm_addsubdf3.o)
 .ARM.attributes
                0x00000859       0x22 c:/program files (x86)/atollic/truestudio for stm32 9.3.0/armtools/bin/../lib/gcc/arm-atollic-eabi/6.3.1/armv7e-m/fpu\libgcc.a(_arm_muldivdf3.o)
 .ARM.attributes
                0x0000087b       0x22 c:/program files (x86)/atollic/truestudio for stm32 9.3.0/armtools/bin/../lib/gcc/arm-atollic-eabi/6.3.1/armv7e-m/fpu\libgcc.a(_arm_cmpdf2.o)
 .ARM.attributes
                0x0000089d       0x22 c:/program files (x86)/atollic/truestudio for stm32 9.3.0/armtools/bin/../lib/gcc/arm-atollic-eabi/6.3.1/armv7e-m/fpu\libgcc.a(_arm_unorddf2.o)
 .ARM.attributes
                0x000008bf       0x22 c:/program files (x86)/atollic/truestudio for stm32 9.3.0/armtools/bin/../lib/gcc/arm-atollic-eabi/6.3.1/armv7e-m/fpu\libgcc.a(_arm_fixdfsi.o)
 .ARM.attributes
                0x000008e1       0x22 c:/program files (x86)/atollic/truestudio for stm32 9.3.0/armtools/bin/../lib/gcc/arm-atollic-eabi/6.3.1/armv7e-m/fpu/crtn.o
OUTPUT(GP_V3.elf elf32-littlearm)

.debug_info     0x00000000     0x7ecf
 .debug_info    0x00000000      0xfb2 src\CAN.o
 .debug_info    0x00000fb2      0xc36 src\CAN_MCU2_Lcfg.o
 .debug_info    0x00001be8      0x29b src\CAN_Manager.o
 .debug_info    0x00001e83      0x2f4 src\Communication_Manager.o
 .debug_info    0x00002177      0x7c3 src\GPIO.o
 .debug_info    0x0000293a      0x105 src\GPIO_Lcfg.o
 .debug_info    0x00002a3f      0xd2e src\Mode_manager.o
 .debug_info    0x0000376d      0x3cd src\RCC_Driver.o
 .debug_info    0x00003b3a      0x49b src\TFT.o
 .debug_info    0x00003fd5      0xa67 src\UART_Driver.o
 .debug_info    0x00004a3c      0x22b src\UART_Lcfg.o
 .debug_info    0x00004c67      0xc6c src\main.o
 .debug_info    0x000058d3       0x7b src\startup_stm32f40xx.o
 .debug_info    0x0000594e      0x154 src\stm32f4xx_it.o
 .debug_info    0x00005aa2     0x12e5 src\syscalls.o
 .debug_info    0x00006d87      0x5dd src\system_stm32f4xx.o
 .debug_info    0x00007364      0x9c2 src\timer.o
 .debug_info    0x00007d26      0x1a9 src\timer_lcfg.o

.debug_abbrev   0x00000000     0x1916
 .debug_abbrev  0x00000000      0x271 src\CAN.o
 .debug_abbrev  0x00000271      0x1c7 src\CAN_MCU2_Lcfg.o
 .debug_abbrev  0x00000438       0xd6 src\CAN_Manager.o
 .debug_abbrev  0x0000050e      0x127 src\Communication_Manager.o
 .debug_abbrev  0x00000635      0x19b src\GPIO.o
 .debug_abbrev  0x000007d0       0x7f src\GPIO_Lcfg.o
 .debug_abbrev  0x0000084f      0x246 src\Mode_manager.o
 .debug_abbrev  0x00000a95       0xe0 src\RCC_Driver.o
 .debug_abbrev  0x00000b75      0x176 src\TFT.o
 .debug_abbrev  0x00000ceb      0x26e src\UART_Driver.o
 .debug_abbrev  0x00000f59       0xc3 src\UART_Lcfg.o
 .debug_abbrev  0x0000101c      0x1e5 src\main.o
 .debug_abbrev  0x00001201       0x12 src\startup_stm32f40xx.o
 .debug_abbrev  0x00001213       0x78 src\stm32f4xx_it.o
 .debug_abbrev  0x0000128b      0x2cc src\syscalls.o
 .debug_abbrev  0x00001557      0x158 src\system_stm32f4xx.o
 .debug_abbrev  0x000016af      0x1e8 src\timer.o
 .debug_abbrev  0x00001897       0x7f src\timer_lcfg.o

.debug_aranges  0x00000000      0x5a0
 .debug_aranges
                0x00000000       0x70 src\CAN.o
 .debug_aranges
                0x00000070       0x28 src\CAN_MCU2_Lcfg.o
 .debug_aranges
                0x00000098       0x28 src\CAN_Manager.o
 .debug_aranges
                0x000000c0       0x48 src\Communication_Manager.o
 .debug_aranges
                0x00000108       0x70 src\GPIO.o
 .debug_aranges
                0x00000178       0x18 src\GPIO_Lcfg.o
 .debug_aranges
                0x00000190       0x60 src\Mode_manager.o
 .debug_aranges
                0x000001f0       0x30 src\RCC_Driver.o
 .debug_aranges
                0x00000220       0x50 src\TFT.o
 .debug_aranges
                0x00000270       0xa0 src\UART_Driver.o
 .debug_aranges
                0x00000310       0x38 src\UART_Lcfg.o
 .debug_aranges
                0x00000348       0x28 src\main.o
 .debug_aranges
                0x00000370       0x28 src\startup_stm32f40xx.o
 .debug_aranges
                0x00000398       0x60 src\stm32f4xx_it.o
 .debug_aranges
                0x000003f8       0xd0 src\syscalls.o
 .debug_aranges
                0x000004c8       0x30 src\system_stm32f4xx.o
 .debug_aranges
                0x000004f8       0x90 src\timer.o
 .debug_aranges
                0x00000588       0x18 src\timer_lcfg.o

.debug_ranges   0x00000000      0x478
 .debug_ranges  0x00000000       0x60 src\CAN.o
 .debug_ranges  0x00000060       0x18 src\CAN_MCU2_Lcfg.o
 .debug_ranges  0x00000078       0x18 src\CAN_Manager.o
 .debug_ranges  0x00000090       0x38 src\Communication_Manager.o
 .debug_ranges  0x000000c8       0x60 src\GPIO.o
 .debug_ranges  0x00000128       0x50 src\Mode_manager.o
 .debug_ranges  0x00000178       0x20 src\RCC_Driver.o
 .debug_ranges  0x00000198       0x40 src\TFT.o
 .debug_ranges  0x000001d8       0x90 src\UART_Driver.o
 .debug_ranges  0x00000268       0x28 src\UART_Lcfg.o
 .debug_ranges  0x00000290       0x18 src\main.o
 .debug_ranges  0x000002a8       0x20 src\startup_stm32f40xx.o
 .debug_ranges  0x000002c8       0x50 src\stm32f4xx_it.o
 .debug_ranges  0x00000318       0xc0 src\syscalls.o
 .debug_ranges  0x000003d8       0x20 src\system_stm32f4xx.o
 .debug_ranges  0x000003f8       0x80 src\timer.o

.debug_line     0x00000000     0x2a9a
 .debug_line    0x00000000      0x3fa src\CAN.o
 .debug_line    0x000003fa      0x2b4 src\CAN_MCU2_Lcfg.o
 .debug_line    0x000006ae      0x176 src\CAN_Manager.o
 .debug_line    0x00000824      0x1dc src\Communication_Manager.o
 .debug_line    0x00000a00      0x2fa src\GPIO.o
 .debug_line    0x00000cfa      0x127 src\GPIO_Lcfg.o
 .debug_line    0x00000e21      0x363 src\Mode_manager.o
 .debug_line    0x00001184      0x183 src\RCC_Driver.o
 .debug_line    0x00001307      0x23d src\TFT.o
 .debug_line    0x00001544      0x3c1 src\UART_Driver.o
 .debug_line    0x00001905      0x182 src\UART_Lcfg.o
 .debug_line    0x00001a87      0x23d src\main.o
 .debug_line    0x00001cc4       0x7a src\startup_stm32f40xx.o
 .debug_line    0x00001d3e      0x227 src\stm32f4xx_it.o
 .debug_line    0x00001f65      0x4c3 src\syscalls.o
 .debug_line    0x00002428      0x219 src\system_stm32f4xx.o
 .debug_line    0x00002641      0x330 src\timer.o
 .debug_line    0x00002971      0x129 src\timer_lcfg.o

.debug_str      0x00000000     0x1ea4
 .debug_str     0x00000000      0x961 src\CAN.o
                                0xa0d (size before relaxing)
 .debug_str     0x00000961      0x1a0 src\CAN_MCU2_Lcfg.o
                                0x8b2 (size before relaxing)
 .debug_str     0x00000b01       0x4b src\CAN_Manager.o
                                0x379 (size before relaxing)
 .debug_str     0x00000b4c      0x113 src\Communication_Manager.o
                                0x401 (size before relaxing)
 .debug_str     0x00000c5f      0x1cb src\GPIO.o
                                0x564 (size before relaxing)
 .debug_str     0x00000e2a       0x13 src\GPIO_Lcfg.o
                                0x239 (size before relaxing)
 .debug_str     0x00000e3d      0x2a5 src\Mode_manager.o
                                0x9f1 (size before relaxing)
 .debug_str     0x000010e2       0xce src\RCC_Driver.o
                                0x399 (size before relaxing)
 .debug_str     0x000011b0      0x268 src\TFT.o
                                0x512 (size before relaxing)
 .debug_str     0x00001418      0x358 src\UART_Driver.o
                                0x764 (size before relaxing)
 .debug_str     0x00001770       0x3d src\UART_Lcfg.o
                                0x335 (size before relaxing)
 .debug_str     0x000017ad       0x65 src\main.o
                                0x898 (size before relaxing)
 .debug_str     0x00001812       0xcd src\stm32f4xx_it.o
                                0x278 (size before relaxing)
 .debug_str     0x000018df      0x2d8 src\syscalls.o
                                0x9c7 (size before relaxing)
 .debug_str     0x00001bb7      0x107 src\system_stm32f4xx.o
                                0x40b (size before relaxing)
 .debug_str     0x00001cbe      0x1d2 src\timer.o
                                0x69e (size before relaxing)
 .debug_str     0x00001e90       0x14 src\timer_lcfg.o
                                0x297 (size before relaxing)

.comment        0x00000000       0x7c
 .comment       0x00000000       0x7c src\CAN.o
                                 0x7d (size before relaxing)
 .comment       0x0000007c       0x7d src\CAN_MCU2_Lcfg.o
 .comment       0x0000007c       0x7d src\CAN_Manager.o
 .comment       0x0000007c       0x7d src\Communication_Manager.o
 .comment       0x0000007c       0x7d src\GPIO.o
 .comment       0x0000007c       0x7d src\GPIO_Lcfg.o
 .comment       0x0000007c       0x7d src\Mode_manager.o
 .comment       0x0000007c       0x7d src\RCC_Driver.o
 .comment       0x0000007c       0x7d src\TFT.o
 .comment       0x0000007c       0x7d src\UART_Driver.o
 .comment       0x0000007c       0x7d src\UART_Lcfg.o
 .comment       0x0000007c       0x7d src\main.o
 .comment       0x0000007c       0x7d src\stm32f4xx_it.o
 .comment       0x0000007c       0x7d src\syscalls.o
 .comment       0x0000007c       0x7d src\system_stm32f4xx.o
 .comment       0x0000007c       0x7d src\timer.o
 .comment       0x0000007c       0x7d src\timer_lcfg.o

.debug_frame    0x00000000     0x1af8
 .debug_frame   0x00000000      0x18c src\CAN.o
 .debug_frame   0x0000018c       0x50 src\CAN_MCU2_Lcfg.o
 .debug_frame   0x000001dc       0x58 src\CAN_Manager.o
 .debug_frame   0x00000234       0xcc src\Communication_Manager.o
 .debug_frame   0x00000300      0x1c8 src\GPIO.o
 .debug_frame   0x000004c8      0x15c src\Mode_manager.o
 .debug_frame   0x00000624       0x84 src\RCC_Driver.o
 .debug_frame   0x000006a8      0x104 src\TFT.o
 .debug_frame   0x000007ac      0x290 src\UART_Driver.o
 .debug_frame   0x00000a3c       0x8c src\UART_Lcfg.o
 .debug_frame   0x00000ac8       0x54 src\main.o
 .debug_frame   0x00000b1c      0x110 src\stm32f4xx_it.o
 .debug_frame   0x00000c2c      0x380 src\syscalls.o
 .debug_frame   0x00000fac       0x7c src\system_stm32f4xx.o
 .debug_frame   0x00001028      0x254 src\timer.o
 .debug_frame   0x0000127c       0x2c c:/program files (x86)/atollic/truestudio for stm32 9.3.0/armtools/bin/../lib/gcc/arm-atollic-eabi/6.3.1/../../../../arm-atollic-eabi/lib/armv7e-m/fpu\libc_nano.a(lib_a-init.o)
 .debug_frame   0x000012a8       0x8c c:/program files (x86)/atollic/truestudio for stm32 9.3.0/armtools/bin/../lib/gcc/arm-atollic-eabi/6.3.1/../../../../arm-atollic-eabi/lib/armv7e-m/fpu\libc_nano.a(lib_a-nano-vfprintf_float.o)
 .debug_frame   0x00001334       0x60 c:/program files (x86)/atollic/truestudio for stm32 9.3.0/armtools/bin/../lib/gcc/arm-atollic-eabi/6.3.1/../../../../arm-atollic-eabi/lib/armv7e-m/fpu\libc_nano.a(lib_a-nano-vfprintf_i.o)
 .debug_frame   0x00001394       0x5c c:/program files (x86)/atollic/truestudio for stm32 9.3.0/armtools/bin/../lib/gcc/arm-atollic-eabi/6.3.1/../../../../arm-atollic-eabi/lib/armv7e-m/fpu\libc_nano.a(lib_a-reent.o)
 .debug_frame   0x000013f0       0x6c c:/program files (x86)/atollic/truestudio for stm32 9.3.0/armtools/bin/../lib/gcc/arm-atollic-eabi/6.3.1/../../../../arm-atollic-eabi/lib/armv7e-m/fpu\libc_nano.a(lib_a-dtoa.o)
 .debug_frame   0x0000145c       0x40 c:/program files (x86)/atollic/truestudio for stm32 9.3.0/armtools/bin/../lib/gcc/arm-atollic-eabi/6.3.1/../../../../arm-atollic-eabi/lib/armv7e-m/fpu\libc_nano.a(lib_a-localeconv.o)
 .debug_frame   0x0000149c       0x30 c:/program files (x86)/atollic/truestudio for stm32 9.3.0/armtools/bin/../lib/gcc/arm-atollic-eabi/6.3.1/../../../../arm-atollic-eabi/lib/armv7e-m/fpu\libc_nano.a(lib_a-malloc.o)
 .debug_frame   0x000014cc       0x28 c:/program files (x86)/atollic/truestudio for stm32 9.3.0/armtools/bin/../lib/gcc/arm-atollic-eabi/6.3.1/../../../../arm-atollic-eabi/lib/armv7e-m/fpu\libc_nano.a(lib_a-memcpy-stub.o)
 .debug_frame   0x000014f4      0x240 c:/program files (x86)/atollic/truestudio for stm32 9.3.0/armtools/bin/../lib/gcc/arm-atollic-eabi/6.3.1/../../../../arm-atollic-eabi/lib/armv7e-m/fpu\libc_nano.a(lib_a-mprec.o)
 .debug_frame   0x00001734       0x2c c:/program files (x86)/atollic/truestudio for stm32 9.3.0/armtools/bin/../lib/gcc/arm-atollic-eabi/6.3.1/../../../../arm-atollic-eabi/lib/armv7e-m/fpu\libc_nano.a(lib_a-nano-callocr.o)
 .debug_frame   0x00001760       0x2c c:/program files (x86)/atollic/truestudio for stm32 9.3.0/armtools/bin/../lib/gcc/arm-atollic-eabi/6.3.1/../../../../arm-atollic-eabi/lib/armv7e-m/fpu\libc_nano.a(lib_a-nano-mallocr.o)
 .debug_frame   0x0000178c       0x2c c:/program files (x86)/atollic/truestudio for stm32 9.3.0/armtools/bin/../lib/gcc/arm-atollic-eabi/6.3.1/../../../../arm-atollic-eabi/lib/armv7e-m/fpu\libc_nano.a(lib_a-sbrkr.o)
 .debug_frame   0x000017b8       0x68 c:/program files (x86)/atollic/truestudio for stm32 9.3.0/armtools/bin/../lib/gcc/arm-atollic-eabi/6.3.1/../../../../arm-atollic-eabi/lib/armv7e-m/fpu\libc_nano.a(lib_a-locale.o)
 .debug_frame   0x00001820       0x48 c:/program files (x86)/atollic/truestudio for stm32 9.3.0/armtools/bin/../lib/gcc/arm-atollic-eabi/6.3.1/../../../../arm-atollic-eabi/lib/armv7e-m/fpu\libc_nano.a(lib_a-mbtowc_r.o)
 .debug_frame   0x00001868       0x20 c:/program files (x86)/atollic/truestudio for stm32 9.3.0/armtools/bin/../lib/gcc/arm-atollic-eabi/6.3.1/../../../../arm-atollic-eabi/lib/armv7e-m/fpu\libc_nano.a(lib_a-memset.o)
 .debug_frame   0x00001888       0x30 c:/program files (x86)/atollic/truestudio for stm32 9.3.0/armtools/bin/../lib/gcc/arm-atollic-eabi/6.3.1/../../../../arm-atollic-eabi/lib/armv7e-m/fpu\libc_nano.a(lib_a-mlock.o)
 .debug_frame   0x000018b8       0x3c c:/program files (x86)/atollic/truestudio for stm32 9.3.0/armtools/bin/../lib/gcc/arm-atollic-eabi/6.3.1/../../../../arm-atollic-eabi/lib/armv7e-m/fpu\libc_nano.a(lib_a-wctomb_r.o)
 .debug_frame   0x000018f4       0xac c:/program files (x86)/atollic/truestudio for stm32 9.3.0/armtools/bin/../lib/gcc/arm-atollic-eabi/6.3.1/armv7e-m/fpu\libgcc.a(_arm_addsubdf3.o)
 .debug_frame   0x000019a0       0x50 c:/program files (x86)/atollic/truestudio for stm32 9.3.0/armtools/bin/../lib/gcc/arm-atollic-eabi/6.3.1/armv7e-m/fpu\libgcc.a(_arm_muldivdf3.o)
 .debug_frame   0x000019f0       0xc4 c:/program files (x86)/atollic/truestudio for stm32 9.3.0/armtools/bin/../lib/gcc/arm-atollic-eabi/6.3.1/armv7e-m/fpu\libgcc.a(_arm_cmpdf2.o)
 .debug_frame   0x00001ab4       0x20 c:/program files (x86)/atollic/truestudio for stm32 9.3.0/armtools/bin/../lib/gcc/arm-atollic-eabi/6.3.1/armv7e-m/fpu\libgcc.a(_arm_unorddf2.o)
 .debug_frame   0x00001ad4       0x24 c:/program files (x86)/atollic/truestudio for stm32 9.3.0/armtools/bin/../lib/gcc/arm-atollic-eabi/6.3.1/armv7e-m/fpu\libgcc.a(_arm_fixdfsi.o)

Cross Reference Table

Symbol                                            File
ADC_IRQHandler                                    src\startup_stm32f40xx.o
ADC_Value                                         src\main.o
ADC_Value_in_Volt                                 src\main.o
AHBPrescTable                                     src\system_stm32f4xx.o
AHB_PreScaler                                     src\RCC_Driver.o
APB1_PreScaler                                    src\RCC_Driver.o
API_received                                      src\Mode_manager.o
BusFault_Handler                                  src\stm32f4xx_it.o
                                                  src\startup_stm32f40xx.o
CAM_SetMaskState                                  src\Mode_manager.o
                                                  src\UART_Lcfg.o
                                                  src\Communication_Manager.o
CAN1_RX0_IRQHandler                               src\CAN.o
CAN1_RX1_IRQHandler                               src\startup_stm32f40xx.o
CAN1_SCE_IRQHandler                               src\startup_stm32f40xx.o
CAN1_TX_IRQHandler                                src\CAN.o
CAN2_RX0_IRQHandler                               src\startup_stm32f40xx.o
CAN2_RX1_IRQHandler                               src\startup_stm32f40xx.o
CAN2_SCE_IRQHandler                               src\startup_stm32f40xx.o
CAN2_TX_IRQHandler                                src\startup_stm32f40xx.o
CAN_IRQConfig                                     src\CAN.o
CAN_RX_Callback                                   src\CAN_MCU2_Lcfg.o
                                                  src\UART_Lcfg.o
CAN_RxRdy                                         src\CAN.o
CAN_TX_Callback                                   src\CAN_MCU2_Lcfg.o
CAN_filters_Array                                 src\CAN_MCU2_Lcfg.o
                                                  src\CAN.o
CAN_init                                          src\CAN.o
CAN_rdMsg                                         src\CAN.o
CAN_wrMsg                                         src\CAN.o
CC1R_SetValue                                     src\timer.o
COVID_received                                    src\Mode_manager.o
CRYP_IRQHandler                                   src\startup_stm32f40xx.o
CanTest                                           src\CAN.o
CanWriteBuzzer                                    src\CAN_Manager.o
                                                  src\Mode_manager.o
CanWriteHeater                                    src\CAN_Manager.o
Communication_Handling                            src\Communication_Manager.o
Communication_Manage                              src\Communication_Manager.o
                                                  src\timer.o
Communication_Manager_RX_Notification             src\Communication_Manager.o
                                                  src\UART_Lcfg.o
DCMI_IRQHandler                                   src\startup_stm32f40xx.o
DMA1_Stream0_IRQHandler                           src\startup_stm32f40xx.o
DMA1_Stream1_IRQHandler                           src\startup_stm32f40xx.o
DMA1_Stream2_IRQHandler                           src\startup_stm32f40xx.o
DMA1_Stream3_IRQHandler                           src\startup_stm32f40xx.o
DMA1_Stream4_IRQHandler                           src\startup_stm32f40xx.o
DMA1_Stream5_IRQHandler                           src\startup_stm32f40xx.o
DMA1_Stream6_IRQHandler                           src\startup_stm32f40xx.o
DMA1_Stream7_IRQHandler                           src\startup_stm32f40xx.o
DMA2_Stream0_IRQHandler                           src\startup_stm32f40xx.o
DMA2_Stream1_IRQHandler                           src\startup_stm32f40xx.o
DMA2_Stream2_IRQHandler                           src\startup_stm32f40xx.o
DMA2_Stream3_IRQHandler                           src\startup_stm32f40xx.o
DMA2_Stream4_IRQHandler                           src\startup_stm32f40xx.o
DMA2_Stream5_IRQHandler                           src\startup_stm32f40xx.o
DMA2_Stream6_IRQHandler                           src\startup_stm32f40xx.o
DMA2_Stream7_IRQHandler                           src\startup_stm32f40xx.o
Data                                              src\Communication_Manager.o
                                                  src\TFT.o
DebugMon_Handler                                  src\stm32f4xx_it.o
                                                  src\startup_stm32f40xx.o
Default_Handler                                   src\startup_stm32f40xx.o
ETH_IRQHandler                                    src\startup_stm32f40xx.o
ETH_WKUP_IRQHandler                               src\startup_stm32f40xx.o
EXTI0_IRQHandler                                  src\startup_stm32f40xx.o
EXTI15_10_IRQHandler                              src\startup_stm32f40xx.o
EXTI1_IRQHandler                                  src\startup_stm32f40xx.o
EXTI2_IRQHandler                                  src\startup_stm32f40xx.o
EXTI3_IRQHandler                                  src\startup_stm32f40xx.o
EXTI4_IRQHandler                                  src\startup_stm32f40xx.o
EXTI9_5_IRQHandler                                src\startup_stm32f40xx.o
FLASH_IRQHandler                                  src\startup_stm32f40xx.o
FPU_IRQHandler                                    src\startup_stm32f40xx.o
FSMC_IRQHandler                                   src\startup_stm32f40xx.o
GPIO_Arr                                          src\GPIO.o
GPIO_IRQConfig                                    src\GPIO.o
GPIO_IRQHandling                                  src\GPIO.o
GPIO_IRQPriorityConfig                            src\GPIO.o
GPIO_Init                                         src\GPIO.o
                                                  src\main.o
GPIO_PinConfigArray                               src\GPIO_Lcfg.o
                                                  src\GPIO.o
GPIO_RESET                                        src\GPIO.o
GPIO_ReadInputPin                                 src\GPIO.o
GPIO_ReadInputPort                                src\GPIO.o
GPIO_STATE                                        src\Communication_Manager.o
GPIO_ToggleOutputPin                              src\GPIO.o
GPIO_WriteOutputPin                               src\GPIO.o
                                                  src\Communication_Manager.o
                                                  src\CAN_MCU2_Lcfg.o
                                                  src\CAN.o
GPIO_WriteOutputPort                              src\GPIO.o
HASH_RNG_IRQHandler                               src\startup_stm32f40xx.o
HardFault_Handler                                 src\stm32f4xx_it.o
                                                  src\startup_stm32f40xx.o
I2C1_ER_IRQHandler                                src\startup_stm32f40xx.o
I2C1_EV_IRQHandler                                src\startup_stm32f40xx.o
I2C2_ER_IRQHandler                                src\startup_stm32f40xx.o
I2C2_EV_IRQHandler                                src\startup_stm32f40xx.o
I2C3_ER_IRQHandler                                src\startup_stm32f40xx.o
I2C3_EV_IRQHandler                                src\startup_stm32f40xx.o
Jetson_Req_API_Detection                          src\Communication_Manager.o
                                                  src\Mode_manager.o
Jetson_Req_COVID_Detection                        src\Communication_Manager.o
                                                  src\Mode_manager.o
Jetson_Req_Mask_Detection                         src\Communication_Manager.o
                                                  src\Mode_manager.o
Jetson_Set_API_State                              src\Mode_manager.o
                                                  src\UART_Lcfg.o
                                                  src\Communication_Manager.o
Jetson_Set_COVID_State                            src\Mode_manager.o
                                                  src\UART_Lcfg.o
                                                  src\Communication_Manager.o
LED1_ON                                           src\UART_Lcfg.o
LED1_ON2                                          src\UART_Lcfg.o
LED2_ON                                           src\UART_Lcfg.o
MASK_received                                     src\Mode_manager.o
Mask_returnValue                                  src\Mode_manager.o
MemManage_Handler                                 src\stm32f4xx_it.o
                                                  src\startup_stm32f40xx.o
Mode_Manager                                      src\Mode_manager.o
                                                  src\timer.o
NMI_Handler                                       src\stm32f4xx_it.o
                                                  src\startup_stm32f40xx.o
OC_ConfigArray                                    src\timer_lcfg.o
                                                  src\timer.o
OTG_FS_IRQHandler                                 src\startup_stm32f40xx.o
OTG_FS_WKUP_IRQHandler                            src\startup_stm32f40xx.o
OTG_HS_EP1_IN_IRQHandler                          src\startup_stm32f40xx.o
OTG_HS_EP1_OUT_IRQHandler                         src\startup_stm32f40xx.o
OTG_HS_IRQHandler                                 src\startup_stm32f40xx.o
OTG_HS_WKUP_IRQHandler                            src\startup_stm32f40xx.o
PVD_IRQHandler                                    src\startup_stm32f40xx.o
PWM_Set_Duty                                      src\timer.o
PendSV_Handler                                    src\stm32f4xx_it.o
                                                  src\startup_stm32f40xx.o
RCC_GetPCLK1Value                                 src\RCC_Driver.o
                                                  src\UART_Driver.o
RCC_GetPCLK2Value                                 src\RCC_Driver.o
                                                  src\UART_Driver.o
RCC_GetPLLOutputClock                             src\RCC_Driver.o
RCC_IRQHandler                                    src\startup_stm32f40xx.o
RTC_Alarm_IRQHandler                              src\startup_stm32f40xx.o
RTC_WKUP_IRQHandler                               src\startup_stm32f40xx.o
RX_Buffer                                         src\main.o
                                                  src\UART_Lcfg.o
                                                  src\Communication_Manager.o
RX_ptr                                            src\UART_Driver.o
                                                  src\CAN.o
RXbuffer                                          src\CAN_MCU2_Lcfg.o
                                                  src\main.o
ReceiveDoneFeedback                               src\UART_Driver.o
Request_State                                     src\Communication_Manager.o
Reset_Handler                                     src\startup_stm32f40xx.o
SDIO_IRQHandler                                   src\startup_stm32f40xx.o
SPI1_IRQHandler                                   src\startup_stm32f40xx.o
SPI2_IRQHandler                                   src\startup_stm32f40xx.o
SPI3_IRQHandler                                   src\startup_stm32f40xx.o
SVC_Handler                                       src\stm32f4xx_it.o
                                                  src\startup_stm32f40xx.o
Seat_reading                                      src\CAN_MCU2_Lcfg.o
Seat_returnValue                                  src\Mode_manager.o
Set_Ignition_Sate                                 src\Mode_manager.o
                                                  src\CAN_MCU2_Lcfg.o
Set_Seat_Sate                                     src\Mode_manager.o
                                                  src\CAN_MCU2_Lcfg.o
Set_Temp                                          src\Mode_manager.o
                                                  src\CAN_MCU2_Lcfg.o
SysTick_Handler                                   src\stm32f4xx_it.o
                                                  src\startup_stm32f40xx.o
SystemCoreClock                                   src\system_stm32f4xx.o
SystemCoreClockUpdate                             src\system_stm32f4xx.o
SystemInit                                        src\system_stm32f4xx.o
                                                  src\startup_stm32f40xx.o
TAMP_STAMP_IRQHandler                             src\startup_stm32f40xx.o
TFT_Display_Text_Req                              src\TFT.o
                                                  src\Mode_manager.o
TFT_Reading_Complete_CallBack                     src\TFT.o
                                                  src\UART_Lcfg.o
TFT_Request_Reading                               src\TFT.o
                                                  src\Mode_manager.o
TFT_Request_Writing                               src\TFT.o
                                                  src\Mode_manager.o
TFT_Rx_Manage                                     src\TFT.o
                                                  src\timer.o
TFT_Tx_Manage                                     src\TFT.o
                                                  src\timer.o
TFT_Writing_Complete_CallBack                     src\TFT.o
                                                  src\UART_Lcfg.o
TFT_button_pressed                                src\Mode_manager.o
TFT_current_state                                 src\TFT.o
TIM1_BRK_TIM9_IRQHandler                          src\startup_stm32f40xx.o
TIM1_CC_IRQHandler                                src\startup_stm32f40xx.o
TIM1_TRG_COM_TIM11_IRQHandler                     src\startup_stm32f40xx.o
TIM1_UP_TIM10_IRQHandler                          src\startup_stm32f40xx.o
TIM2_IRQHandler                                   src\timer.o
                                                  src\startup_stm32f40xx.o
TIM3_IRQHandler                                   src\timer.o
                                                  src\startup_stm32f40xx.o
TIM4_IRQHandler                                   src\timer.o
                                                  src\startup_stm32f40xx.o
TIM5_IRQHandler                                   src\startup_stm32f40xx.o
TIM6_DAC_IRQHandler                               src\startup_stm32f40xx.o
TIM7_IRQHandler                                   src\startup_stm32f40xx.o
TIM8_BRK_TIM12_IRQHandler                         src\startup_stm32f40xx.o
TIM8_CC_IRQHandler                                src\startup_stm32f40xx.o
TIM8_TRG_COM_TIM14_IRQHandler                     src\startup_stm32f40xx.o
TIM8_UP_TIM13_IRQHandler                          src\startup_stm32f40xx.o
TIM_ConfigArray                                   src\timer_lcfg.o
                                                  src\timer.o
TIM_Get_Period                                    src\timer.o
TIM_IRQConfig                                     src\timer.o
                                                  src\main.o
TIM_IntControl                                    src\timer.o
                                                  src\main.o
TIM_OC_Init                                       src\timer.o
TX_Buffer                                         src\main.o
TX_ptr                                            src\UART_Driver.o
Timer_Arr                                         src\timer.o
Timer_Cmd                                         src\timer.o
                                                  src\main.o
Timer_Init                                        src\timer.o
                                                  src\main.o
Timer_SetAutoreload                               src\timer.o
Timer_SetCounter                                  src\timer.o
TransmitDoneFeedback                              src\UART_Driver.o
Txt                                               src\main.o
UART4_IRQHandler                                  src\UART_Driver.o
UART5_IRQHandler                                  src\startup_stm32f40xx.o
UART_ConfigArray                                  src\UART_Lcfg.o
                                                  src\UART_Driver.o
UART_IRQConfig                                    src\UART_Driver.o
                                                  src\main.o
UART_RX_Callback                                  src\UART_Lcfg.o
USART1_IRQHandler                                 src\UART_Driver.o
USART2_IRQHandler                                 src\UART_Driver.o
USART3_IRQHandler                                 src\UART_Driver.o
USART6_IRQHandler                                 src\startup_stm32f40xx.o
USART_Arr                                         src\UART_Driver.o
USART_Init                                        src\UART_Driver.o
                                                  src\main.o
USART_ReceiveDataRequest                          src\UART_Driver.o
USART_SendDataRequest                             src\UART_Driver.o
USART_SetBaudRate                                 src\UART_Driver.o
Uart_IntControl                                   src\UART_Driver.o
                                                  src\main.o
Uart_IntRxDetails                                 src\UART_Driver.o
Uart_IntTxeDetails                                src\UART_Driver.o
Uart_ReceiveDataASync                             src\UART_Driver.o
                                                  src\main.o
                                                  src\TFT.o
                                                  src\Communication_Manager.o
                                                  src\CAN_MCU2_Lcfg.o
Uart_SendDataAsync                                src\UART_Driver.o
                                                  src\main.o
                                                  src\TFT.o
                                                  src\CAN_Manager.o
UsageFault_Handler                                src\stm32f4xx_it.o
                                                  src\startup_stm32f40xx.o
WWDG_IRQHandler                                   src\startup_stm32f40xx.o
_Balloc                                           c:/program files (x86)/atollic/truestudio for stm32 9.3.0/armtools/bin/../lib/gcc/arm-atollic-eabi/6.3.1/../../../../arm-atollic-eabi/lib/armv7e-m/fpu\libc_nano.a(lib_a-mprec.o)
                                                  c:/program files (x86)/atollic/truestudio for stm32 9.3.0/armtools/bin/../lib/gcc/arm-atollic-eabi/6.3.1/../../../../arm-atollic-eabi/lib/armv7e-m/fpu\libc_nano.a(lib_a-dtoa.o)
_Bfree                                            c:/program files (x86)/atollic/truestudio for stm32 9.3.0/armtools/bin/../lib/gcc/arm-atollic-eabi/6.3.1/../../../../arm-atollic-eabi/lib/armv7e-m/fpu\libc_nano.a(lib_a-mprec.o)
                                                  c:/program files (x86)/atollic/truestudio for stm32 9.3.0/armtools/bin/../lib/gcc/arm-atollic-eabi/6.3.1/../../../../arm-atollic-eabi/lib/armv7e-m/fpu\libc_nano.a(lib_a-dtoa.o)
_PathLocale                                       c:/program files (x86)/atollic/truestudio for stm32 9.3.0/armtools/bin/../lib/gcc/arm-atollic-eabi/6.3.1/../../../../arm-atollic-eabi/lib/armv7e-m/fpu\libc_nano.a(lib_a-locale.o)
__adddf3                                          c:/program files (x86)/atollic/truestudio for stm32 9.3.0/armtools/bin/../lib/gcc/arm-atollic-eabi/6.3.1/armv7e-m/fpu\libgcc.a(_arm_addsubdf3.o)
__aeabi_cdcmpeq                                   c:/program files (x86)/atollic/truestudio for stm32 9.3.0/armtools/bin/../lib/gcc/arm-atollic-eabi/6.3.1/armv7e-m/fpu\libgcc.a(_arm_cmpdf2.o)
__aeabi_cdcmple                                   c:/program files (x86)/atollic/truestudio for stm32 9.3.0/armtools/bin/../lib/gcc/arm-atollic-eabi/6.3.1/armv7e-m/fpu\libgcc.a(_arm_cmpdf2.o)
__aeabi_cdrcmple                                  c:/program files (x86)/atollic/truestudio for stm32 9.3.0/armtools/bin/../lib/gcc/arm-atollic-eabi/6.3.1/armv7e-m/fpu\libgcc.a(_arm_cmpdf2.o)
__aeabi_d2iz                                      c:/program files (x86)/atollic/truestudio for stm32 9.3.0/armtools/bin/../lib/gcc/arm-atollic-eabi/6.3.1/armv7e-m/fpu\libgcc.a(_arm_fixdfsi.o)
                                                  c:/program files (x86)/atollic/truestudio for stm32 9.3.0/armtools/bin/../lib/gcc/arm-atollic-eabi/6.3.1/../../../../arm-atollic-eabi/lib/armv7e-m/fpu\libc_nano.a(lib_a-dtoa.o)
__aeabi_dadd                                      c:/program files (x86)/atollic/truestudio for stm32 9.3.0/armtools/bin/../lib/gcc/arm-atollic-eabi/6.3.1/armv7e-m/fpu\libgcc.a(_arm_addsubdf3.o)
                                                  c:/program files (x86)/atollic/truestudio for stm32 9.3.0/armtools/bin/../lib/gcc/arm-atollic-eabi/6.3.1/../../../../arm-atollic-eabi/lib/armv7e-m/fpu\libc_nano.a(lib_a-dtoa.o)
__aeabi_dcmpeq                                    c:/program files (x86)/atollic/truestudio for stm32 9.3.0/armtools/bin/../lib/gcc/arm-atollic-eabi/6.3.1/armv7e-m/fpu\libgcc.a(_arm_cmpdf2.o)
                                                  c:/program files (x86)/atollic/truestudio for stm32 9.3.0/armtools/bin/../lib/gcc/arm-atollic-eabi/6.3.1/../../../../arm-atollic-eabi/lib/armv7e-m/fpu\libc_nano.a(lib_a-dtoa.o)
                                                  c:/program files (x86)/atollic/truestudio for stm32 9.3.0/armtools/bin/../lib/gcc/arm-atollic-eabi/6.3.1/../../../../arm-atollic-eabi/lib/armv7e-m/fpu\libc_nano.a(lib_a-nano-vfprintf_float.o)
__aeabi_dcmpge                                    c:/program files (x86)/atollic/truestudio for stm32 9.3.0/armtools/bin/../lib/gcc/arm-atollic-eabi/6.3.1/armv7e-m/fpu\libgcc.a(_arm_cmpdf2.o)
                                                  c:/program files (x86)/atollic/truestudio for stm32 9.3.0/armtools/bin/../lib/gcc/arm-atollic-eabi/6.3.1/../../../../arm-atollic-eabi/lib/armv7e-m/fpu\libc_nano.a(lib_a-dtoa.o)
__aeabi_dcmpgt                                    c:/program files (x86)/atollic/truestudio for stm32 9.3.0/armtools/bin/../lib/gcc/arm-atollic-eabi/6.3.1/armv7e-m/fpu\libgcc.a(_arm_cmpdf2.o)
                                                  c:/program files (x86)/atollic/truestudio for stm32 9.3.0/armtools/bin/../lib/gcc/arm-atollic-eabi/6.3.1/../../../../arm-atollic-eabi/lib/armv7e-m/fpu\libc_nano.a(lib_a-dtoa.o)
__aeabi_dcmple                                    c:/program files (x86)/atollic/truestudio for stm32 9.3.0/armtools/bin/../lib/gcc/arm-atollic-eabi/6.3.1/armv7e-m/fpu\libgcc.a(_arm_cmpdf2.o)
                                                  c:/program files (x86)/atollic/truestudio for stm32 9.3.0/armtools/bin/../lib/gcc/arm-atollic-eabi/6.3.1/../../../../arm-atollic-eabi/lib/armv7e-m/fpu\libc_nano.a(lib_a-nano-vfprintf_float.o)
__aeabi_dcmplt                                    c:/program files (x86)/atollic/truestudio for stm32 9.3.0/armtools/bin/../lib/gcc/arm-atollic-eabi/6.3.1/armv7e-m/fpu\libgcc.a(_arm_cmpdf2.o)
                                                  c:/program files (x86)/atollic/truestudio for stm32 9.3.0/armtools/bin/../lib/gcc/arm-atollic-eabi/6.3.1/../../../../arm-atollic-eabi/lib/armv7e-m/fpu\libc_nano.a(lib_a-dtoa.o)
                                                  c:/program files (x86)/atollic/truestudio for stm32 9.3.0/armtools/bin/../lib/gcc/arm-atollic-eabi/6.3.1/../../../../arm-atollic-eabi/lib/armv7e-m/fpu\libc_nano.a(lib_a-nano-vfprintf_float.o)
__aeabi_dcmpun                                    c:/program files (x86)/atollic/truestudio for stm32 9.3.0/armtools/bin/../lib/gcc/arm-atollic-eabi/6.3.1/armv7e-m/fpu\libgcc.a(_arm_unorddf2.o)
                                                  c:/program files (x86)/atollic/truestudio for stm32 9.3.0/armtools/bin/../lib/gcc/arm-atollic-eabi/6.3.1/../../../../arm-atollic-eabi/lib/armv7e-m/fpu\libc_nano.a(lib_a-nano-vfprintf_float.o)
__aeabi_ddiv                                      c:/program files (x86)/atollic/truestudio for stm32 9.3.0/armtools/bin/../lib/gcc/arm-atollic-eabi/6.3.1/armv7e-m/fpu\libgcc.a(_arm_muldivdf3.o)
                                                  c:/program files (x86)/atollic/truestudio for stm32 9.3.0/armtools/bin/../lib/gcc/arm-atollic-eabi/6.3.1/../../../../arm-atollic-eabi/lib/armv7e-m/fpu\libc_nano.a(lib_a-mprec.o)
                                                  c:/program files (x86)/atollic/truestudio for stm32 9.3.0/armtools/bin/../lib/gcc/arm-atollic-eabi/6.3.1/../../../../arm-atollic-eabi/lib/armv7e-m/fpu\libc_nano.a(lib_a-dtoa.o)
__aeabi_dmul                                      c:/program files (x86)/atollic/truestudio for stm32 9.3.0/armtools/bin/../lib/gcc/arm-atollic-eabi/6.3.1/armv7e-m/fpu\libgcc.a(_arm_muldivdf3.o)
                                                  c:/program files (x86)/atollic/truestudio for stm32 9.3.0/armtools/bin/../lib/gcc/arm-atollic-eabi/6.3.1/../../../../arm-atollic-eabi/lib/armv7e-m/fpu\libc_nano.a(lib_a-mprec.o)
                                                  c:/program files (x86)/atollic/truestudio for stm32 9.3.0/armtools/bin/../lib/gcc/arm-atollic-eabi/6.3.1/../../../../arm-atollic-eabi/lib/armv7e-m/fpu\libc_nano.a(lib_a-dtoa.o)
__aeabi_drsub                                     c:/program files (x86)/atollic/truestudio for stm32 9.3.0/armtools/bin/../lib/gcc/arm-atollic-eabi/6.3.1/armv7e-m/fpu\libgcc.a(_arm_addsubdf3.o)
__aeabi_dsub                                      c:/program files (x86)/atollic/truestudio for stm32 9.3.0/armtools/bin/../lib/gcc/arm-atollic-eabi/6.3.1/armv7e-m/fpu\libgcc.a(_arm_addsubdf3.o)
                                                  c:/program files (x86)/atollic/truestudio for stm32 9.3.0/armtools/bin/../lib/gcc/arm-atollic-eabi/6.3.1/../../../../arm-atollic-eabi/lib/armv7e-m/fpu\libc_nano.a(lib_a-dtoa.o)
__aeabi_f2d                                       c:/program files (x86)/atollic/truestudio for stm32 9.3.0/armtools/bin/../lib/gcc/arm-atollic-eabi/6.3.1/armv7e-m/fpu\libgcc.a(_arm_addsubdf3.o)
__aeabi_i2d                                       c:/program files (x86)/atollic/truestudio for stm32 9.3.0/armtools/bin/../lib/gcc/arm-atollic-eabi/6.3.1/armv7e-m/fpu\libgcc.a(_arm_addsubdf3.o)
                                                  c:/program files (x86)/atollic/truestudio for stm32 9.3.0/armtools/bin/../lib/gcc/arm-atollic-eabi/6.3.1/../../../../arm-atollic-eabi/lib/armv7e-m/fpu\libc_nano.a(lib_a-dtoa.o)
__aeabi_l2d                                       c:/program files (x86)/atollic/truestudio for stm32 9.3.0/armtools/bin/../lib/gcc/arm-atollic-eabi/6.3.1/armv7e-m/fpu\libgcc.a(_arm_addsubdf3.o)
__aeabi_ui2d                                      c:/program files (x86)/atollic/truestudio for stm32 9.3.0/armtools/bin/../lib/gcc/arm-atollic-eabi/6.3.1/armv7e-m/fpu\libgcc.a(_arm_addsubdf3.o)
                                                  c:/program files (x86)/atollic/truestudio for stm32 9.3.0/armtools/bin/../lib/gcc/arm-atollic-eabi/6.3.1/../../../../arm-atollic-eabi/lib/armv7e-m/fpu\libc_nano.a(lib_a-dtoa.o)
__aeabi_ul2d                                      c:/program files (x86)/atollic/truestudio for stm32 9.3.0/armtools/bin/../lib/gcc/arm-atollic-eabi/6.3.1/armv7e-m/fpu\libgcc.a(_arm_addsubdf3.o)
__any_on                                          c:/program files (x86)/atollic/truestudio for stm32 9.3.0/armtools/bin/../lib/gcc/arm-atollic-eabi/6.3.1/../../../../arm-atollic-eabi/lib/armv7e-m/fpu\libc_nano.a(lib_a-mprec.o)
__ascii_mbtowc                                    c:/program files (x86)/atollic/truestudio for stm32 9.3.0/armtools/bin/../lib/gcc/arm-atollic-eabi/6.3.1/../../../../arm-atollic-eabi/lib/armv7e-m/fpu\libc_nano.a(lib_a-mbtowc_r.o)
                                                  c:/program files (x86)/atollic/truestudio for stm32 9.3.0/armtools/bin/../lib/gcc/arm-atollic-eabi/6.3.1/../../../../arm-atollic-eabi/lib/armv7e-m/fpu\libc_nano.a(lib_a-locale.o)
__ascii_wctomb                                    c:/program files (x86)/atollic/truestudio for stm32 9.3.0/armtools/bin/../lib/gcc/arm-atollic-eabi/6.3.1/../../../../arm-atollic-eabi/lib/armv7e-m/fpu\libc_nano.a(lib_a-wctomb_r.o)
                                                  c:/program files (x86)/atollic/truestudio for stm32 9.3.0/armtools/bin/../lib/gcc/arm-atollic-eabi/6.3.1/../../../../arm-atollic-eabi/lib/armv7e-m/fpu\libc_nano.a(lib_a-locale.o)
__b2d                                             c:/program files (x86)/atollic/truestudio for stm32 9.3.0/armtools/bin/../lib/gcc/arm-atollic-eabi/6.3.1/../../../../arm-atollic-eabi/lib/armv7e-m/fpu\libc_nano.a(lib_a-mprec.o)
__cmpdf2                                          c:/program files (x86)/atollic/truestudio for stm32 9.3.0/armtools/bin/../lib/gcc/arm-atollic-eabi/6.3.1/armv7e-m/fpu\libgcc.a(_arm_cmpdf2.o)
__copybits                                        c:/program files (x86)/atollic/truestudio for stm32 9.3.0/armtools/bin/../lib/gcc/arm-atollic-eabi/6.3.1/../../../../arm-atollic-eabi/lib/armv7e-m/fpu\libc_nano.a(lib_a-mprec.o)
__cvt                                             c:/program files (x86)/atollic/truestudio for stm32 9.3.0/armtools/bin/../lib/gcc/arm-atollic-eabi/6.3.1/../../../../arm-atollic-eabi/lib/armv7e-m/fpu\libc_nano.a(lib_a-nano-vfprintf_float.o)
__d2b                                             c:/program files (x86)/atollic/truestudio for stm32 9.3.0/armtools/bin/../lib/gcc/arm-atollic-eabi/6.3.1/../../../../arm-atollic-eabi/lib/armv7e-m/fpu\libc_nano.a(lib_a-mprec.o)