Archive member included to satisfy reference by file (symbol)

g:/truestudio for stm32 9.3.0/armtools/bin/../lib/gcc/arm-atollic-eabi/6.3.1/../../../../arm-atollic-eabi/lib/armv7e-m/fpu\libc_nano.a(lib_a-init.o)
                              src\startup_stm32f40xx.o (__libc_init_array)
g:/truestudio for stm32 9.3.0/armtools/bin/../lib/gcc/arm-atollic-eabi/6.3.1/../../../../arm-atollic-eabi/lib/armv7e-m/fpu\libc_nano.a(lib_a-strlen.o)
                              src\tiny_printf.o (strlen)
g:/truestudio for stm32 9.3.0/armtools/bin/../lib/gcc/arm-atollic-eabi/6.3.1/../../../../arm-atollic-eabi/lib/armv7e-m/fpu\libnosys.a(write.o)
                              src\tiny_printf.o (_write)
g:/truestudio for stm32 9.3.0/armtools/bin/../lib/gcc/arm-atollic-eabi/6.3.1/../../../../arm-atollic-eabi/lib/armv7e-m/fpu\libnosys.a(errno.o)
                              g:/truestudio for stm32 9.3.0/armtools/bin/../lib/gcc/arm-atollic-eabi/6.3.1/../../../../arm-atollic-eabi/lib/armv7e-m/fpu\libnosys.a(write.o) (errno)

Allocating common symbols
Common symbol       size              file

errno               0x4               g:/truestudio for stm32 9.3.0/armtools/bin/../lib/gcc/arm-atollic-eabi/6.3.1/../../../../arm-atollic-eabi/lib/armv7e-m/fpu\libnosys.a(errno.o)

Discarded input sections

 .text          0x00000000        0x0 g:/truestudio for stm32 9.3.0/armtools/bin/../lib/gcc/arm-atollic-eabi/6.3.1/armv7e-m/fpu/crti.o
 .data          0x00000000        0x0 g:/truestudio for stm32 9.3.0/armtools/bin/../lib/gcc/arm-atollic-eabi/6.3.1/armv7e-m/fpu/crti.o
 .bss           0x00000000        0x0 g:/truestudio for stm32 9.3.0/armtools/bin/../lib/gcc/arm-atollic-eabi/6.3.1/armv7e-m/fpu/crti.o
 .data          0x00000000        0x4 g:/truestudio for stm32 9.3.0/armtools/bin/../lib/gcc/arm-atollic-eabi/6.3.1/armv7e-m/fpu/crtbegin.o
 .text          0x00000000        0x0 src\GPIO.o
 .data          0x00000000        0x0 src\GPIO.o
 .bss           0x00000000        0x0 src\GPIO.o
 .text.GPIO_DeInit
                0x00000000       0x5c src\GPIO.o
 .text.GPIO_ReadInputPin
                0x00000000       0x50 src\GPIO.o
 .text.GPIO_ReadInputPort
                0x00000000       0x2c src\GPIO.o
 .text.GPIO_WriteOutputPort
                0x00000000       0x30 src\GPIO.o
 .text.GPIO_ToggleOutputPin
                0x00000000       0x3c src\GPIO.o
 .text.GPIO_IRQConfig
                0x00000000      0x108 src\GPIO.o
 .text.GPIO_IRQPriorityConfig
                0x00000000       0x5a src\GPIO.o
 .text.GPIO_IRQHandling
                0x00000000       0x40 src\GPIO.o
 .text          0x00000000        0x0 src\GPIO_lcfg.o
 .data          0x00000000        0x0 src\GPIO_lcfg.o
 .bss           0x00000000        0x0 src\GPIO_lcfg.o
 .text          0x00000000        0x0 src\RCC_Driver.o
 .data          0x00000000        0x0 src\RCC_Driver.o
 .bss           0x00000000        0x0 src\RCC_Driver.o
 .data.AHB_PreScaler
                0x00000000       0x10 src\RCC_Driver.o
 .data.APB1_PreScaler
                0x00000000        0x4 src\RCC_Driver.o
 .text.RCC_GetPCLK1Value
                0x00000000       0xb0 src\RCC_Driver.o
 .text.RCC_GetPCLK2Value
                0x00000000       0xa0 src\RCC_Driver.o
 .text.RCC_GetPLLOutputClock
                0x00000000       0x10 src\RCC_Driver.o
 .debug_info    0x00000000      0x374 src\RCC_Driver.o
 .debug_abbrev  0x00000000       0xfa src\RCC_Driver.o
 .debug_aranges
                0x00000000       0x30 src\RCC_Driver.o
 .debug_ranges  0x00000000       0x20 src\RCC_Driver.o
 .debug_line    0x00000000      0x144 src\RCC_Driver.o
 .debug_str     0x00000000      0x390 src\RCC_Driver.o
 .comment       0x00000000       0x7d src\RCC_Driver.o
 .debug_frame   0x00000000       0x7c src\RCC_Driver.o
 .ARM.attributes
                0x00000000       0x39 src\RCC_Driver.o
 .text          0x00000000        0x0 src\UART_Driver.o
 .data          0x00000000        0x0 src\UART_Driver.o
 .bss           0x00000000        0x0 src\UART_Driver.o
 .text.USART_PeripheralControl
                0x00000000       0x38 src\UART_Driver.o
 .text.USART_PeriClockControl
                0x00000000      0x140 src\UART_Driver.o
 .text.USART_GetFlagStatus
                0x00000000       0x28 src\UART_Driver.o
 .text.USART_SetBaudRate
                0x00000000       0xe4 src\UART_Driver.o
 .text.USART_Init
                0x00000000       0xfe src\UART_Driver.o
 .text.USART_SendData
                0x00000000       0x98 src\UART_Driver.o
 .text.USART_ReceiveData
                0x00000000       0xae src\UART_Driver.o
 .text.USART_SendDataIT
                0x00000000       0x5c src\UART_Driver.o
 .text.USART_ReceiveDataIT
                0x00000000       0x52 src\UART_Driver.o
 .debug_info    0x00000000      0x64c src\UART_Driver.o
 .debug_abbrev  0x00000000      0x1b0 src\UART_Driver.o
 .debug_aranges
                0x00000000       0x60 src\UART_Driver.o
 .debug_ranges  0x00000000       0x50 src\UART_Driver.o
 .debug_line    0x00000000      0x282 src\UART_Driver.o
 .debug_str     0x00000000      0x51b src\UART_Driver.o
 .comment       0x00000000       0x7d src\UART_Driver.o
 .debug_frame   0x00000000      0x168 src\UART_Driver.o
 .ARM.attributes
                0x00000000       0x39 src\UART_Driver.o
 .text          0x00000000        0x0 src\main.o
 .data          0x00000000        0x0 src\main.o
 .bss           0x00000000        0x0 src\main.o
 .text          0x00000000       0x14 src\startup_stm32f40xx.o
 .data          0x00000000        0x0 src\startup_stm32f40xx.o
 .bss           0x00000000        0x0 src\startup_stm32f40xx.o
 .text          0x00000000        0x0 src\stm32f4xx_it.o
 .data          0x00000000        0x0 src\stm32f4xx_it.o
 .bss           0x00000000        0x0 src\stm32f4xx_it.o
 .text          0x00000000        0x0 src\system_stm32f4xx.o
 .data          0x00000000        0x0 src\system_stm32f4xx.o
 .bss           0x00000000        0x0 src\system_stm32f4xx.o
 .data.SystemCoreClock
                0x00000000        0x4 src\system_stm32f4xx.o
 .data.AHBPrescTable
                0x00000000       0x10 src\system_stm32f4xx.o
 .text.SystemCoreClockUpdate
                0x00000000       0xf8 src\system_stm32f4xx.o
 .text          0x00000000        0x0 src\tiny_printf.o
 .data          0x00000000        0x0 src\tiny_printf.o
 .bss           0x00000000        0x0 src\tiny_printf.o
 .text.ts_itoa  0x00000000       0x92 src\tiny_printf.o
 .text.ts_formatstring
                0x00000000      0x12e src\tiny_printf.o
 .text.ts_formatlength
                0x00000000      0x12c src\tiny_printf.o
 .text.siprintf
                0x00000000       0x2c src\tiny_printf.o
 .text.fiprintf
                0x00000000       0x9a src\tiny_printf.o
 .text.iprintf  0x00000000       0x92 src\tiny_printf.o
 .rodata        0x00000000        0x2 src\tiny_printf.o
 .text.fputs    0x00000000       0x68 src\tiny_printf.o
 .text.puts     0x00000000       0x58 src\tiny_printf.o
 .text.fwrite   0x00000000       0x38 src\tiny_printf.o
 .debug_info    0x00000000      0xc78 src\tiny_printf.o
 .debug_abbrev  0x00000000      0x262 src\tiny_printf.o
 .debug_aranges
                0x00000000       0x60 src\tiny_printf.o
 .debug_ranges  0x00000000       0x50 src\tiny_printf.o
 .debug_line    0x00000000      0x26b src\tiny_printf.o
 .debug_str     0x00000000      0x6a5 src\tiny_printf.o
 .comment       0x00000000       0x7d src\tiny_printf.o
 .debug_frame   0x00000000      0x1bc src\tiny_printf.o
 .ARM.attributes
                0x00000000       0x39 src\tiny_printf.o
 .text          0x00000000        0x0 g:/truestudio for stm32 9.3.0/armtools/bin/../lib/gcc/arm-atollic-eabi/6.3.1/../../../../arm-atollic-eabi/lib/armv7e-m/fpu\libc_nano.a(lib_a-init.o)
 .data          0x00000000        0x0 g:/truestudio for stm32 9.3.0/armtools/bin/../lib/gcc/arm-atollic-eabi/6.3.1/../../../../arm-atollic-eabi/lib/armv7e-m/fpu\libc_nano.a(lib_a-init.o)
 .bss           0x00000000        0x0 g:/truestudio for stm32 9.3.0/armtools/bin/../lib/gcc/arm-atollic-eabi/6.3.1/../../../../arm-atollic-eabi/lib/armv7e-m/fpu\libc_nano.a(lib_a-init.o)
 .text          0x00000000       0x10 g:/truestudio for stm32 9.3.0/armtools/bin/../lib/gcc/arm-atollic-eabi/6.3.1/../../../../arm-atollic-eabi/lib/armv7e-m/fpu\libc_nano.a(lib_a-strlen.o)
 .data          0x00000000        0x0 g:/truestudio for stm32 9.3.0/armtools/bin/../lib/gcc/arm-atollic-eabi/6.3.1/../../../../arm-atollic-eabi/lib/armv7e-m/fpu\libc_nano.a(lib_a-strlen.o)
 .bss           0x00000000        0x0 g:/truestudio for stm32 9.3.0/armtools/bin/../lib/gcc/arm-atollic-eabi/6.3.1/../../../../arm-atollic-eabi/lib/armv7e-m/fpu\libc_nano.a(lib_a-strlen.o)
 .ARM.attributes
                0x00000000       0x1b g:/truestudio for stm32 9.3.0/armtools/bin/../lib/gcc/arm-atollic-eabi/6.3.1/../../../../arm-atollic-eabi/lib/armv7e-m/fpu\libc_nano.a(lib_a-strlen.o)
 .text          0x00000000        0x0 g:/truestudio for stm32 9.3.0/armtools/bin/../lib/gcc/arm-atollic-eabi/6.3.1/../../../../arm-atollic-eabi/lib/armv7e-m/fpu\libnosys.a(write.o)
 .data          0x00000000        0x0 g:/truestudio for stm32 9.3.0/armtools/bin/../lib/gcc/arm-atollic-eabi/6.3.1/../../../../arm-atollic-eabi/lib/armv7e-m/fpu\libnosys.a(write.o)
 .bss           0x00000000        0x0 g:/truestudio for stm32 9.3.0/armtools/bin/../lib/gcc/arm-atollic-eabi/6.3.1/../../../../arm-atollic-eabi/lib/armv7e-m/fpu\libnosys.a(write.o)
 .stab          0x00000000       0x24 g:/truestudio for stm32 9.3.0/armtools/bin/../lib/gcc/arm-atollic-eabi/6.3.1/../../../../arm-atollic-eabi/lib/armv7e-m/fpu\libnosys.a(write.o)
 .text._write   0x00000000       0x10 g:/truestudio for stm32 9.3.0/armtools/bin/../lib/gcc/arm-atollic-eabi/6.3.1/../../../../arm-atollic-eabi/lib/armv7e-m/fpu\libnosys.a(write.o)
 .debug_frame   0x00000000       0x20 g:/truestudio for stm32 9.3.0/armtools/bin/../lib/gcc/arm-atollic-eabi/6.3.1/../../../../arm-atollic-eabi/lib/armv7e-m/fpu\libnosys.a(write.o)
 .ARM.attributes
                0x00000000       0x34 g:/truestudio for stm32 9.3.0/armtools/bin/../lib/gcc/arm-atollic-eabi/6.3.1/../../../../arm-atollic-eabi/lib/armv7e-m/fpu\libnosys.a(write.o)
 .text          0x00000000        0x0 g:/truestudio for stm32 9.3.0/armtools/bin/../lib/gcc/arm-atollic-eabi/6.3.1/../../../../arm-atollic-eabi/lib/armv7e-m/fpu\libnosys.a(errno.o)
 .data          0x00000000        0x0 g:/truestudio for stm32 9.3.0/armtools/bin/../lib/gcc/arm-atollic-eabi/6.3.1/../../../../arm-atollic-eabi/lib/armv7e-m/fpu\libnosys.a(errno.o)
 .bss           0x00000000        0x0 g:/truestudio for stm32 9.3.0/armtools/bin/../lib/gcc/arm-atollic-eabi/6.3.1/../../../../arm-atollic-eabi/lib/armv7e-m/fpu\libnosys.a(errno.o)
 .ARM.attributes
                0x00000000       0x34 g:/truestudio for stm32 9.3.0/armtools/bin/../lib/gcc/arm-atollic-eabi/6.3.1/../../../../arm-atollic-eabi/lib/armv7e-m/fpu\libnosys.a(errno.o)
 COMMON         0x00000000        0x4 g:/truestudio for stm32 9.3.0/armtools/bin/../lib/gcc/arm-atollic-eabi/6.3.1/../../../../arm-atollic-eabi/lib/armv7e-m/fpu\libnosys.a(errno.o)
 .text          0x00000000        0x0 g:/truestudio for stm32 9.3.0/armtools/bin/../lib/gcc/arm-atollic-eabi/6.3.1/armv7e-m/fpu/crtend.o
 .data          0x00000000        0x0 g:/truestudio for stm32 9.3.0/armtools/bin/../lib/gcc/arm-atollic-eabi/6.3.1/armv7e-m/fpu/crtend.o
 .bss           0x00000000        0x0 g:/truestudio for stm32 9.3.0/armtools/bin/../lib/gcc/arm-atollic-eabi/6.3.1/armv7e-m/fpu/crtend.o
 .eh_frame      0x00000000        0x4 g:/truestudio for stm32 9.3.0/armtools/bin/../lib/gcc/arm-atollic-eabi/6.3.1/armv7e-m/fpu/crtend.o
 .ARM.attributes
                0x00000000       0x34 g:/truestudio for stm32 9.3.0/armtools/bin/../lib/gcc/arm-atollic-eabi/6.3.1/armv7e-m/fpu/crtend.o
 .text          0x00000000        0x0 g:/truestudio for stm32 9.3.0/armtools/bin/../lib/gcc/arm-atollic-eabi/6.3.1/armv7e-m/fpu/crtn.o
 .data          0x00000000        0x0 g:/truestudio for stm32 9.3.0/armtools/bin/../lib/gcc/arm-atollic-eabi/6.3.1/armv7e-m/fpu/crtn.o
 .bss           0x00000000        0x0 g:/truestudio for stm32 9.3.0/armtools/bin/../lib/gcc/arm-atollic-eabi/6.3.1/armv7e-m/fpu/crtn.o

Memory Configuration

Name             Origin             Length             Attributes
FLASH            0x08000000         0x00100000         xr
RAM              0x20000000         0x00020000         xrw
MEMORY_B1        0x60000000         0x00000000         xr
CCMRAM           0x10000000         0x00010000         rw
*default*        0x00000000         0xffffffff

Linker script and memory map

LOAD g:/truestudio for stm32 9.3.0/armtools/bin/../lib/gcc/arm-atollic-eabi/6.3.1/armv7e-m/fpu/crti.o
LOAD g:/truestudio for stm32 9.3.0/armtools/bin/../lib/gcc/arm-atollic-eabi/6.3.1/armv7e-m/fpu/crtbegin.o
LOAD src\GPIO.o
LOAD src\GPIO_lcfg.o
LOAD src\RCC_Driver.o
LOAD src\UART_Driver.o
LOAD src\main.o
LOAD src\startup_stm32f40xx.o
LOAD src\stm32f4xx_it.o
LOAD src\system_stm32f4xx.o
LOAD src\tiny_printf.o
                0x00000080                malloc_getpagesize_P = 0x80
START GROUP
LOAD g:/truestudio for stm32 9.3.0/armtools/bin/../lib/gcc/arm-atollic-eabi/6.3.1/../../../../arm-atollic-eabi/lib/armv7e-m/fpu\libc_nano.a
LOAD g:/truestudio for stm32 9.3.0/armtools/bin/../lib/gcc/arm-atollic-eabi/6.3.1/../../../../arm-atollic-eabi/lib/armv7e-m/fpu\libm.a
END GROUP
START GROUP
LOAD g:/truestudio for stm32 9.3.0/armtools/bin/../lib/gcc/arm-atollic-eabi/6.3.1/armv7e-m/fpu\libgcc.a
LOAD g:/truestudio for stm32 9.3.0/armtools/bin/../lib/gcc/arm-atollic-eabi/6.3.1/../../../../arm-atollic-eabi/lib/armv7e-m/fpu\libc_nano.a
END GROUP
START GROUP
LOAD g:/truestudio for stm32 9.3.0/armtools/bin/../lib/gcc/arm-atollic-eabi/6.3.1/armv7e-m/fpu\libgcc.a
LOAD g:/truestudio for stm32 9.3.0/armtools/bin/../lib/gcc/arm-atollic-eabi/6.3.1/../../../../arm-atollic-eabi/lib/armv7e-m/fpu\libc_nano.a
LOAD g:/truestudio for stm32 9.3.0/armtools/bin/../lib/gcc/arm-atollic-eabi/6.3.1/../../../../arm-atollic-eabi/lib/armv7e-m/fpu\libnosys.a
END GROUP
START GROUP
LOAD g:/truestudio for stm32 9.3.0/armtools/bin/../lib/gcc/arm-atollic-eabi/6.3.1/armv7e-m/fpu\libgcc.a
LOAD g:/truestudio for stm32 9.3.0/armtools/bin/../lib/gcc/arm-atollic-eabi/6.3.1/../../../../arm-atollic-eabi/lib/armv7e-m/fpu\libc_nano.a
LOAD g:/truestudio for stm32 9.3.0/armtools/bin/../lib/gcc/arm-atollic-eabi/6.3.1/../../../../arm-atollic-eabi/lib/armv7e-m/fpu\libnosys.a
END GROUP
LOAD g:/truestudio for stm32 9.3.0/armtools/bin/../lib/gcc/arm-atollic-eabi/6.3.1/armv7e-m/fpu/crtend.o
LOAD g:/truestudio for stm32 9.3.0/armtools/bin/../lib/gcc/arm-atollic-eabi/6.3.1/armv7e-m/fpu/crtn.o
                0x20020000                _estack = 0x20020000
                0x00000000                _Min_Heap_Size = 0x0
                0x00000400                _Min_Stack_Size = 0x400

.isr_vector     0x08000000      0x188
                0x08000000                . = ALIGN (0x4)
 *(.isr_vector)
 .isr_vector    0x08000000      0x188 src\startup_stm32f40xx.o
                0x08000000                g_pfnVectors
                0x08000188                . = ALIGN (0x4)

.text           0x08000188      0x770
                0x08000188                . = ALIGN (0x4)
 *(.text)
 .text          0x08000188       0x40 g:/truestudio for stm32 9.3.0/armtools/bin/../lib/gcc/arm-atollic-eabi/6.3.1/armv7e-m/fpu/crtbegin.o
 *(.text*)
 .text.GPIO_PeriClockControl
                0x080001c8       0x88 src\GPIO.o
 .text.GPIO_Init
                0x08000250      0x364 src\GPIO.o
                0x08000250                GPIO_Init
 .text.GPIO_WriteOutputPin
                0x080005b4       0x70 src\GPIO.o
                0x080005b4                GPIO_WriteOutputPin
 .text.main     0x08000624       0x60 src\main.o
                0x08000624                main
 .text.Reset_Handler
                0x08000684       0x50 src\startup_stm32f40xx.o
                0x08000684                Reset_Handler
 .text.Default_Handler
                0x080006d4        0x2 src\startup_stm32f40xx.o
                0x080006d4                RTC_Alarm_IRQHandler
                0x080006d4                HASH_RNG_IRQHandler
                0x080006d4                EXTI2_IRQHandler
                0x080006d4                TIM8_CC_IRQHandler
                0x080006d4                TIM1_CC_IRQHandler
                0x080006d4                DMA2_Stream5_IRQHandler
                0x080006d4                DMA1_Stream5_IRQHandler
                0x080006d4                PVD_IRQHandler
                0x080006d4                SDIO_IRQHandler
                0x080006d4                TAMP_STAMP_IRQHandler
                0x080006d4                CAN2_RX1_IRQHandler
                0x080006d4                EXTI3_IRQHandler
                0x080006d4                TIM8_TRG_COM_TIM14_IRQHandler
                0x080006d4                TIM1_UP_TIM10_IRQHandler
                0x080006d4                TIM8_UP_TIM13_IRQHandler
                0x080006d4                I2C3_ER_IRQHandler
                0x080006d4                EXTI0_IRQHandler
                0x080006d4                I2C2_EV_IRQHandler
                0x080006d4                DMA1_Stream2_IRQHandler
                0x080006d4                CAN1_RX0_IRQHandler
                0x080006d4                FPU_IRQHandler
                0x080006d4                OTG_HS_WKUP_IRQHandler
                0x080006d4                CAN2_SCE_IRQHandler
                0x080006d4                DMA2_Stream2_IRQHandler
                0x080006d4                SPI1_IRQHandler
                0x080006d4                TIM6_DAC_IRQHandler
                0x080006d4                TIM1_BRK_TIM9_IRQHandler
                0x080006d4                DCMI_IRQHandler
                0x080006d4                CAN2_RX0_IRQHandler
                0x080006d4                DMA2_Stream3_IRQHandler
                0x080006d4                USART6_IRQHandler
                0x080006d4                USART3_IRQHandler
                0x080006d4                CRYP_IRQHandler
                0x080006d4                CAN1_RX1_IRQHandler
                0x080006d4                UART5_IRQHandler
                0x080006d4                DMA2_Stream0_IRQHandler
                0x080006d4                TIM4_IRQHandler
                0x080006d4                I2C1_EV_IRQHandler
                0x080006d4                DMA1_Stream6_IRQHandler
                0x080006d4                DMA1_Stream1_IRQHandler
                0x080006d4                UART4_IRQHandler
                0x080006d4                TIM3_IRQHandler
                0x080006d4                RCC_IRQHandler
                0x080006d4                TIM8_BRK_TIM12_IRQHandler
                0x080006d4                Default_Handler
                0x080006d4                EXTI15_10_IRQHandler
                0x080006d4                ADC_IRQHandler
                0x080006d4                DMA1_Stream7_IRQHandler
                0x080006d4                TIM7_IRQHandler
                0x080006d4                CAN2_TX_IRQHandler
                0x080006d4                TIM5_IRQHandler
                0x080006d4                DMA2_Stream7_IRQHandler
                0x080006d4                I2C3_EV_IRQHandler
                0x080006d4                EXTI9_5_IRQHandler
                0x080006d4                RTC_WKUP_IRQHandler
                0x080006d4                ETH_WKUP_IRQHandler
                0x080006d4                SPI2_IRQHandler
                0x080006d4                OTG_HS_EP1_IN_IRQHandler
                0x080006d4                DMA1_Stream0_IRQHandler
                0x080006d4                CAN1_TX_IRQHandler
                0x080006d4                EXTI4_IRQHandler
                0x080006d4                FSMC_IRQHandler
                0x080006d4                ETH_IRQHandler
                0x080006d4                OTG_HS_EP1_OUT_IRQHandler
                0x080006d4                WWDG_IRQHandler
                0x080006d4                TIM2_IRQHandler
                0x080006d4                OTG_FS_WKUP_IRQHandler
                0x080006d4                TIM1_TRG_COM_TIM11_IRQHandler
                0x080006d4                OTG_HS_IRQHandler
                0x080006d4                EXTI1_IRQHandler
                0x080006d4                USART2_IRQHandler
                0x080006d4                I2C2_ER_IRQHandler
                0x080006d4                DMA2_Stream1_IRQHandler
                0x080006d4                CAN1_SCE_IRQHandler
                0x080006d4                FLASH_IRQHandler
                0x080006d4                DMA2_Stream4_IRQHandler
                0x080006d4                USART1_IRQHandler
                0x080006d4                OTG_FS_IRQHandler
                0x080006d4                SPI3_IRQHandler
                0x080006d4                DMA1_Stream4_IRQHandler
                0x080006d4                I2C1_ER_IRQHandler
                0x080006d4                DMA2_Stream6_IRQHandler
                0x080006d4                DMA1_Stream3_IRQHandler
 .text.NMI_Handler
                0x080006d6        0xe src\stm32f4xx_it.o
                0x080006d6                NMI_Handler
 .text.HardFault_Handler
                0x080006e4        0x6 src\stm32f4xx_it.o
                0x080006e4                HardFault_Handler
 .text.MemManage_Handler
                0x080006ea        0x6 src\stm32f4xx_it.o
                0x080006ea                MemManage_Handler
 .text.BusFault_Handler
                0x080006f0        0x6 src\stm32f4xx_it.o
                0x080006f0                BusFault_Handler
 .text.UsageFault_Handler
                0x080006f6        0x6 src\stm32f4xx_it.o
                0x080006f6                UsageFault_Handler
 .text.SVC_Handler
                0x080006fc        0xe src\stm32f4xx_it.o
                0x080006fc                SVC_Handler
 .text.DebugMon_Handler
                0x0800070a        0xe src\stm32f4xx_it.o
                0x0800070a                DebugMon_Handler
 .text.PendSV_Handler
                0x08000718        0xe src\stm32f4xx_it.o
                0x08000718                PendSV_Handler
 .text.SysTick_Handler
                0x08000726        0xe src\stm32f4xx_it.o
                0x08000726                SysTick_Handler
 .text.SystemInit
                0x08000734       0x6c src\system_stm32f4xx.o
                0x08000734                SystemInit
 .text.SetSysClock
                0x080007a0       0xf8 src\system_stm32f4xx.o
 .text.__libc_init_array
                0x08000898       0x48 g:/truestudio for stm32 9.3.0/armtools/bin/../lib/gcc/arm-atollic-eabi/6.3.1/../../../../arm-atollic-eabi/lib/armv7e-m/fpu\libc_nano.a(lib_a-init.o)
                0x08000898                __libc_init_array
 *(.glue_7)
 .glue_7        0x080008e0        0x0 linker stubs
 *(.glue_7t)
 .glue_7t       0x080008e0        0x0 linker stubs
 *(.eh_frame)
 .eh_frame      0x080008e0        0x0 g:/truestudio for stm32 9.3.0/armtools/bin/../lib/gcc/arm-atollic-eabi/6.3.1/armv7e-m/fpu/crtbegin.o
 *(.init)
 .init          0x080008e0        0x4 g:/truestudio for stm32 9.3.0/armtools/bin/../lib/gcc/arm-atollic-eabi/6.3.1/armv7e-m/fpu/crti.o
                0x080008e0                _init
 .init          0x080008e4        0x8 g:/truestudio for stm32 9.3.0/armtools/bin/../lib/gcc/arm-atollic-eabi/6.3.1/armv7e-m/fpu/crtn.o
 *(.fini)
 .fini          0x080008ec        0x4 g:/truestudio for stm32 9.3.0/armtools/bin/../lib/gcc/arm-atollic-eabi/6.3.1/armv7e-m/fpu/crti.o
                0x080008ec                _fini
 .fini          0x080008f0        0x8 g:/truestudio for stm32 9.3.0/armtools/bin/../lib/gcc/arm-atollic-eabi/6.3.1/armv7e-m/fpu/crtn.o
                0x080008f8                . = ALIGN (0x4)
                0x080008f8                _etext = .

.vfp11_veneer   0x080008f8        0x0
 .vfp11_veneer  0x080008f8        0x0 linker stubs

.v4_bx          0x080008f8        0x0
 .v4_bx         0x080008f8        0x0 linker stubs

.iplt           0x080008f8        0x0
 .iplt          0x080008f8        0x0 g:/truestudio for stm32 9.3.0/armtools/bin/../lib/gcc/arm-atollic-eabi/6.3.1/armv7e-m/fpu/crtbegin.o

.rel.dyn        0x080008f8        0x0
 .rel.iplt      0x080008f8        0x0 g:/truestudio for stm32 9.3.0/armtools/bin/../lib/gcc/arm-atollic-eabi/6.3.1/armv7e-m/fpu/crtbegin.o

.rodata         0x080008f8        0x0
                0x080008f8                . = ALIGN (0x4)
 *(.rodata)
 *(.rodata*)
                0x080008f8                . = ALIGN (0x4)

.ARM.extab
 *(.ARM.extab* .gnu.linkonce.armextab.*)

.ARM            0x080008f8        0x0
                0x080008f8                __exidx_start = .
 *(.ARM.exidx*)
                0x080008f8                __exidx_end = .

.preinit_array  0x080008f8        0x0
                0x080008f8                PROVIDE (__preinit_array_start, .)
 *(.preinit_array*)
                0x080008f8                PROVIDE (__preinit_array_end, .)

.init_array     0x080008f8        0x4
                0x080008f8                PROVIDE (__init_array_start, .)
 *(SORT(.init_array.*))
 *(.init_array*)
 .init_array    0x080008f8        0x4 g:/truestudio for stm32 9.3.0/armtools/bin/../lib/gcc/arm-atollic-eabi/6.3.1/armv7e-m/fpu/crtbegin.o
                0x080008fc                PROVIDE (__init_array_end, .)

.fini_array     0x080008fc        0x4
                [!provide]                PROVIDE (__fini_array_start, .)
 *(SORT(.fini_array.*))
 *(.fini_array*)
 .fini_array    0x080008fc        0x4 g:/truestudio for stm32 9.3.0/armtools/bin/../lib/gcc/arm-atollic-eabi/6.3.1/armv7e-m/fpu/crtbegin.o
                [!provide]                PROVIDE (__fini_array_end, .)
                0x08000900                _sidata = LOADADDR (.data)

.data           0x20000000       0x30 load address 0x08000900
                0x20000000                . = ALIGN (0x4)
                0x20000000                _sdata = .
 *(.data)
 *(.data*)
 .data.GPIO_Arr
                0x20000000       0x24 src\GPIO.o
                0x20000000                GPIO_Arr
 .data.GPIO_PinConfigArray
                0x20000024        0xc src\GPIO_lcfg.o
                0x20000024                GPIO_PinConfigArray
                0x20000030                . = ALIGN (0x4)
                0x20000030                _edata = .
                0x08000930                _siccmram = LOADADDR (.ccmram)

.igot.plt       0x20000030        0x0 load address 0x08000930
 .igot.plt      0x20000030        0x0 g:/truestudio for stm32 9.3.0/armtools/bin/../lib/gcc/arm-atollic-eabi/6.3.1/armv7e-m/fpu/crtbegin.o

.ccmram         0x10000000        0x0 load address 0x08000930
                0x10000000                . = ALIGN (0x4)
                0x10000000                _sccmram = .
 *(.ccmram)
 *(.ccmram*)
                0x10000000                . = ALIGN (0x4)
                0x10000000                _eccmram = .
                0x10000000                . = ALIGN (0x4)

.bss            0x20000030       0x1c
                0x20000030                _sbss = .
                0x20000030                __bss_start__ = _sbss
 *(.bss)
 .bss           0x20000030       0x1c g:/truestudio for stm32 9.3.0/armtools/bin/../lib/gcc/arm-atollic-eabi/6.3.1/armv7e-m/fpu/crtbegin.o
 *(.bss*)
 *(COMMON)
                0x2000004c                . = ALIGN (0x4)
                0x2000004c                _ebss = .
                0x2000004c                __bss_end__ = _ebss

._user_heap_stack
                0x2000004c      0x400
                0x2000004c                . = ALIGN (0x4)
                [!provide]                PROVIDE (end, .)
                [!provide]                PROVIDE (_end, .)
                0x2000004c                . = (. + _Min_Heap_Size)
                0x2000044c                . = (. + _Min_Stack_Size)
 *fill*         0x2000004c      0x400 
                0x2000044c                . = ALIGN (0x4)

.memory_b1_text
 *(.mb1text)
 *(.mb1text*)
 *(.mb1rodata)
 *(.mb1rodata*)

/DISCARD/
 libc.a(*)
 libm.a(*)
 libgcc.a(*)

.ARM.attributes
                0x00000000       0x30
 *(.ARM.attributes)
 .ARM.attributes
                0x00000000       0x22 g:/truestudio for stm32 9.3.0/armtools/bin/../lib/gcc/arm-atollic-eabi/6.3.1/armv7e-m/fpu/crti.o
 .ARM.attributes
                0x00000022       0x34 g:/truestudio for stm32 9.3.0/armtools/bin/../lib/gcc/arm-atollic-eabi/6.3.1/armv7e-m/fpu/crtbegin.o
 .ARM.attributes
                0x00000056       0x39 src\GPIO.o
 .ARM.attributes
                0x0000008f       0x39 src\GPIO_lcfg.o
 .ARM.attributes
                0x000000c8       0x39 src\main.o
 .ARM.attributes
                0x00000101       0x21 src\startup_stm32f40xx.o
 .ARM.attributes
                0x00000122       0x39 src\stm32f4xx_it.o
 .ARM.attributes
                0x0000015b       0x39 src\system_stm32f4xx.o
 .ARM.attributes
                0x00000194       0x34 g:/truestudio for stm32 9.3.0/armtools/bin/../lib/gcc/arm-atollic-eabi/6.3.1/../../../../arm-atollic-eabi/lib/armv7e-m/fpu\libc_nano.a(lib_a-init.o)
 .ARM.attributes
                0x000001c8       0x22 g:/truestudio for stm32 9.3.0/armtools/bin/../lib/gcc/arm-atollic-eabi/6.3.1/armv7e-m/fpu/crtn.o
OUTPUT(UART_Driver_Optimized.elf elf32-littlearm)

.debug_info     0x00000000     0x131a
 .debug_info    0x00000000      0x835 src\GPIO.o
 .debug_info    0x00000835      0x105 src\GPIO_lcfg.o
 .debug_info    0x0000093a      0x21c src\main.o
 .debug_info    0x00000b56       0x93 src\startup_stm32f40xx.o
 .debug_info    0x00000be9      0x154 src\stm32f4xx_it.o
 .debug_info    0x00000d3d      0x5dd src\system_stm32f4xx.o

.debug_abbrev   0x00000000      0x510
 .debug_abbrev  0x00000000      0x1e0 src\GPIO.o
 .debug_abbrev  0x000001e0       0x7f src\GPIO_lcfg.o
 .debug_abbrev  0x0000025f       0xcf src\main.o
 .debug_abbrev  0x0000032e       0x12 src\startup_stm32f40xx.o
 .debug_abbrev  0x00000340       0x78 src\stm32f4xx_it.o
 .debug_abbrev  0x000003b8      0x158 src\system_stm32f4xx.o

.debug_aranges  0x00000000      0x160
 .debug_aranges
                0x00000000       0x70 src\GPIO.o
 .debug_aranges
                0x00000070       0x18 src\GPIO_lcfg.o
 .debug_aranges
                0x00000088       0x20 src\main.o
 .debug_aranges
                0x000000a8       0x28 src\startup_stm32f40xx.o
 .debug_aranges
                0x000000d0       0x60 src\stm32f4xx_it.o
 .debug_aranges
                0x00000130       0x30 src\system_stm32f4xx.o

.debug_ranges   0x00000000      0x100
 .debug_ranges  0x00000000       0x60 src\GPIO.o
 .debug_ranges  0x00000060       0x10 src\main.o
 .debug_ranges  0x00000070       0x20 src\startup_stm32f40xx.o
 .debug_ranges  0x00000090       0x50 src\stm32f4xx_it.o
 .debug_ranges  0x000000e0       0x20 src\system_stm32f4xx.o

.debug_line     0x00000000      0x94b
 .debug_line    0x00000000      0x2e7 src\GPIO.o
 .debug_line    0x000002e7       0xef src\GPIO_lcfg.o
 .debug_line    0x000003d6      0x12b src\main.o
 .debug_line    0x00000501       0x7a src\startup_stm32f40xx.o
 .debug_line    0x0000057b      0x1ef src\stm32f4xx_it.o
 .debug_line    0x0000076a      0x1e1 src\system_stm32f4xx.o

.debug_str      0x00000000      0x78c
 .debug_str     0x00000000      0x549 src\GPIO.o
                                0x5ab (size before relaxing)
 .debug_str     0x00000549       0x13 src\GPIO_lcfg.o
                                0x251 (size before relaxing)
 .debug_str     0x0000055c       0x13 src\main.o
                                0x2c8 (size before relaxing)
 .debug_str     0x0000056f       0xcd src\stm32f4xx_it.o
                                0x290 (size before relaxing)
 .debug_str     0x0000063c      0x150 src\system_stm32f4xx.o
                                0x423 (size before relaxing)

.comment        0x00000000       0x7c
 .comment       0x00000000       0x7c src\GPIO.o
                                 0x7d (size before relaxing)
 .comment       0x0000007c       0x7d src\GPIO_lcfg.o
 .comment       0x0000007c       0x7d src\main.o
 .comment       0x0000007c       0x7d src\stm32f4xx_it.o
 .comment       0x0000007c       0x7d src\system_stm32f4xx.o

.debug_frame    0x00000000      0x3b0
 .debug_frame   0x00000000      0x1c8 src\GPIO.o
 .debug_frame   0x000001c8       0x30 src\main.o
 .debug_frame   0x000001f8      0x110 src\stm32f4xx_it.o
 .debug_frame   0x00000308       0x7c src\system_stm32f4xx.o
 .debug_frame   0x00000384       0x2c g:/truestudio for stm32 9.3.0/armtools/bin/../lib/gcc/arm-atollic-eabi/6.3.1/../../../../arm-atollic-eabi/lib/armv7e-m/fpu\libc_nano.a(lib_a-init.o)

.stabstr        0x00000000       0x3f
 .stabstr       0x00000000       0x3f g:/truestudio for stm32 9.3.0/armtools/bin/../lib/gcc/arm-atollic-eabi/6.3.1/../../../../arm-atollic-eabi/lib/armv7e-m/fpu\libnosys.a(write.o)

Cross Reference Table

Symbol                                            File
ADC_IRQHandler                                    src\startup_stm32f40xx.o
AHBPrescTable                                     src\system_stm32f4xx.o
AHB_PreScaler                                     src\RCC_Driver.o
APB1_PreScaler                                    src\RCC_Driver.o
BusFault_Handler                                  src\stm32f4xx_it.o
                                                  src\startup_stm32f40xx.o
CAN1_RX0_IRQHandler                               src\startup_stm32f40xx.o
CAN1_RX1_IRQHandler                               src\startup_stm32f40xx.o
CAN1_SCE_IRQHandler                               src\startup_stm32f40xx.o
CAN1_TX_IRQHandler                                src\startup_stm32f40xx.o
CAN2_RX0_IRQHandler                               src\startup_stm32f40xx.o
CAN2_RX1_IRQHandler                               src\startup_stm32f40xx.o
CAN2_SCE_IRQHandler                               src\startup_stm32f40xx.o
CAN2_TX_IRQHandler                                src\startup_stm32f40xx.o
CRYP_IRQHandler                                   src\startup_stm32f40xx.o
DCMI_IRQHandler                                   src\startup_stm32f40xx.o
DMA1_Stream0_IRQHandler                           src\startup_stm32f40xx.o
DMA1_Stream1_IRQHandler                           src\startup_stm32f40xx.o
DMA1_Stream2_IRQHandler                           src\startup_stm32f40xx.o
DMA1_Stream3_IRQHandler                           src\startup_stm32f40xx.o
DMA1_Stream4_IRQHandler                           src\startup_stm32f40xx.o
DMA1_Stream5_IRQHandler                           src\startup_stm32f40xx.o
DMA1_Stream6_IRQHandler                           src\startup_stm32f40xx.o
DMA1_Stream7_IRQHandler                           src\startup_stm32f40xx.o
DMA2_Stream0_IRQHandler                           src\startup_stm32f40xx.o
DMA2_Stream1_IRQHandler                           src\startup_stm32f40xx.o
DMA2_Stream2_IRQHandler                           src\startup_stm32f40xx.o
DMA2_Stream3_IRQHandler                           src\startup_stm32f40xx.o
DMA2_Stream4_IRQHandler                           src\startup_stm32f40xx.o
DMA2_Stream5_IRQHandler                           src\startup_stm32f40xx.o
DMA2_Stream6_IRQHandler                           src\startup_stm32f40xx.o
DMA2_Stream7_IRQHandler                           src\startup_stm32f40xx.o
DebugMon_Handler                                  src\stm32f4xx_it.o
                                                  src\startup_stm32f40xx.o
Default_Handler                                   src\startup_stm32f40xx.o
ETH_IRQHandler                                    src\startup_stm32f40xx.o
ETH_WKUP_IRQHandler                               src\startup_stm32f40xx.o
EXTI0_IRQHandler                                  src\startup_stm32f40xx.o
EXTI15_10_IRQHandler                              src\startup_stm32f40xx.o
EXTI1_IRQHandler                                  src\startup_stm32f40xx.o
EXTI2_IRQHandler                                  src\startup_stm32f40xx.o
EXTI3_IRQHandler                                  src\startup_stm32f40xx.o
EXTI4_IRQHandler                                  src\startup_stm32f40xx.o
EXTI9_5_IRQHandler                                src\startup_stm32f40xx.o
FLASH_IRQHandler                                  src\startup_stm32f40xx.o
FPU_IRQHandler                                    src\startup_stm32f40xx.o
FSMC_IRQHandler                                   src\startup_stm32f40xx.o
GPIO_Arr                                          src\GPIO.o
GPIO_DeInit                                       src\GPIO.o
GPIO_IRQConfig                                    src\GPIO.o
GPIO_IRQHandling                                  src\GPIO.o
GPIO_IRQPriorityConfig                            src\GPIO.o
GPIO_Init                                         src\GPIO.o
                                                  src\main.o
GPIO_PinConfigArray                               src\GPIO_lcfg.o
                                                  src\main.o
                                                  src\GPIO.o
GPIO_ReadInputPin                                 src\GPIO.o
GPIO_ReadInputPort                                src\GPIO.o
GPIO_ToggleOutputPin                              src\GPIO.o
GPIO_WriteOutputPin                               src\GPIO.o
                                                  src\main.o
GPIO_WriteOutputPort                              src\GPIO.o
HASH_RNG_IRQHandler                               src\startup_stm32f40xx.o
HardFault_Handler                                 src\stm32f4xx_it.o
                                                  src\startup_stm32f40xx.o
I2C1_ER_IRQHandler                                src\startup_stm32f40xx.o
I2C1_EV_IRQHandler                                src\startup_stm32f40xx.o
I2C2_ER_IRQHandler                                src\startup_stm32f40xx.o
I2C2_EV_IRQHandler                                src\startup_stm32f40xx.o
I2C3_ER_IRQHandler                                src\startup_stm32f40xx.o
I2C3_EV_IRQHandler                                src\startup_stm32f40xx.o
MemManage_Handler                                 src\stm32f4xx_it.o
                                                  src\startup_stm32f40xx.o
NMI_Handler                                       src\stm32f4xx_it.o
                                                  src\startup_stm32f40xx.o
OTG_FS_IRQHandler                                 src\startup_stm32f40xx.o
OTG_FS_WKUP_IRQHandler                            src\startup_stm32f40xx.o
OTG_HS_EP1_IN_IRQHandler                          src\startup_stm32f40xx.o
OTG_HS_EP1_OUT_IRQHandler                         src\startup_stm32f40xx.o
OTG_HS_IRQHandler                                 src\startup_stm32f40xx.o
OTG_HS_WKUP_IRQHandler                            src\startup_stm32f40xx.o
PVD_IRQHandler                                    src\startup_stm32f40xx.o
PendSV_Handler                                    src\stm32f4xx_it.o
                                                  src\startup_stm32f40xx.o
RCC_GetPCLK1Value                                 src\RCC_Driver.o
                                                  src\UART_Driver.o
RCC_GetPCLK2Value                                 src\RCC_Driver.o
                                                  src\UART_Driver.o
RCC_GetPLLOutputClock                             src\RCC_Driver.o
RCC_IRQHandler                                    src\startup_stm32f40xx.o
RTC_Alarm_IRQHandler                              src\startup_stm32f40xx.o
RTC_WKUP_IRQHandler                               src\startup_stm32f40xx.o
Reset_Handler                                     src\startup_stm32f40xx.o
SDIO_IRQHandler                                   src\startup_stm32f40xx.o
SPI1_IRQHandler                                   src\startup_stm32f40xx.o
SPI2_IRQHandler                                   src\startup_stm32f40xx.o
SPI3_IRQHandler                                   src\startup_stm32f40xx.o
SVC_Handler                                       src\stm32f4xx_it.o
                                                  src\startup_stm32f40xx.o
SysTick_Handler                                   src\stm32f4xx_it.o
                                                  src\startup_stm32f40xx.o
SystemCoreClock                                   src\system_stm32f4xx.o
SystemCoreClockUpdate                             src\system_stm32f4xx.o
SystemInit                                        src\system_stm32f4xx.o
                                                  src\startup_stm32f40xx.o
TAMP_STAMP_IRQHandler                             src\startup_stm32f40xx.o
TIM1_BRK_TIM9_IRQHandler                          src\startup_stm32f40xx.o
TIM1_CC_IRQHandler                                src\startup_stm32f40xx.o
TIM1_TRG_COM_TIM11_IRQHandler                     src\startup_stm32f40xx.o
TIM1_UP_TIM10_IRQHandler                          src\startup_stm32f40xx.o
TIM2_IRQHandler                                   src\startup_stm32f40xx.o
TIM3_IRQHandler                                   src\startup_stm32f40xx.o
TIM4_IRQHandler                                   src\startup_stm32f40xx.o
TIM5_IRQHandler                                   src\startup_stm32f40xx.o
TIM6_DAC_IRQHandler                               src\startup_stm32f40xx.o
TIM7_IRQHandler                                   src\startup_stm32f40xx.o
TIM8_BRK_TIM12_IRQHandler                         src\startup_stm32f40xx.o
TIM8_CC_IRQHandler                                src\startup_stm32f40xx.o
TIM8_TRG_COM_TIM14_IRQHandler                     src\startup_stm32f40xx.o
TIM8_UP_TIM13_IRQHandler                          src\startup_stm32f40xx.o
UART4_IRQHandler                                  src\startup_stm32f40xx.o
UART5_IRQHandler                                  src\startup_stm32f40xx.o
USART1_IRQHandler                                 src\startup_stm32f40xx.o
USART2_IRQHandler                                 src\startup_stm32f40xx.o
USART3_IRQHandler                                 src\startup_stm32f40xx.o
USART6_IRQHandler                                 src\startup_stm32f40xx.o
USART_GetFlagStatus                               src\UART_Driver.o
USART_Init                                        src\UART_Driver.o
USART_PeriClockControl                            src\UART_Driver.o
USART_PeripheralControl                           src\UART_Driver.o
USART_ReceiveData                                 src\UART_Driver.o
USART_ReceiveDataIT                               src\UART_Driver.o
USART_SendData                                    src\UART_Driver.o
USART_SendDataIT                                  src\UART_Driver.o
USART_SetBaudRate                                 src\UART_Driver.o
UsageFault_Handler                                src\stm32f4xx_it.o
                                                  src\startup_stm32f40xx.o
WWDG_IRQHandler                                   src\startup_stm32f40xx.o
__deregister_frame_info                           g:/truestudio for stm32 9.3.0/armtools/bin/../lib/gcc/arm-atollic-eabi/6.3.1/armv7e-m/fpu/crtbegin.o
__dso_handle                                      g:/truestudio for stm32 9.3.0/armtools/bin/../lib/gcc/arm-atollic-eabi/6.3.1/armv7e-m/fpu/crtbegin.o
__init_array_end                                  g:/truestudio for stm32 9.3.0/armtools/bin/../lib/gcc/arm-atollic-eabi/6.3.1/../../../../arm-atollic-eabi/lib/armv7e-m/fpu\libc_nano.a(lib_a-init.o)
__init_array_start                                g:/truestudio for stm32 9.3.0/armtools/bin/../lib/gcc/arm-atollic-eabi/6.3.1/../../../../arm-atollic-eabi/lib/armv7e-m/fpu\libc_nano.a(lib_a-init.o)
__libc_init_array                                 g:/truestudio for stm32 9.3.0/armtools/bin/../lib/gcc/arm-atollic-eabi/6.3.1/../../../../arm-atollic-eabi/lib/armv7e-m/fpu\libc_nano.a(lib_a-init.o)
                                                  src\startup_stm32f40xx.o
__preinit_array_end                               g:/truestudio for stm32 9.3.0/armtools/bin/../lib/gcc/arm-atollic-eabi/6.3.1/../../../../arm-atollic-eabi/lib/armv7e-m/fpu\libc_nano.a(lib_a-init.o)
__preinit_array_start                             g:/truestudio for stm32 9.3.0/armtools/bin/../lib/gcc/arm-atollic-eabi/6.3.1/../../../../arm-atollic-eabi/lib/armv7e-m/fpu\libc_nano.a(lib_a-init.o)
__register_frame_info                             g:/truestudio for stm32 9.3.0/armtools/bin/../lib/gcc/arm-atollic-eabi/6.3.1/armv7e-m/fpu/crtbegin.o
_ebss                                             src\startup_stm32f40xx.o
_edata                                            src\startup_stm32f40xx.o
_estack                                           src\startup_stm32f40xx.o
_fini                                             g:/truestudio for stm32 9.3.0/armtools/bin/../lib/gcc/arm-atollic-eabi/6.3.1/armv7e-m/fpu/crti.o
_init                                             g:/truestudio for stm32 9.3.0/armtools/bin/../lib/gcc/arm-atollic-eabi/6.3.1/armv7e-m/fpu/crti.o
                                                  g:/truestudio for stm32 9.3.0/armtools/bin/../lib/gcc/arm-atollic-eabi/6.3.1/../../../../arm-atollic-eabi/lib/armv7e-m/fpu\libc_nano.a(lib_a-init.o)
_sbss                                             src\startup_stm32f40xx.o
_sdata                                            src\startup_stm32f40xx.o
_sidata                                           src\startup_stm32f40xx.o
_write                                            g:/truestudio for stm32 9.3.0/armtools/bin/../lib/gcc/arm-atollic-eabi/6.3.1/../../../../arm-atollic-eabi/lib/armv7e-m/fpu\libnosys.a(write.o)
                                                  src\tiny_printf.o
errno                                             g:/truestudio for stm32 9.3.0/armtools/bin/../lib/gcc/arm-atollic-eabi/6.3.1/../../../../arm-atollic-eabi/lib/armv7e-m/fpu\libnosys.a(errno.o)
                                                  g:/truestudio for stm32 9.3.0/armtools/bin/../lib/gcc/arm-atollic-eabi/6.3.1/../../../../arm-atollic-eabi/lib/armv7e-m/fpu\libnosys.a(write.o)
fiprintf                                          src\tiny_printf.o
fprintf                                           src\tiny_printf.o
fputs                                             src\tiny_printf.o
fwrite                                            src\tiny_printf.o
g_pfnVectors                                      src\startup_stm32f40xx.o
iprintf                                           src\tiny_printf.o
main                                              src\main.o
                                                  src\startup_stm32f40xx.o
printf                                            src\tiny_printf.o
puts                                              src\tiny_printf.o
siprintf                                          src\tiny_printf.o
sprintf                                           src\tiny_printf.o
strlen                                            g:/truestudio for stm32 9.3.0/armtools/bin/../lib/gcc/arm-atollic-eabi/6.3.1/../../../../arm-atollic-eabi/lib/armv7e-m/fpu\libc_nano.a(lib_a-strlen.o)
                                                  src\tiny_printf.o
ts_formatlength                                   src\tiny_printf.o
ts_formatstring                                   src\tiny_printf.o
ts_itoa                                           src\tiny_printf.o
